Component: ARM Compiler 5.06 update 6 (build 750) Tool: armlink [4d35ed]

==============================================================================

Section Cross References

    main.o(i.BluetoothMode) refers to stm32f10x_usart.o(i.USART_GetITStatus) for USART_GetITStatus
    main.o(i.BluetoothMode) refers to stm32f10x_usart.o(i.USART_ReceiveData) for USART_ReceiveData
    main.o(i.BluetoothMode) refers to printf5.o(i.__0printf$5) for __2printf
    main.o(i.BluetoothMode) refers to main.o(i.ConnectBLE) for ConnectBLE
    main.o(i.BluetoothMode) refers to main.o(i.sendUart) for sendUart
    main.o(i.BluetoothMode) refers to stm32f10x_gpio.o(i.GPIO_ResetBits) for GPIO_ResetBits
    main.o(i.BluetoothMode) refers to main.o(i.Delay) for Delay
    main.o(i.BluetoothMode) refers to main.o(i.cell_sentdata) for cell_sentdata
    main.o(i.BluetoothMode) refers to stm32f10x_gpio.o(i.GPIO_SetBits) for GPIO_SetBits
    main.o(i.BluetoothMode) refers to main.o(.data) for hexbuffer
    main.o(i.BluetoothMode) refers to main.o(.bss) for BLEConBuffer
    main.o(i.ConnectBLE) refers to stm32f10x_usart.o(i.USART_SendData) for USART_SendData
    main.o(i.ConnectBLE) refers to stm32f10x_usart.o(i.USART_GetFlagStatus) for USART_GetFlagStatus
    main.o(i.ConnectBLE) refers to main.o(.data) for connectData
    main.o(i.DeleteFile) refers to printf5.o(i.__0printf$5) for __2printf
    main.o(i.DeleteFile) refers to main.o(i.SendCH370) for SendCH370
    main.o(i.DeleteFile) refers to systick.o(i.delay_ms) for delay_ms
    main.o(i.DeleteFile) refers to main.o(i.setFilename) for setFilename
    main.o(i.DeleteFile) refers to stm32f10x_usart.o(i.USART_GetITStatus) for USART_GetITStatus
    main.o(i.DeleteFile) refers to stm32f10x_usart.o(i.USART_ReceiveData) for USART_ReceiveData
    main.o(i.DeleteFile) refers to main.o(.data) for command_
    main.o(i.DeleteFolder) refers to printf5.o(i.__0printf$5) for __2printf
    main.o(i.DeleteFolder) refers to main.o(i.SendCH370) for SendCH370
    main.o(i.DeleteFolder) refers to systick.o(i.delay_ms) for delay_ms
    main.o(i.DeleteFolder) refers to main.o(i.upperASCII) for upperASCII
    main.o(i.DeleteFolder) refers to main.o(i.setFoldername) for setFoldername
    main.o(i.DeleteFolder) refers to stm32f10x_usart.o(i.USART_GetITStatus) for USART_GetITStatus
    main.o(i.DeleteFolder) refers to stm32f10x_usart.o(i.USART_ReceiveData) for USART_ReceiveData
    main.o(i.DeleteFolder) refers to main.o(.data) for command_
    main.o(i.DeleteFolder) refers to main.o(.bss) for buffascii
    main.o(i.Flash_ReadWriteByte2) refers to stm32f10x_spi.o(i.SPI_I2S_GetFlagStatus) for SPI_I2S_GetFlagStatus
    main.o(i.Flash_ReadWriteByte2) refers to stm32f10x_spi.o(i.SPI_I2S_SendData) for SPI_I2S_SendData
    main.o(i.Flash_ReadWriteByte2) refers to stm32f10x_spi.o(i.SPI_I2S_ReceiveData) for SPI_I2S_ReceiveData
    main.o(i.GPIO_Configuration) refers to stm32f10x_rcc.o(i.RCC_APB2PeriphClockCmd) for RCC_APB2PeriphClockCmd
    main.o(i.GPIO_Configuration) refers to stm32f10x_gpio.o(i.GPIO_Init) for GPIO_Init
    main.o(i.Init_SPI) refers to stm32f10x_rcc.o(i.RCC_APB2PeriphClockCmd) for RCC_APB2PeriphClockCmd
    main.o(i.Init_SPI) refers to stm32f10x_gpio.o(i.GPIO_Init) for GPIO_Init
    main.o(i.Init_SPI) refers to stm32f10x_gpio.o(i.GPIO_SetBits) for GPIO_SetBits
    main.o(i.Init_SPI) refers to stm32f10x_spi.o(i.SPI_Cmd) for SPI_Cmd
    main.o(i.Init_SPI) refers to stm32f10x_spi.o(i.SPI_I2S_ClearFlag) for SPI_I2S_ClearFlag
    main.o(i.MainPrograme) refers to main.o(i.keyRead) for keyRead
    main.o(i.MainPrograme) refers to printf5.o(i.__0printf$5) for __2printf
    main.o(i.MainPrograme) refers to main.o(i.notepad_main) for notepad_main
    main.o(i.MainPrograme) refers to main.o(i.searchFile2) for searchFile2
    main.o(i.MainPrograme) refers to stm32f10x_gpio.o(i.GPIO_SetBits) for GPIO_SetBits
    main.o(i.MainPrograme) refers to systick.o(i.delay_ms) for delay_ms
    main.o(i.MainPrograme) refers to main.o(i.getBluetoothName) for getBluetoothName
    main.o(i.MainPrograme) refers to strcpy.o(.text) for strcpy
    main.o(i.MainPrograme) refers to strlen.o(.text) for strlen
    main.o(i.MainPrograme) refers to main.o(i.stringToUnicodeAndSendToDisplay) for stringToUnicodeAndSendToDisplay
    main.o(i.MainPrograme) refers to main.o(i.BluetoothMode) for BluetoothMode
    main.o(i.MainPrograme) refers to main.o(i.keyboardMode) for keyboardMode
    main.o(i.MainPrograme) refers to main.o(i.mode4) for mode4
    main.o(i.MainPrograme) refers to main.o(.data) for doing
    main.o(i.MainPrograme) refers to main.o(.bss) for bluetoothNambuffer
    main.o(i.MemSize) refers to printf5.o(i.__0printf$5) for __2printf
    main.o(i.NextFile) refers to main.o(i.SendCH370) for SendCH370
    main.o(i.NextFile) refers to systick.o(i.delay_ms) for delay_ms
    main.o(i.NextFile) refers to main.o(.data) for enumgo
    main.o(i.PrepareText) refers to memseta.o(.text) for __aeabi_memclr
[...]
    .text                                    0x08000208   Section        0  strncpy.o(.text)
    .text                                    0x08000220   Section        0  strlen.o(.text)
    .text                                    0x0800022e   Section        0  strcmp.o(.text)
    .text                                    0x0800024a   Section        0  strcpy.o(.text)
    .text                                    0x0800025c   Section        0  atoi.o(.text)
    .text                                    0x08000276   Section        0  uldiv.o(.text)
    .text                                    0x080002d8   Section        0  strtol.o(.text)
    .text                                    0x08000348   Section       36  init.o(.text)
    .text                                    0x0800036c   Section        0  llshl.o(.text)
    .text                                    0x0800038a   Section        0  llushr.o(.text)
    .text                                    0x080003ac   Section        0  ctype_o.o(.text)
    .text                                    0x080003b4   Section        0  _strtoul.o(.text)
    .text                                    0x08000452   Section        0  _chval.o(.text)
    .text                                    0x0800046e   Section        0  __dczerorl2.o(.text)
    i.BluetoothMode                          0x080004c4   Section        0  main.o(i.BluetoothMode)
    i.BusFault_Handler                       0x08000684   Section        0  stm32f10x_it.o(i.BusFault_Handler)
    i.ConnectBLE                             0x08000688   Section        0  main.o(i.ConnectBLE)
    i.DebugMon_Handler                       0x080006b8   Section        0  stm32f10x_it.o(i.DebugMon_Handler)
    i.Delay                                  0x080006ba   Section        0  main.o(i.Delay)
    i.DeleteFile                             0x080006c4   Section        0  main.o(i.DeleteFile)
    i.DeleteFolder                           0x080008e4   Section        0  main.o(i.DeleteFolder)
    i.Flash_ReadWriteByte2                   0x08000afc   Section        0  main.o(i.Flash_ReadWriteByte2)
    i.GPIO_Configuration                     0x08000b24   Section        0  main.o(i.GPIO_Configuration)
    i.GPIO_Init                              0x08000b48   Section        0  stm32f10x_gpio.o(i.GPIO_Init)
    i.GPIO_ResetBits                         0x08000c5e   Section        0  stm32f10x_gpio.o(i.GPIO_ResetBits)
    i.GPIO_SetBits                           0x08000c62   Section        0  stm32f10x_gpio.o(i.GPIO_SetBits)
    i.HardFault_Handler                      0x08000c66   Section        0  stm32f10x_it.o(i.HardFault_Handler)
    i.Init_SPI                               0x08000c6c   Section        0  main.o(i.Init_SPI)
    i.MainPrograme                           0x08000d00   Section        0  main.o(i.MainPrograme)
    i.MemManage_Handler                      0x08000df0   Section        0  stm32f10x_it.o(i.MemManage_Handler)
    i.MemSize                                0x08000df4   Section        0  main.o(i.MemSize)
    i.NMI_Handler                            0x08000ed0   Section        0  stm32f10x_it.o(i.NMI_Handler)
    i.PendSV_Handler                         0x08000ed2   Section        0  stm32f10x_it.o(i.PendSV_Handler)
    i.PrepareText                            0x08000ed4   Section        0  main.o(i.PrepareText)
    i.RCC_APB1PeriphClockCmd                 0x08000f78   Section        0  stm32f10x_rcc.o(i.RCC_APB1PeriphClockCmd)
    i.RCC_APB2PeriphClockCmd                 0x08000f98   Section        0  stm32f10x_rcc.o(i.RCC_APB2PeriphClockCmd)
    i.RCC_GetClocksFreq                      0x08000fb8   Section        0  stm32f10x_rcc.o(i.RCC_GetClocksFreq)
    i.SPI_Cmd                                0x0800108c   Section        0  stm32f10x_spi.o(i.SPI_Cmd)
    i.SPI_Flash_ReadByte                     0x080010a4   Section        0  spi_flash.o(i.SPI_Flash_ReadByte)
    i.SPI_Flash_SendByte                     0x080010b0   Section        0  spi_flash.o(i.SPI_Flash_SendByte)
    i.SPI_I2S_ClearFlag                      0x080010e8   Section        0  stm32f10x_spi.o(i.SPI_I2S_ClearFlag)
    i.SPI_I2S_GetFlagStatus                  0x080010ee   Section        0  stm32f10x_spi.o(i.SPI_I2S_GetFlagStatus)
    i.SPI_I2S_ReceiveData                    0x08001100   Section        0  stm32f10x_spi.o(i.SPI_I2S_ReceiveData)
    i.SPI_I2S_SendData                       0x08001106   Section        0  stm32f10x_spi.o(i.SPI_I2S_SendData)
    i.SPI_Init                               0x0800110a   Section        0  stm32f10x_spi.o(i.SPI_Init)
    i.SST25_R_BLOCK                          0x08001148   Section        0  spi_flash.o(i.SST25_R_BLOCK)
    i.SST25_W_BLOCK                          0x08001198   Section        0  spi_flash.o(i.SST25_W_BLOCK)
    i.SVC_Handler                            0x08001248   Section        0  stm32f10x_it.o(i.SVC_Handler)
    i.SendCH370                              0x0800124c   Section        0  main.o(i.SendCH370)
    i.SendCommandToBLE                       0x0800127c   Section        0  main.o(i.SendCommandToBLE)
    i.SetSysClock                            0x080012b0   Section        0  system_stm32f10x.o(i.SetSysClock)
    SetSysClock                              0x080012b1   Thumb Code     8  system_stm32f10x.o(i.SetSysClock)
    i.SetSysClockTo72                        0x080012b8   Section        0  system_stm32f10x.o(i.SetSysClockTo72)
    SetSysClockTo72                          0x080012b9   Thumb Code   214  system_stm32f10x.o(i.SetSysClockTo72)
    i.StoreLine                              0x08001398   Section        0  main.o(i.StoreLine)
    i.SysTick_CLKSourceConfig                0x08001404   Section        0  misc.o(i.SysTick_CLKSourceConfig)
    i.SysTick_CounterCmd                     0x0800142c   Section        0  stm32f10x_systick.o(i.SysTick_CounterCmd)
    i.SysTick_GetFlagStatus                  0x08001462   Section        0  stm32f10x_systick.o(i.SysTick_GetFlagStatus)
    i.SysTick_Handler                        0x08001490   Section        0  stm32f10x_it.o(i.SysTick_Handler)
    i.SysTick_ITConfig                       0x08001492   Section        0  stm32f10x_systick.o(i.SysTick_ITConfig)
    i.SysTick_SetReload                      0x080014b8   Section        0  stm32f10x_systick.o(i.SysTick_SetReload)
    i.SystemInit                             0x080014c0   Section        0  system_stm32f10x.o(i.SystemInit)
    i.UART4_Configuration                    0x08001520   Section        0  main.o(i.UART4_Configuration)
    i.USART1_Configuration                   0x080015e0   Section        0  main.o(i.USART1_Configuration)
    i.USART2_Configuration                   0x08001680   Section        0  main.o(i.USART2_Configuration)
    i.USART3_Configuration                   0x08001724   Section        0  main.o(i.USART3_Configuration)
    i.USART_ClearFlag                        0x080017cc   Section        0  stm32f10x_usart.o(i.USART_ClearFlag)
    i.USART_Cmd                              0x080017de   Section        0  stm32f10x_usart.o(i.USART_Cmd)
    i.USART_GetFlagStatus                    0x080017f6   Section        0  stm32f10x_usart.o(i.USART_GetFlagStatus)
    i.USART_GetITStatus                      0x08001810   Section        0  stm32f10x_usart.o(i.USART_GetITStatus)
    i.USART_ITConfig                         0x08001864   Section        0  stm32f10x_usart.o(i.USART_ITConfig)
    i.USART_Init                             0x080018b0   Section        0  stm32f10x_usart.o(i.USART_Init)
    i.USART_ReceiveData                      0x08001988   Section        0  stm32f10x_usart.o(i.USART_ReceiveData)
    i.USART_SendData                         0x08001992   Section        0  stm32f10x_usart.o(i.USART_SendData)
    i.UsageFault_Handler                     0x0800199a   Section        0  stm32f10x_it.o(i.UsageFault_Handler)
    i.__0printf$5                            0x080019a0   Section        0  printf5.o(i.__0printf$5)
    i.__0sprintf$5                           0x080019c0   Section        0  printf5.o(i.__0sprintf$5)
    i.__aeabi_errno_addr                     0x080019e8   Section        0  errno.o(i.__aeabi_errno_addr)
    i.__scatterload_copy                     0x080019f0   Section       14  handlers.o(i.__scatterload_copy)
    i.__scatterload_null                     0x080019fe   Section        2  handlers.o(i.__scatterload_null)
    i.__scatterload_zeroinit                 0x08001a00   Section       14  handlers.o(i.__scatterload_zeroinit)
    i._printf_core                           0x08001a10   Section        0  printf5.o(i._printf_core)
    _printf_core                             0x08001a11   Thumb Code   658  printf5.o(i._printf_core)
    i._sputc                                 0x08001cd0   Section        0  printf5.o(i._sputc)
    _sputc                                   0x08001cd1   Thumb Code    10  printf5.o(i._sputc)
    i.beep2                                  0x08001cdc   Section        0  main.o(i.beep2)
    i.beep4                                  0x08001cf4   Section        0  main.o(i.beep4)
    i.beep5                                  0x08001d0c   Section        0  main.o(i.beep5)
    i.beepError                              0x08001d24   Section        0  main.o(i.beepError)
    i.caseMenu                               0x08001d30   Section        0  main.o(i.caseMenu)
    i.cell_sentdata                          0x08001d84   Section        0  main.o(i.cell_sentdata)
    i.checkBit                               0x08001d90   Section        0  main.o(i.checkBit)
    i.clearDot                               0x08001da8   Section        0  main.o(i.clearDot)
    i.clearKeyValue                          0x08001df4   Section        0  main.o(i.clearKeyValue)
    i.clearReadlineInsector                  0x08001e10   Section        0  main.o(i.clearReadlineInsector)
    i.configDisplay                          0x08001e40   Section        0  main.o(i.configDisplay)
    i.configFlash                            0x08001e78   Section        0  main.o(i.configFlash)
    i.confirm                                0x08001eb0   Section        0  main.o(i.confirm)
    i.createFile                             0x08001fcc   Section        0  main.o(i.createFile)
    i.createFileAndWrite                     0x08002114   Section        0  main.o(i.createFileAndWrite)
    i.delay_init                             0x08002168   Section        0  systick.o(i.delay_init)
    i.delay_ms                               0x080021ac   Section        0  systick.o(i.delay_ms)
    i.displayPrepare                         0x08002200   Section        0  main.o(i.displayPrepare)
    i.errorBreak                             0x08002228   Section        0  main.o(i.errorBreak)
    i.ex_cdWithPath                          0x08002240   Section        0  main.o(i.ex_cdWithPath)
    i.ex_checkFileType                       0x080022cc   Section        0  main.o(i.ex_checkFileType)
    i.ex_checkSlash                          0x08002318   Section        0  main.o(i.ex_checkSlash)
    i.ex_countPath                           0x08002330   Section        0  main.o(i.ex_countPath)
    i.ex_exitOncePath                        0x08002348   Section        0  main.o(i.ex_exitOncePath)
    i.ex_openDir                             0x08002380   Section        0  main.o(i.ex_openDir)
    i.ex_savePath                            0x080024b0   Section        0  main.o(i.ex_savePath)
    i.fileName                               0x080024fc   Section        0  main.o(i.fileName)
    i.fileWrite                              0x0800265c   Section        0  main.o(i.fileWrite)
    i.findCurrentPageInArr                   0x0800281c   Section        0  main.o(i.findCurrentPageInArr)
    i.findPreviousPage                       0x08002854   Section        0  main.o(i.findPreviousPage)
    i.fputc                                  0x0800289c   Section        0  main.o(i.fputc)
    i.getBatterry                            0x08002940   Section        0  main.o(i.getBatterry)
    i.getBluetoothName                       0x08002974   Section        0  main.o(i.getBluetoothName)
    i.getFileSize                            0x08002a4c   Section        0  main.o(i.getFileSize)
    i.getMuteStatus                          0x08002b10   Section        0  main.o(i.getMuteStatus)
    i.get_CurrentLine                        0x08002b44   Section        0  main.o(i.get_CurrentLine)
    i.gotoLine_EnterLine                     0x08002b70   Section        0  main.o(i.gotoLine_EnterLine)
    i.gotoLine_getLine                       0x08002db8   Section        0  main.o(i.gotoLine_getLine)
    i.gotoLine_getSectorInline               0x08002df8   Section        0  main.o(i.gotoLine_getSectorInline)
    i.gotoLine_get_int_len                   0x08002e24   Section        0  main.o(i.gotoLine_get_int_len)
    i.initSlidingMode                        0x08002e38   Section        0  main.o(i.initSlidingMode)
    i.keyMapping                             0x08002fdc   Section        0  main.o(i.keyMapping)
    i.keyRead                                0x08003128   Section        0  main.o(i.keyRead)
    i.keyboardMode                           0x08003740   Section        0  main.o(i.keyboardMode)
    i.main                                   0x080037c8   Section        0  main.o(i.main)
    i.mainMenuDisplayMode4                   0x0800385c   Section        0  main.o(i.mainMenuDisplayMode4)
    i.malloc                                 0x080038bc   Section        0  malloc.o(i.malloc)
    i.mapCursor                              0x08003928   Section        0  main.o(i.mapCursor)
    i.mode4                                  0x08003958   Section        0  main.o(i.mode4)
    i.notepad_append                         0x08003bd8   Section        0  main.o(i.notepad_append)
    i.notepad_checkEnterSignInLine           0x08003c30   Section        0  main.o(i.notepad_checkEnterSignInLine)
    i.notepad_checkMaxLine                   0x08003c64   Section        0  main.o(i.notepad_checkMaxLine)
    i.notepad_checkenterAndpush              0x08003c9c   Section        0  main.o(i.notepad_checkenterAndpush)
    i.notepad_countEnterSign                 0x08003cf0   Section        0  main.o(i.notepad_countEnterSign)
    i.notepad_countLinewithOutLNsign         0x08003d18   Section        0  main.o(i.notepad_countLinewithOutLNsign)
    i.notepad_countStr                       0x08003d48   Section        0  main.o(i.notepad_countStr)
    i.notepad_fillEnterSign                  0x08003d60   Section        0  main.o(i.notepad_fillEnterSign)
    i.notepad_getnullPostion                 0x08003e14   Section        0  main.o(i.notepad_getnullPostion)
    i.notepad_lineIsEnter                    0x08003e24   Section        0  main.o(i.notepad_lineIsEnter)
    i.notepad_main                           0x08003e58   Section        0  main.o(i.notepad_main)
    i.notepad_readKey                        0x0800473c   Section        0  main.o(i.notepad_readKey)
    i.notepad_removeEnterSign                0x080047e0   Section        0  main.o(i.notepad_removeEnterSign)
    i.page_findNextPage                      0x080047fc   Section        0  main.o(i.page_findNextPage)
    i.prepareSD_Card                         0x0800485c   Section        0  main.o(i.prepareSD_Card)
    i.printDot                               0x08004a48   Section        0  main.o(i.printDot)
    i.printStringInLine                      0x08004ab4   Section        0  main.o(i.printStringInLine)
    i.printStringLR                          0x08004ae4   Section        0  main.o(i.printStringLR)
    i.queryLine                              0x08004b64   Section        0  main.o(i.queryLine)
    i.rdsr                                   0x08004bd0   Section        0  spi_flash.o(i.rdsr)
    i.readFileFromCH376sToFlashRom           0x08004bf8   Section        0  main.o(i.readFileFromCH376sToFlashRom)
    i.readSecter                             0x08004fc8   Section        0  main.o(i.readSecter)
    i.readmode_countLineInOneSector          0x08005000   Section        0  main.o(i.readmode_countLineInOneSector)
    i.removeChar                             0x08005068   Section        0  main.o(i.removeChar)
    i.removeDataInFileTemp                   0x08005084   Section        0  main.o(i.removeDataInFileTemp)
    i.saveName                               0x08005200   Section        0  main.o(i.saveName)
    i.searchFile2                            0x080054f4   Section        0  main.o(i.searchFile2)
    i.sect_clr                               0x0800580c   Section        0  spi_flash.o(i.sect_clr)
    i.sendCommandtoAtmega                    0x08005850   Section        0  main.o(i.sendCommandtoAtmega)
    i.sendUart                               0x08005870   Section        0  main.o(i.sendUart)
    i.sentdata_cell                          0x080058dc   Section        0  main.o(i.sentdata_cell)
    i.setFileLength                          0x080058f0   Section        0  main.o(i.setFileLength)
    i.setFileWrite                           0x08005964   Section        0  main.o(i.setFileWrite)
    i.setFilename                            0x08005990   Section        0  main.o(i.setFilename)
    i.setFoldername                          0x080059c4   Section        0  main.o(i.setFoldername)
    i.slidText2Displayv2                     0x080059f4   Section        0  main.o(i.slidText2Displayv2)
    i.stringToUnicodeAndSendToDisplay        0x08005ff8   Section        0  main.o(i.stringToUnicodeAndSendToDisplay)
    i.stringToUnicodeAndSendToDisplayC       0x080060e4   Section        0  main.o(i.stringToUnicodeAndSendToDisplayC)
    i.subStringLanR                          0x08006224   Section        0  main.o(i.subStringLanR)
    i.substringRemoveEnter2                  0x080062c4   Section        0  main.o(i.substringRemoveEnter2)
    i.sumLineInPreviousSec                   0x08006314   Section        0  main.o(i.sumLineInPreviousSec)
    i.sumLineInSector                        0x08006350   Section        0  main.o(i.sumLineInSector)
    i.testCell                               0x08006384   Section        0  main.o(i.testCell)
    i.unicode_to_ASCII                       0x080063e0   Section        0  main.o(i.unicode_to_ASCII)
    i.upperASCII                             0x08006428   Section        0  main.o(i.upperASCII)
    i.wdis                                   0x08006458   Section        0  spi_flash.o(i.wdis)
    i.wen                                    0x0800647c   Section        0  spi_flash.o(i.wen)
    i.wip                                    0x0800649c   Section        0  spi_flash.o(i.wip)
    i.writeFile4096                          0x080064b4   Section        0  main.o(i.writeFile4096)
    i.writeFlash                             0x08006574   Section        0  main.o(i.writeFlash)
    i.wsr                                    0x080065b0   Section        0  spi_flash.o(i.wsr)
    .constdata                               0x080065f0   Section       79  main.o(.constdata)
    .constdata                               0x0800663f   Section      129  ctype_o.o(.constdata)
    .constdata                               0x080066c0   Section        4  ctype_o.o(.constdata)
    table                                    0x080066c0   Data           4  ctype_o.o(.constdata)
    .conststring                             0x080066c4   Section      219  main.o(.conststring)
    .data                                    0x20000000   Section      676  main.o(.data)
    .data                                    0x200002a4   Section        5  systick.o(.data)
    delay_fac_us                             0x200002a4   Data           1  systick.o(.data)
    delay_fac_ms                             0x200002a6   Data           2  systick.o(.data)
    Status                                   0x200002a8   Data           1  systick.o(.data)
    .data                                    0x200002a9   Section       20  stm32f10x_rcc.o(.data)
    APBAHBPrescTable                         0x200002a9   Data          16  stm32f10x_rcc.o(.data)
    ADCPrescTable                            0x200002b9   Data           4  stm32f10x_rcc.o(.data)
    .data                                    0x200002c0   Section        4  stdout.o(.data)
    .data                                    0x200002c4   Section        4  mvars.o(.data)
    .data                                    0x200002c8   Section        4  mvars.o(.data)
    .data                                    0x200002cc   Section        4  errno.o(.data)
    _errno                                   0x200002cc   Data           4  errno.o(.data)
    .bss                                     0x200002d0   Section    10576  main.o(.bss)
    .bss                                     0x20002c20   Section     8192  spi_flash.o(.bss)
    HEAP                                     0x20004c20   Section      512  startup_stm32f10x_hd.o(HEAP)
    STACK                                    0x20004e20   Section     1024  startup_stm32f10x_hd.o(STACK)

    Global Symbols

    Symbol Name                              Value     Ov Type        Size  Object(Section)

    BuildAttributes$$THM_ISAv4$P$D$K$B$S$PE$A:L22UL41UL21$X:L11$S22US41US21$IEEE1$IW$USESV6$~STKCKD$USESV7$~SHL$OSPACE$ROPI$EBA8$MICROLIB$REQ8$PRES8$EABIv2 0x00000000   Number         0  anon$$obj.o ABSOLUTE
    __ARM_use_no_argv                        0x00000000   Number         0  main.o ABSOLUTE
    _printf_a                                0x00000000   Number         0  stubs.o ABSOLUTE
    _printf_c                                0x00000000   Number         0  stubs.o ABSOLUTE
    _printf_charcount                        0x00000000   Number         0  stubs.o ABSOLUTE
    _printf_d                                0x00000000   Number         0  stubs.o ABSOLUTE
    _printf_e                                0x00000000   Number         0  stubs.o ABSOLUTE
    _printf_f                                0x00000000   Number         0  stubs.o ABSOLUTE
    _printf_flags                            0x00000000   Number         0  stubs.o ABSOLUTE
    _printf_fp_dec                           0x00000000   Number         0  stubs.o ABSOLUTE
    _printf_fp_hex                           0x00000000   Number         0  stubs.o ABSOLUTE
    _printf_g                                0x00000000   Number         0  stubs.o ABSOLUTE
    _printf_i                                0x00000000   Number         0  stubs.o ABSOLUTE
    _printf_int_dec                          0x00000000   Number         0  stubs.o ABSOLUTE
    _printf_l                                0x00000000   Number         0  stubs.o ABSOLUTE
    _printf_lc                               0x00000000   Number         0  stubs.o ABSOLUTE
    _printf_ll                               0x00000000   Number         0  stubs.o ABSOLUTE
    _printf_lld                              0x00000000   Number         0  stubs.o ABSOLUTE
    _printf_lli                              0x00000000   Number         0  stubs.o ABSOLUTE
    _printf_llo                              0x00000000   Number         0  stubs.o ABSOLUTE
    _printf_llu                              0x00000000   Number         0  stubs.o ABSOLUTE
    _printf_llx                              0x00000000   Number         0  stubs.o ABSOLUTE
    _printf_longlong_dec                     0x00000000   Number         0  stubs.o ABSOLUTE
    _printf_longlong_hex                     0x00000000   Number         0  stubs.o ABSOLUTE
    _printf_longlong_oct                     0x00000000   Number         0  stubs.o ABSOLUTE
    _printf_ls                               0x00000000   Number         0  stubs.o ABSOLUTE
    _printf_mbtowc                           0x00000000   Number         0  stubs.o ABSOLUTE
    _printf_n                                0x00000000   Number         0  stubs.o ABSOLUTE
    _printf_o                                0x00000000   Number         0  stubs.o ABSOLUTE
    _printf_p                                0x00000000   Number         0  stubs.o ABSOLUTE
    _printf_percent                          0x00000000   Number         0  stubs.o ABSOLUTE
    _printf_pre_padding                      0x00000000   Number         0  stubs.o ABSOLUTE
    _printf_return_value                     0x00000000   Number         0  stubs.o ABSOLUTE
    _printf_s                                0x00000000   Number         0  stubs.o ABSOLUTE
    _printf_sizespec                         0x00000000   Number         0  stubs.o ABSOLUTE
    _printf_str                              0x00000000   Number         0  stubs.o ABSOLUTE
    _printf_truncate_signed                  0x00000000   Number         0  stubs.o ABSOLUTE
    _printf_truncate_unsigned                0x00000000   Number         0  stubs.o ABSOLUTE
    _printf_u                                0x00000000   Number         0  stubs.o ABSOLUTE
    _printf_wc                               0x00000000   Number         0  stubs.o ABSOLUTE
    _printf_wctomb                           0x00000000   Number         0  stubs.o ABSOLUTE
    _printf_widthprec                        0x00000000   Number         0  stubs.o ABSOLUTE
    _printf_x                                0x00000000   Number         0  stubs.o ABSOLUTE
    __cpp_initialize__aeabi_                  - Undefined Weak Reference
    __cxa_finalize                            - Undefined Weak Reference
    _clock_init                               - Undefined Weak Reference
    _microlib_exit                            - Undefined Weak Reference
    __Vectors_Size                           0x00000130   Number         0  startup_stm32f10x_hd.o ABSOLUTE
    __Vectors                                0x08000000   Data           4  startup_stm32f10x_hd.o(RESET)
    __Vectors_End                            0x08000130   Data           0  startup_stm32f10x_hd.o(RESET)
    __main                                   0x08000131   Thumb Code     0  entry.o(.ARM.Collect$$$$00000000)
    _main_stk                                0x08000131   Thumb Code     0  entry2.o(.ARM.Collect$$$$00000001)
    _main_scatterload                        0x08000135   Thumb Code     0  entry5.o(.ARM.Collect$$$$00000004)
    __main_after_scatterload                 0x08000139   Thumb Code     0  entry5.o(.ARM.Collect$$$$00000004)
    _main_clock                              0x08000139   Thumb Code     0  entry7b.o(.ARM.Collect$$$$00000008)
    _main_cpp_init                           0x08000139   Thumb Code     0  entry8b.o(.ARM.Collect$$$$0000000A)
    _main_init                               0x08000139   Thumb Code     0  entry9a.o(.ARM.Collect$$$$0000000B)
    __rt_final_cpp                           0x08000141   Thumb Code     0  entry10a.o(.ARM.Collect$$$$0000000D)
    __rt_final_exit                          0x08000141   Thumb Code     0  entry11a.o(.ARM.Collect$$$$0000000F)
    Reset_Handler                            0x08000145   Thumb Code     8  startup_stm32f10x_hd.o(.text)
    ADC1_2_IRQHandler                        0x0800015f   Thumb Code     0  startup_stm32f10x_hd.o(.text)
    ADC3_IRQHandler                          0x0800015f   Thumb Code     0  startup_stm32f10x_hd.o(.text)
    CAN1_RX1_IRQHandler                      0x0800015f   Thumb Code     0  startup_stm32f10x_hd.o(.text)
    CAN1_SCE_IRQHandler                      0x0800015f   Thumb Code     0  startup_stm32f10x_hd.o(.text)
    DMA1_Channel1_IRQHandler                 0x0800015f   Thumb Code     0  startup_stm32f10x_hd.o(.text)
    DMA1_Channel2_IRQHandler                 0x0800015f   Thumb Code     0  startup_stm32f10x_hd.o(.text)
    DMA1_Channel3_IRQHandler                 0x0800015f   Thumb Code     0  startup_stm32f10x_hd.o(.text)
    DMA1_Channel4_IRQHandler                 0x0800015f   Thumb Code     0  startup_stm32f10x_hd.o(.text)
    DMA1_Channel5_IRQHandler                 0x0800015f   Thumb Code     0  startup_stm32f10x_hd.o(.text)
    DMA1_Channel6_IRQHandler                 0x0800015f   Thumb Code     0  startup_stm32f10x_hd.o(.text)
    DMA1_Channel7_IRQHandler                 0x0800015f   Thumb Code     0  startup_stm32f10x_hd.o(.text)
    DMA2_Channel1_IRQHandler                 0x0800015f   Thumb Code     0  startup_stm32f10x_hd.o(.text)
    DMA2_Channel2_IRQHandler                 0x0800015f   Thumb Code     0  startup_stm32f10x_hd.o(.text)
    DMA2_Channel3_IRQHandler                 0x0800015f   Thumb Code     0  startup_stm32f10x_hd.o(.text)
    DMA2_Channel4_5_IRQHandler               0x0800015f   Thumb Code     0  startup_stm32f10x_hd.o(.text)
    EXTI0_IRQHandler                         0x0800015f   Thumb Code     0  startup_stm32f10x_hd.o(.text)
    EXTI15_10_IRQHandler                     0x0800015f   Thumb Code     0  startup_stm32f10x_hd.o(.text)
    EXTI1_IRQHandler                         0x0800015f   Thumb Code     0  startup_stm32f10x_hd.o(.text)
    EXTI2_IRQHandler                         0x0800015f   Thumb Code     0  startup_stm32f10x_hd.o(.text)
    EXTI3_IRQHandler                         0x0800015f   Thumb Code     0  startup_stm32f10x_hd.o(.text)
    EXTI4_IRQHandler                         0x0800015f   Thumb Code     0  startup_stm32f10x_hd.o(.text)
    EXTI9_5_IRQHandler                       0x0800015f   Thumb Code     0  startup_stm32f10x_hd.o(.text)
    FLASH_IRQHandler                         0x0800015f   Thumb Code     0  startup_stm32f10x_hd.o(.text)
    FSMC_IRQHandler                          0x0800015f   Thumb Code     0  startup_stm32f10x_hd.o(.text)
    I2C1_ER_IRQHandler                       0x0800015f   Thumb Code     0  startup_stm32f10x_hd.o(.text)
    I2C1_EV_IRQHandler                       0x0800015f   Thumb Code     0  startup_stm32f10x_hd.o(.text)
    I2C2_ER_IRQHandler                       0x0800015f   Thumb Code     0  startup_stm32f10x_hd.o(.text)
    I2C2_EV_IRQHandler                       0x0800015f   Thumb Code     0  startup_stm32f10x_hd.o(.text)
    PVD_IRQHandler                           0x0800015f   Thumb Code     0  startup_stm32f10x_hd.o(.text)
    RCC_IRQHandler                           0x0800015f   Thumb Code     0  startup_stm32f10x_hd.o(.text)
    RTCAlarm_IRQHandler                      0x0800015f   Thumb Code     0  startup_stm32f10x_hd.o(.text)
    RTC_IRQHandler                           0x0800015f   Thumb Code     0  startup_stm32f10x_hd.o(.text)
    SDIO_IRQHandler                          0x0800015f   Thumb Code     0  startup_stm32f10x_hd.o(.text)
    SPI1_IRQHandler                          0x0800015f   Thumb Code     0  startup_stm32f10x_hd.o(.text)
    SPI2_IRQHandler                          0x0800015f   Thumb Code     0  startup_stm32f10x_hd.o(.text)
    SPI3_IRQHandler                          0x0800015f   Thumb Code     0  startup_stm32f10x_hd.o(.text)
    TAMPER_IRQHandler                        0x0800015f   Thumb Code     0  startup_stm32f10x_hd.o(.text)
    TIM1_BRK_IRQHandler                      0x0800015f   Thumb Code     0  startup_stm32f10x_hd.o(.text)
    TIM1_CC_IRQHandler                       0x0800015f   Thumb Code     0  startup_stm32f10x_hd.o(.text)
    TIM1_TRG_COM_IRQHandler                  0x0800015f   Thumb Code     0  startup_stm32f10x_hd.o(.text)
    TIM1_UP_IRQHandler                       0x0800015f   Thumb Code     0  startup_stm32f10x_hd.o(.text)
    TIM2_IRQHandler                          0x0800015f   Thumb Code     0  startup_stm32f10x_hd.o(.text)
    TIM3_IRQHandler                          0x0800015f   Thumb Code     0  startup_stm32f10x_hd.o(.text)
    TIM4_IRQHandler                          0x0800015f   Thumb Code     0  startup_stm32f10x_hd.o(.text)
    TIM5_IRQHandler                          0x0800015f   Thumb Code     0  startup_stm32f10x_hd.o(.text)
    TIM6_IRQHandler                          0x0800015f   Thumb Code     0  startup_stm32f10x_hd.o(.text)
    TIM7_IRQHandler                          0x0800015f   Thumb Code     0  startup_stm32f10x_hd.o(.text)
    TIM8_BRK_IRQHandler                      0x0800015f   Thumb Code     0  startup_stm32f10x_hd.o(.text)
    TIM8_CC_IRQHandler                       0x0800015f   Thumb Code     0  startup_stm32f10x_hd.o(.text)
    TIM8_TRG_COM_IRQHandler                  0x0800015f   Thumb Code     0  startup_stm32f10x_hd.o(.text)
    TIM8_UP_IRQHandler                       0x0800015f   Thumb Code     0  startup_stm32f10x_hd.o(.text)
    UART4_IRQHandler                         0x0800015f   Thumb Code     0  startup_stm32f10x_hd.o(.text)
    UART5_IRQHandler                         0x0800015f   Thumb Code     0  startup_stm32f10x_hd.o(.text)
    USART1_IRQHandler                        0x0800015f   Thumb Code     0  startup_stm32f10x_hd.o(.text)
    USART2_IRQHandler                        0x0800015f   Thumb Code     0  startup_stm32f10x_hd.o(.text)
    USART3_IRQHandler                        0x0800015f   Thumb Code     0  startup_stm32f10x_hd.o(.text)
    USBWakeUp_IRQHandler                     0x0800015f   Thumb Code     0  startup_stm32f10x_hd.o(.text)
    USB_HP_CAN1_TX_IRQHandler                0x0800015f   Thumb Code     0  startup_stm32f10x_hd.o(.text)
    USB_LP_CAN1_RX0_IRQHandler               0x0800015f   Thumb Code     0  startup_stm32f10x_hd.o(.text)
    WWDG_IRQHandler                          0x0800015f   Thumb Code     0  startup_stm32f10x_hd.o(.text)
    ___aeabi_memcpy8$move                    0x08000169   Thumb Code     0  memmovea.o(.text)
    __aeabi_memcpy                           0x08000169   Thumb Code    64  memmovea.o(.text)
    __aeabi_memcpy4                          0x08000169   Thumb Code     0  memmovea.o(.text)
    __aeabi_memmove                          0x08000169   Thumb Code     0  memmovea.o(.text)
    __aeabi_memmove4                         0x08000169   Thumb Code     0  memmovea.o(.text)
    __aeabi_memmove8                         0x08000169   Thumb Code     0  memmovea.o(.text)
    __aeabi_memset                           0x080001a9   Thumb Code    14  memseta.o(.text)
    __aeabi_memset4                          0x080001a9   Thumb Code     0  memseta.o(.text)
    __aeabi_memset8                          0x080001a9   Thumb Code     0  memseta.o(.text)
    __aeabi_memclr                           0x080001b7   Thumb Code     4  memseta.o(.text)
    __aeabi_memclr4                          0x080001b7   Thumb Code     0  memseta.o(.text)
    __aeabi_memclr8                          0x080001b7   Thumb Code     0  memseta.o(.text)
    _memset$wrapper                          0x080001bb   Thumb Code    18  memseta.o(.text)
    strcat                                   0x080001cd   Thumb Code    24  strcat.o(.text)
    strstr                                   0x080001e5   Thumb Code    36  strstr.o(.text)
    strncpy                                  0x08000209   Thumb Code    24  strncpy.o(.text)
    strlen                                   0x08000221   Thumb Code    14  strlen.o(.text)
    strcmp                                   0x0800022f   Thumb Code    28  strcmp.o(.text)
    strcpy                                   0x0800024b   Thumb Code    18  strcpy.o(.text)
    atoi                                     0x0800025d   Thumb Code    26  atoi.o(.text)
    __aeabi_uldivmod                         0x08000277   Thumb Code    98  uldiv.o(.text)
    strtol                                   0x080002d9   Thumb Code   112  strtol.o(.text)
    __scatterload                            0x08000349   Thumb Code    28  init.o(.text)
    __scatterload_rt2                        0x08000349   Thumb Code     0  init.o(.text)
    __aeabi_llsl                             0x0800036d   Thumb Code    30  llshl.o(.text)
    _ll_shift_l                              0x0800036d   Thumb Code     0  llshl.o(.text)
    __aeabi_llsr                             0x0800038b   Thumb Code    32  llushr.o(.text)
    _ll_ushift_r                             0x0800038b   Thumb Code     0  llushr.o(.text)
    __rt_ctype_table                         0x080003ad   Thumb Code     4  ctype_o.o(.text)
    _strtoul                                 0x080003b5   Thumb Code   158  _strtoul.o(.text)
    _chval                                   0x08000453   Thumb Code    28  _chval.o(.text)
    __decompress                             0x0800046f   Thumb Code     0  __dczerorl2.o(.text)
    __decompress1                            0x0800046f   Thumb Code    86  __dczerorl2.o(.text)
    BluetoothMode                            0x080004c5   Thumb Code   394  main.o(i.BluetoothMode)
    BusFault_Handler                         0x08000685   Thumb Code     4  stm32f10x_it.o(i.BusFault_Handler)
    ConnectBLE                               0x08000689   Thumb Code    40  main.o(i.ConnectBLE)
    DebugMon_Handler                         0x080006b9   Thumb Code     2  stm32f10x_it.o(i.DebugMon_Handler)
    Delay                                    0x080006bb   Thumb Code    10  main.o(i.Delay)
    DeleteFile                               0x080006c5   Thumb Code   362  main.o(i.DeleteFile)
    DeleteFolder                             0x080008e5   Thumb Code   366  main.o(i.DeleteFolder)
    Flash_ReadWriteByte2                     0x08000afd   Thumb Code    36  main.o(i.Flash_ReadWriteByte2)
    GPIO_Configuration                       0x08000b25   Thumb Code    32  main.o(i.GPIO_Configuration)
    GPIO_Init                                0x08000b49   Thumb Code   278  stm32f10x_gpio.o(i.GPIO_Init)
    GPIO_ResetBits                           0x08000c5f   Thumb Code     4  stm32f10x_gpio.o(i.GPIO_ResetBits)
    GPIO_SetBits                             0x08000c63   Thumb Code     4  stm32f10x_gpio.o(i.GPIO_SetBits)
    HardFault_Handler                        0x08000c67   Thumb Code     4  stm32f10x_it.o(i.HardFault_Handler)
    Init_SPI                                 0x08000c6d   Thumb Code   134  main.o(i.Init_SPI)
    MainPrograme                             0x08000d01   Thumb Code   152  main.o(i.MainPrograme)
    MemManage_Handler                        0x08000df1   Thumb Code     4  stm32f10x_it.o(i.MemManage_Handler)
    MemSize                                  0x08000df5   Thumb Code    52  main.o(i.MemSize)
    NMI_Handler                              0x08000ed1   Thumb Code     2  stm32f10x_it.o(i.NMI_Handler)
    PendSV_Handler                           0x08000ed3   Thumb Code     2  stm32f10x_it.o(i.PendSV_Handler)
    PrepareText                              0x08000ed5   Thumb Code    78  main.o(i.PrepareText)
    RCC_APB1PeriphClockCmd                   0x08000f79   Thumb Code    26  stm32f10x_rcc.o(i.RCC_APB1PeriphClockCmd)
    RCC_APB2PeriphClockCmd                   0x08000f99   Thumb Code    26  stm32f10x_rcc.o(i.RCC_APB2PeriphClockCmd)
    RCC_GetClocksFreq                        0x08000fb9   Thumb Code   192  stm32f10x_rcc.o(i.RCC_GetClocksFreq)
    SPI_Cmd                                  0x0800108d   Thumb Code    24  stm32f10x_spi.o(i.SPI_Cmd)
    SPI_Flash_ReadByte                       0x080010a5   Thumb Code    10  spi_flash.o(i.SPI_Flash_ReadByte)
    SPI_Flash_SendByte                       0x080010b1   Thumb Code    50  spi_flash.o(i.SPI_Flash_SendByte)
    SPI_I2S_ClearFlag                        0x080010e9   Thumb Code     6  stm32f10x_spi.o(i.SPI_I2S_ClearFlag)
    SPI_I2S_GetFlagStatus                    0x080010ef   Thumb Code    18  stm32f10x_spi.o(i.SPI_I2S_GetFlagStatus)
    SPI_I2S_ReceiveData                      0x08001101   Thumb Code     6  stm32f10x_spi.o(i.SPI_I2S_ReceiveData)
    SPI_I2S_SendData                         0x08001107   Thumb Code     4  stm32f10x_spi.o(i.SPI_I2S_SendData)
    SPI_Init                                 0x0800110b   Thumb Code    60  stm32f10x_spi.o(i.SPI_Init)
    SST25_R_BLOCK                            0x08001149   Thumb Code    76  spi_flash.o(i.SST25_R_BLOCK)
    SST25_W_BLOCK                            0x08001199   Thumb Code   172  spi_flash.o(i.SST25_W_BLOCK)
    SVC_Handler                              0x08001249   Thumb Code     2  stm32f10x_it.o(i.SVC_Handler)
    SendCH370                                0x0800124d   Thumb Code    42  main.o(i.SendCH370)
    SendCommandToBLE                         0x0800127d   Thumb Code    48  main.o(i.SendCommandToBLE)
    StoreLine                                0x08001399   Thumb Code    94  main.o(i.StoreLine)
    SysTick_CLKSourceConfig                  0x08001405   Thumb Code    40  misc.o(i.SysTick_CLKSourceConfig)
    SysTick_CounterCmd                       0x0800142d   Thumb Code    54  stm32f10x_systick.o(i.SysTick_CounterCmd)
    SysTick_GetFlagStatus                    0x08001463   Thumb Code    46  stm32f10x_systick.o(i.SysTick_GetFlagStatus)
    SysTick_Handler                          0x08001491   Thumb Code     2  stm32f10x_it.o(i.SysTick_Handler)
    SysTick_ITConfig                         0x08001493   Thumb Code    38  stm32f10x_systick.o(i.SysTick_ITConfig)
    SysTick_SetReload                        0x080014b9   Thumb Code     8  stm32f10x_systick.o(i.SysTick_SetReload)
    SystemInit                               0x080014c1   Thumb Code    78  system_stm32f10x.o(i.SystemInit)
    UART4_Configuration                      0x08001521   Thumb Code   184  main.o(i.UART4_Configuration)
    USART1_Configuration                     0x080015e1   Thumb Code   152  main.o(i.USART1_Configuration)
    USART2_Configuration                     0x08001681   Thumb Code   154  main.o(i.USART2_Configuration)
    USART3_Configuration                     0x08001725   Thumb Code   158  main.o(i.USART3_Configuration)
    USART_ClearFlag                          0x080017cd   Thumb Code    18  stm32f10x_usart.o(i.USART_ClearFlag)
    USART_Cmd                                0x080017df   Thumb Code    24  stm32f10x_usart.o(i.USART_Cmd)
    USART_GetFlagStatus                      0x080017f7   Thumb Code    26  stm32f10x_usart.o(i.USART_GetFlagStatus)
    USART_GetITStatus                        0x08001811   Thumb Code    84  stm32f10x_usart.o(i.USART_GetITStatus)
    USART_ITConfig                           0x08001865   Thumb Code    74  stm32f10x_usart.o(i.USART_ITConfig)
    USART_Init                               0x080018b1   Thumb Code   210  stm32f10x_usart.o(i.USART_Init)
    USART_ReceiveData                        0x08001989   Thumb Code    10  stm32f10x_usart.o(i.USART_ReceiveData)
    USART_SendData                           0x08001993   Thumb Code     8  stm32f10x_usart.o(i.USART_SendData)
    UsageFault_Handler                       0x0800199b   Thumb Code     4  stm32f10x_it.o(i.UsageFault_Handler)
    __0printf$5                              0x080019a1   Thumb Code    22  printf5.o(i.__0printf$5)
    __1printf$5                              0x080019a1   Thumb Code     0  printf5.o(i.__0printf$5)
    __2printf                                0x080019a1   Thumb Code     0  printf5.o(i.__0printf$5)
    __0sprintf$5                             0x080019c1   Thumb Code    34  printf5.o(i.__0sprintf$5)
    __1sprintf$5                             0x080019c1   Thumb Code     0  printf5.o(i.__0sprintf$5)
    __2sprintf                               0x080019c1   Thumb Code     0  printf5.o(i.__0sprintf$5)
    __aeabi_errno_addr                       0x080019e9   Thumb Code     4  errno.o(i.__aeabi_errno_addr)
    __rt_errno_addr                          0x080019e9   Thumb Code     0  errno.o(i.__aeabi_errno_addr)
    __scatterload_copy                       0x080019f1   Thumb Code    14  handlers.o(i.__scatterload_copy)
    __scatterload_null                       0x080019ff   Thumb Code     2  handlers.o(i.__scatterload_null)
    __scatterload_zeroinit                   0x08001a01   Thumb Code    14  handlers.o(i.__scatterload_zeroinit)
    beep2                                    0x08001cdd   Thumb Code    18  main.o(i.beep2)
    beep4                                    0x08001cf5   Thumb Code    18  main.o(i.beep4)
    beep5                                    0x08001d0d   Thumb Code    18  main.o(i.beep5)
    beepError                                0x08001d25   Thumb Code    10  main.o(i.beepError)
    caseMenu                                 0x08001d31   Thumb Code    64  main.o(i.caseMenu)
    cell_sentdata                            0x08001d85   Thumb Code    12  main.o(i.cell_sentdata)
    checkBit                                 0x08001d91   Thumb Code    24  main.o(i.checkBit)
    clearDot                                 0x08001da9   Thumb Code    68  main.o(i.clearDot)
    clearKeyValue                            0x08001df5   Thumb Code    16  main.o(i.clearKeyValue)
    clearReadlineInsector                    0x08001e11   Thumb Code    40  main.o(i.clearReadlineInsector)
    configDisplay                            0x08001e41   Thumb Code    46  main.o(i.configDisplay)
    configFlash                              0x08001e79   Thumb Code    48  main.o(i.configFlash)
    confirm                                  0x08001eb1   Thumb Code   240  main.o(i.confirm)
    createFile                               0x08001fcd   Thumb Code   266  main.o(i.createFile)
    createFileAndWrite                       0x08002115   Thumb Code    70  main.o(i.createFileAndWrite)
    delay_init                               0x08002169   Thumb Code    54  systick.o(i.delay_init)
    delay_ms                                 0x080021ad   Thumb Code    74  systick.o(i.delay_ms)
    displayPrepare                           0x08002201   Thumb Code    26  main.o(i.displayPrepare)
    errorBreak                               0x08002229   Thumb Code    18  main.o(i.errorBreak)
    ex_cdWithPath                            0x08002241   Thumb Code   132  main.o(i.ex_cdWithPath)
    ex_checkFileType                         0x080022cd   Thumb Code    50  main.o(i.ex_checkFileType)
    ex_checkSlash                            0x08002319   Thumb Code    24  main.o(i.ex_checkSlash)
    ex_countPath                             0x08002331   Thumb Code    24  main.o(i.ex_countPath)
    ex_exitOncePath                          0x08002349   Thumb Code    50  main.o(i.ex_exitOncePath)
    ex_openDir                               0x08002381   Thumb Code   276  main.o(i.ex_openDir)
    ex_savePath                              0x080024b1   Thumb Code    68  main.o(i.ex_savePath)
    fileName                                 0x080024fd   Thumb Code   342  main.o(i.fileName)
    fileWrite                                0x0800265d   Thumb Code   402  main.o(i.fileWrite)
    findCurrentPageInArr                     0x0800281d   Thumb Code    52  main.o(i.findCurrentPageInArr)
    findPreviousPage                         0x08002855   Thumb Code    66  main.o(i.findPreviousPage)
    fputc                                    0x0800289d   Thumb Code   130  main.o(i.fputc)
    getBatterry                              0x08002941   Thumb Code    44  main.o(i.getBatterry)
    getBluetoothName                         0x08002975   Thumb Code   138  main.o(i.getBluetoothName)
    getFileSize                              0x08002a4d   Thumb Code   158  main.o(i.getFileSize)
    getMuteStatus                            0x08002b11   Thumb Code    44  main.o(i.getMuteStatus)
    get_CurrentLine                          0x08002b45   Thumb Code    38  main.o(i.get_CurrentLine)
    gotoLine_EnterLine                       0x08002b71   Thumb Code   466  main.o(i.gotoLine_EnterLine)
    gotoLine_getLine                         0x08002db9   Thumb Code    60  main.o(i.gotoLine_getLine)
    gotoLine_getSectorInline                 0x08002df9   Thumb Code    38  main.o(i.gotoLine_getSectorInline)
    gotoLine_get_int_len                     0x08002e25   Thumb Code    20  main.o(i.gotoLine_get_int_len)
    initSlidingMode                          0x08002e39   Thumb Code   218  main.o(i.initSlidingMode)
    keyMapping                               0x08002fdd   Thumb Code   330  main.o(i.keyMapping)
    keyRead                                  0x08003129   Thumb Code  1446  main.o(i.keyRead)
    keyboardMode                             0x08003741   Thumb Code   110  main.o(i.keyboardMode)
    main                                     0x080037c9   Thumb Code   108  main.o(i.main)
    mainMenuDisplayMode4                     0x0800385d   Thumb Code    52  main.o(i.mainMenuDisplayMode4)
    malloc                                   0x080038bd   Thumb Code    92  malloc.o(i.malloc)
    mapCursor                                0x08003929   Thumb Code    46  main.o(i.mapCursor)
    mode4                                    0x08003959   Thumb Code   480  main.o(i.mode4)
    notepad_append                           0x08003bd9   Thumb Code    86  main.o(i.notepad_append)
    notepad_checkEnterSignInLine             0x08003c31   Thumb Code    48  main.o(i.notepad_checkEnterSignInLine)
    notepad_checkMaxLine                     0x08003c65   Thumb Code    46  main.o(i.notepad_checkMaxLine)
    notepad_checkenterAndpush                0x08003c9d   Thumb Code    76  main.o(i.notepad_checkenterAndpush)
    notepad_countEnterSign                   0x08003cf1   Thumb Code    34  main.o(i.notepad_countEnterSign)
    notepad_countLinewithOutLNsign           0x08003d19   Thumb Code    44  main.o(i.notepad_countLinewithOutLNsign)
    notepad_countStr                         0x08003d49   Thumb Code    22  main.o(i.notepad_countStr)
    notepad_fillEnterSign                    0x08003d61   Thumb Code   102  main.o(i.notepad_fillEnterSign)
    notepad_getnullPostion                   0x08003e15   Thumb Code    16  main.o(i.notepad_getnullPostion)
    notepad_lineIsEnter                      0x08003e25   Thumb Code    48  main.o(i.notepad_lineIsEnter)
    notepad_main                             0x08003e59   Thumb Code  1986  main.o(i.notepad_main)
    notepad_readKey                          0x0800473d   Thumb Code   134  main.o(i.notepad_readKey)
    notepad_removeEnterSign                  0x080047e1   Thumb Code    26  main.o(i.notepad_removeEnterSign)
    page_findNextPage                        0x080047fd   Thumb Code    82  main.o(i.page_findNextPage)
    prepareSD_Card                           0x0800485d   Thumb Code   330  main.o(i.prepareSD_Card)
    printDot                                 0x08004a49   Thumb Code   100  main.o(i.printDot)
    printStringInLine                        0x08004ab5   Thumb Code    38  main.o(i.printStringInLine)
    printStringLR                            0x08004ae5   Thumb Code    94  main.o(i.printStringLR)
    queryLine                                0x08004b65   Thumb Code    98  main.o(i.queryLine)
    rdsr                                     0x08004bd1   Thumb Code    34  spi_flash.o(i.rdsr)
    readFileFromCH376sToFlashRom             0x08004bf9   Thumb Code   842  main.o(i.readFileFromCH376sToFlashRom)
    readSecter                               0x08004fc9   Thumb Code    46  main.o(i.readSecter)
    readmode_countLineInOneSector            0x08005001   Thumb Code    98  main.o(i.readmode_countLineInOneSector)
    removeChar                               0x08005069   Thumb Code    28  main.o(i.removeChar)
    removeDataInFileTemp                     0x08005085   Thumb Code   288  main.o(i.removeDataInFileTemp)
    saveName                                 0x08005201   Thumb Code   642  main.o(i.saveName)
    searchFile2                              0x080054f5   Thumb Code   600  main.o(i.searchFile2)
    sect_clr                                 0x0800580d   Thumb Code    62  spi_flash.o(i.sect_clr)
    sendCommandtoAtmega                      0x08005851   Thumb Code    28  main.o(i.sendCommandtoAtmega)
    sendUart                                 0x08005871   Thumb Code    92  main.o(i.sendUart)
    sentdata_cell                            0x080058dd   Thumb Code    20  main.o(i.sentdata_cell)
    setFileLength                            0x080058f1   Thumb Code    62  main.o(i.setFileLength)
    setFileWrite                             0x08005965   Thumb Code    34  main.o(i.setFileWrite)
    setFilename                              0x08005991   Thumb Code    46  main.o(i.setFilename)
    setFoldername                            0x080059c5   Thumb Code    44  main.o(i.setFoldername)
    slidText2Displayv2                       0x080059f5   Thumb Code  1446  main.o(i.slidText2Displayv2)
    stringToUnicodeAndSendToDisplay          0x08005ff9   Thumb Code   210  main.o(i.stringToUnicodeAndSendToDisplay)
    stringToUnicodeAndSendToDisplayC         0x080060e5   Thumb Code   282  main.o(i.stringToUnicodeAndSendToDisplayC)
    subStringLanR                            0x08006225   Thumb Code   146  main.o(i.subStringLanR)
    substringRemoveEnter2                    0x080062c5   Thumb Code    70  main.o(i.substringRemoveEnter2)
    sumLineInPreviousSec                     0x08006315   Thumb Code    52  main.o(i.sumLineInPreviousSec)
    sumLineInSector                          0x08006351   Thumb Code    44  main.o(i.sumLineInSector)
    testCell                                 0x08006385   Thumb Code    84  main.o(i.testCell)
    unicode_to_ASCII                         0x080063e1   Thumb Code    46  main.o(i.unicode_to_ASCII)
    upperASCII                               0x08006429   Thumb Code    44  main.o(i.upperASCII)
    wdis                                     0x08006459   Thumb Code    30  spi_flash.o(i.wdis)
    wen                                      0x0800647d   Thumb Code    26  spi_flash.o(i.wen)
    wip                                      0x0800649d   Thumb Code    22  spi_flash.o(i.wip)
    writeFile4096                            0x080064b5   Thumb Code   186  main.o(i.writeFile4096)
    writeFlash                               0x08006575   Thumb Code    46  main.o(i.writeFlash)
    wsr                                      0x080065b1   Thumb Code    58  spi_flash.o(i.wsr)
    __ctype_table                            0x0800663f   Data         129  ctype_o.o(.constdata)
    Region$$Table$$Base                      0x080067a0   Number         0  anon$$obj.o(Region$$Table)
    Region$$Table$$Limit                     0x080067c0   Number         0  anon$$obj.o(Region$$Table)
    countSector4096                          0x20000000   Data           4  main.o(.data)
    countSector                              0x20000004   Data           4  main.o(.data)
    addressSector                            0x20000008   Data           4  main.o(.data)
    AmountSector                             0x2000000c   Data           4  main.o(.data)
    AmountSectorT                            0x20000010   Data           4  main.o(.data)
    seeCur                                   0x20000014   Data           4  main.o(.data)
    str                                      0x20000018   Data           4  main.o(.data)
    buffer                                   0x2000001c   Data           6  main.o(.data)
    countKey                                 0x20000024   Data           4  main.o(.data)
    seeHead                                  0x20000028   Data           4  main.o(.data)
    maxData                                  0x2000002c   Data           4  main.o(.data)
    i                                        0x20000030   Data           4  main.o(.data)
    j                                        0x20000034   Data           4  main.o(.data)
    k                                        0x20000038   Data           4  main.o(.data)
    i1                                       0x2000003c   Data           4  main.o(.data)
    j1                                       0x20000040   Data           4  main.o(.data)
    count1                                   0x20000044   Data           4  main.o(.data)
    uart2Buffer                              0x20000048   Data           4  main.o(.data)
    maxSize                                  0x2000004c   Data           4  main.o(.data)
    count                                    0x20000050   Data           4  main.o(.data)
    count2                                   0x20000054   Data           4  main.o(.data)
    BLEConn                                  0x20000058   Data           4  main.o(.data)
    pushToDisplay                            0x2000005c   Data           4  main.o(.data)
    countConn                                0x20000060   Data           4  main.o(.data)
    hexbuffer                                0x20000064   Data           4  main.o(.data)
    hexPrep                                  0x20000068   Data           4  main.o(.data)
    SeeHead                                  0x2000006c   Data           4  main.o(.data)
    marker99                                 0x20000070   Data           4  main.o(.data)
    data0                                    0x20000074   Data           3  main.o(.data)
    enumgo                                   0x20000077   Data           3  main.o(.data)
    FileOpen                                 0x2000007a   Data           4  main.o(.data)
    ResetAll                                 0x2000007e   Data           4  main.o(.data)
    ReadData                                 0x20000082   Data           4  main.o(.data)
    FileCreate                               0x20000086   Data           4  main.o(.data)
    FileUpdate                               0x2000008a   Data           4  main.o(.data)
    USBDiskMount                             0x2000008e   Data           4  main.o(.data)
    continueRead                             0x20000092   Data           4  main.o(.data)
    FileClose                                0x20000096   Data           5  main.o(.data)
    FileClose0                               0x2000009b   Data           5  main.o(.data)
    setSDCard                                0x200000a0   Data           5  main.o(.data)
    setFileName                              0x200000a5   Data          15  main.o(.data)
    checkConnection                          0x200000b4   Data           5  main.o(.data)
    SetByteRead                              0x200000b9   Data           6  main.o(.data)
    setFilenameForFunction                   0x200000bf   Data           4  main.o(.data)
    setAllName                               0x200000c3   Data           7  main.o(.data)
    changeBaudRateByte                       0x200000ca   Data           6  main.o(.data)
    FilePointer                              0x200000d0   Data           8  main.o(.data)
    FilePointerend                           0x200000d8   Data           8  main.o(.data)
    FileSize                                 0x200000e0   Data           4  main.o(.data)
    Folder_DELETE                            0x200000e4   Data           4  main.o(.data)
    FileWrite                                0x200000e8   Data           4  main.o(.data)
    DirName                                  0x200000ec   Data          10  main.o(.data)
    count_menu                               0x200000f6   Data           1  main.o(.data)
    menu                                     0x200000f7   Data           6  main.o(.data)
    st_bluetooth                             0x200000fd   Data           9  main.o(.data)
    st_0                                     0x20000106   Data          20  main.o(.data)
    st_notepad                               0x2000011a   Data           7  main.o(.data)
    st_read                                  0x20000121   Data           4  main.o(.data)
    mode                                     0x20000125   Data           1  main.o(.data)
    checkKeyError                            0x20000128   Data           4  main.o(.data)
    keyCode                                  0x2000012c   Data           4  main.o(.data)
    previousMode                             0x20000130   Data           4  main.o(.data)
    connectData                              0x20000134   Data          16  main.o(.data)
    countSector512                           0x20000144   Data           4  main.o(.data)
    becon                                    0x20000148   Data           4  main.o(.data)
    ex_openDirStatus                         0x2000014c   Data           4  main.o(.data)
    nextAgain                                0x20000150   Data           4  main.o(.data)
    readFileStatus___                        0x20000154   Data           4  main.o(.data)
    countFileLegth                           0x20000158   Data           4  main.o(.data)
    command_                                 0x2000015c   Data           4  main.o(.data)
    d_Time                                   0x20000160   Data           4  main.o(.data)
    toggleCur                                0x20000164   Data           4  main.o(.data)
    seaching                                 0x20000168   Data           4  main.o(.data)
    readStatus                               0x2000016c   Data           4  main.o(.data)
    ABCCCCC                                  0x20000170   Data           4  main.o(.data)
    CreateFile__                             0x20000174   Data           4  main.o(.data)
    maxFile                                  0x20000178   Data           4  main.o(.data)
    fileSelect                               0x2000017c   Data           4  main.o(.data)
    AD_value                                 0x20000180   Data           4  main.o(.data)
    ADC_ConvertedValue                       0x20000184   Data           2  main.o(.data)
    sendUart1                                0x20000186   Data           1  main.o(.data)
    sendUart2                                0x20000187   Data           1  main.o(.data)
    sendUart3                                0x20000188   Data           1  main.o(.data)
    sendUart4                                0x20000189   Data           1  main.o(.data)
    TxBuffer1                                0x2000018a   Data          74  main.o(.data)
    NbrOfDataToTransfer1                     0x200001d4   Data           1  main.o(.data)
    USART_FLAG                               0x200001d6   Data           2  main.o(.data)
    enterSign                                0x200001d8   Data           4  main.o(.data)
    buffAs                                   0x200001dc   Data           2  main.o(.data)
    maxLineN                                 0x200001e0   Data           4  main.o(.data)
    debug                                    0x200001e4   Data           1  main.o(.data)
    keybuff                                  0x200001e5   Data           2  main.o(.data)
    atName                                   0x200001e8   Data          32  main.o(.data)
    sendStatus                               0x20000208   Data           4  main.o(.data)
    unicodeTable                             0x2000020c   Data         128  main.o(.data)
    read_mode_currentIndex_after             0x2000028c   Data           4  main.o(.data)
    read_mode_contTextReaded                 0x20000290   Data           4  main.o(.data)
    ccMain                                   0x20000294   Data           4  main.o(.data)
    countMenuInMode4                         0x20000298   Data           1  main.o(.data)
    selectMode4                              0x20000299   Data           1  main.o(.data)
    gt_Sector                                0x2000029a   Data           2  main.o(.data)
    gt_Line                                  0x2000029c   Data           2  main.o(.data)
    doing                                    0x200002a0   Data           4  main.o(.data)
    __stdout                                 0x200002c0   Data           4  stdout.o(.data)
    __microlib_freelist                      0x200002c4   Data           4  mvars.o(.data)
    __microlib_freelist_initialised          0x200002c8   Data           4  mvars.o(.data)
    BLEConBuffer                             0x200002d0   Data         120  main.o(.bss)
    keyCodeRecieve                           0x20000348   Data          28  main.o(.bss)
    bufferKey3digit                          0x20000364   Data          12  main.o(.bss)
    buffascii                                0x20000370   Data          10  main.o(.bss)
    filelist                                 0x2000037a   Data         150  main.o(.bss)
    DataForWrite                             0x20000410   Data          32  main.o(.bss)
    DataForWrite_aftersort                   0x20000430   Data          32  main.o(.bss)
    Dirpath                                  0x20000450   Data          30  main.o(.bss)
    fileLists                                0x2000046e   Data         450  main.o(.bss)
    USART_InitStructure36                    0x20000630   Data          16  main.o(.bss)
    SPI_InitStructure                        0x20000640   Data          18  main.o(.bss)
    readmode_bufferStr                       0x20000652   Data        4182  main.o(.bss)
    str_ready                                0x200016a8   Data          40  main.o(.bss)
    str_be                                   0x200016d0   Data         110  main.o(.bss)
    bufferQueryLine                          0x2000173e   Data          50  main.o(.bss)
    buffer_afterRemove                       0x20001770   Data          42  main.o(.bss)
    bluetoothNambuffer                       0x2000179a   Data          20  main.o(.bss)
    pages                                    0x200017b0   Data         308  main.o(.bss)
    ROMR                                     0x200018e4   Data         532  main.o(.bss)
    read                                     0x20001af8   Data         304  main.o(.bss)
    Notepad                                  0x20001c28   Data        4088  main.o(.bss)
    SST25_buffer                             0x20002c20   Data        4096  spi_flash.o(.bss)
    SST25_bufferCC                           0x20003c20   Data        4096  spi_flash.o(.bss)
    __heap_base                              0x20004c20   Data           0  startup_stm32f10x_hd.o(HEAP)
    __heap_limit                             0x20004e20   Data           0  startup_stm32f10x_hd.o(HEAP)
    __initial_sp                             0x20005220   Data           0  startup_stm32f10x_hd.o(STACK)



==============================================================================

Memory Map of the image

  Image Entry point : 0x08000131

  Load Region LR_IROM1 (Base: 0x08000000, Size: 0x00006a90, Max: 0x00040000, ABSOLUTE, COMPRESSED[0x0000691c])

    Execution Region ER_IROM1 (Exec base: 0x08000000, Load base: 0x08000000, Size: 0x000067c0, Max: 0x00040000, ABSOLUTE)

    Exec Addr    Load Addr    Size         Type   Attr      Idx    E Section Name        Object

    0x08000000   0x08000000   0x00000130   Data   RO          653    RESET               startup_stm32f10x_hd.o
    0x08000130   0x08000130   0x00000000   Code   RO          655  * .ARM.Collect$$$$00000000  mc_w.l(entry.o)
    0x08000130   0x08000130   0x00000004   Code   RO          815    .ARM.Collect$$$$00000001  mc_w.l(entry2.o)
    0x08000134   0x08000134   0x00000004   Code   RO          818    .ARM.Collect$$$$00000004  mc_w.l(entry5.o)
    0x08000138   0x08000138   0x00000000   Code   RO          820    .ARM.Collect$$$$00000008  mc_w.l(entry7b.o)
    0x08000138   0x08000138   0x00000000   Code   RO          822    .ARM.Collect$$$$0000000A  mc_w.l(entry8b.o)
    0x08000138   0x08000138   0x00000008   Code   RO          823    .ARM.Collect$$$$0000000B  mc_w.l(entry9a.o)
    0x08000140   0x08000140   0x00000000   Code   RO          825    .ARM.Collect$$$$0000000D  mc_w.l(entry10a.o)
    0x08000140   0x08000140   0x00000000   Code   RO          827    .ARM.Collect$$$$0000000F  mc_w.l(entry11a.o)
    0x08000140   0x08000140   0x00000004   Code   RO          816    .ARM.Collect$$$$00002712  mc_w.l(entry2.o)
    0x08000144   0x08000144   0x00000024   Code   RO          654    .text               startup_stm32f10x_hd.o
    0x08000168   0x08000168   0x00000040   Code   RO          659    .text               mc_w.l(memmovea.o)
    0x080001a8   0x080001a8   0x00000024   Code   RO          660    .text               mc_w.l(memseta.o)
    0x080001cc   0x080001cc   0x00000018   Code   RO          661    .text               mc_w.l(strcat.o)
    0x080001e4   0x080001e4   0x00000024   Code   RO          662    .text               mc_w.l(strstr.o)
    0x08000208   0x08000208   0x00000018   Code   RO          663    .text               mc_w.l(strncpy.o)
    0x08000220   0x08000220   0x0000000e   Code   RO          664    .text               mc_w.l(strlen.o)
    0x0800022e   0x0800022e   0x0000001c   Code   RO          665    .text               mc_w.l(strcmp.o)
    0x0800024a   0x0800024a   0x00000012   Code   RO          666    .text               mc_w.l(strcpy.o)
    0x0800025c   0x0800025c   0x0000001a   Code   RO          814    .text               mc_w.l(atoi.o)
    0x08000276   0x08000276   0x00000062   Code   RO          831    .text               mc_w.l(uldiv.o)
    0x080002d8   0x080002d8   0x00000070   Code   RO          838    .text               mc_w.l(strtol.o)
    0x08000348   0x08000348   0x00000024   Code   RO          845    .text               mc_w.l(init.o)
    0x0800036c   0x0800036c   0x0000001e   Code   RO          846    .text               mc_w.l(llshl.o)
    0x0800038a   0x0800038a   0x00000020   Code   RO          847    .text               mc_w.l(llushr.o)
    0x080003aa   0x080003aa   0x00000002   PAD
    0x080003ac   0x080003ac   0x00000008   Code   RO          849    .text               mc_w.l(ctype_o.o)
    0x080003b4   0x080003b4   0x0000009e   Code   RO          864    .text               mc_w.l(_strtoul.o)
    0x08000452   0x08000452   0x0000001c   Code   RO          866    .text               mc_w.l(_chval.o)
    0x0800046e   0x0800046e   0x00000056   Code   RO          872    .text               mc_w.l(__dczerorl2.o)
    0x080004c4   0x080004c4   0x000001c0   Code   RO            1    i.BluetoothMode     main.o
    0x08000684   0x08000684   0x00000004   Code   RO          142    i.BusFault_Handler  stm32f10x_it.o
    0x08000688   0x08000688   0x00000030   Code   RO            2    i.ConnectBLE        main.o
    0x080006b8   0x080006b8   0x00000002   Code   RO          143    i.DebugMon_Handler  stm32f10x_it.o
    0x080006ba   0x080006ba   0x0000000a   Code   RO            3    i.Delay             main.o
    0x080006c4   0x080006c4   0x00000220   Code   RO            4    i.DeleteFile        main.o
    0x080008e4   0x080008e4   0x00000218   Code   RO            5    i.DeleteFolder      main.o
    0x08000afc   0x08000afc   0x00000028   Code   RO            6    i.Flash_ReadWriteByte2  main.o
    0x08000b24   0x08000b24   0x00000024   Code   RO            7    i.GPIO_Configuration  main.o
    0x08000b48   0x08000b48   0x00000116   Code   RO          199    i.GPIO_Init         stm32f10x_gpio.o
    0x08000c5e   0x08000c5e   0x00000004   Code   RO          206    i.GPIO_ResetBits    stm32f10x_gpio.o
    0x08000c62   0x08000c62   0x00000004   Code   RO          207    i.GPIO_SetBits      stm32f10x_gpio.o
    0x08000c66   0x08000c66   0x00000004   Code   RO          144    i.HardFault_Handler  stm32f10x_it.o
    0x08000c6a   0x08000c6a   0x00000002   PAD
    0x08000c6c   0x08000c6c   0x00000094   Code   RO            8    i.Init_SPI          main.o
    0x08000d00   0x08000d00   0x000000f0   Code   RO            9    i.MainPrograme      main.o
    0x08000df0   0x08000df0   0x00000004   Code   RO          145    i.MemManage_Handler  stm32f10x_it.o
    0x08000df4   0x08000df4   0x000000dc   Code   RO           10    i.MemSize           main.o
    0x08000ed0   0x08000ed0   0x00000002   Code   RO          146    i.NMI_Handler       stm32f10x_it.o
    0x08000ed2   0x08000ed2   0x00000002   Code   RO          147    i.PendSV_Handler    stm32f10x_it.o
    0x08000ed4   0x08000ed4   0x000000a4   Code   RO           12    i.PrepareText       main.o
    0x08000f78   0x08000f78   0x00000020   Code   RO          231    i.RCC_APB1PeriphClockCmd  stm32f10x_rcc.o
    0x08000f98   0x08000f98   0x00000020   Code   RO          233    i.RCC_APB2PeriphClockCmd  stm32f10x_rcc.o
    0x08000fb8   0x08000fb8   0x000000d4   Code   RO          241    i.RCC_GetClocksFreq  stm32f10x_rcc.o
    0x0800108c   0x0800108c   0x00000018   Code   RO          499    i.SPI_Cmd           stm32f10x_spi.o
    0x080010a4   0x080010a4   0x0000000a   Code   RO          213    i.SPI_Flash_ReadByte  spi_flash.o
    0x080010ae   0x080010ae   0x00000002   PAD
    0x080010b0   0x080010b0   0x00000038   Code   RO          214    i.SPI_Flash_SendByte  spi_flash.o
    0x080010e8   0x080010e8   0x00000006   Code   RO          503    i.SPI_I2S_ClearFlag  stm32f10x_spi.o
    0x080010ee   0x080010ee   0x00000012   Code   RO          507    i.SPI_I2S_GetFlagStatus  stm32f10x_spi.o
    0x08001100   0x08001100   0x00000006   Code   RO          510    i.SPI_I2S_ReceiveData  stm32f10x_spi.o
    0x08001106   0x08001106   0x00000004   Code   RO          511    i.SPI_I2S_SendData  stm32f10x_spi.o
    0x0800110a   0x0800110a   0x0000003c   Code   RO          512    i.SPI_Init          stm32f10x_spi.o
    0x08001146   0x08001146   0x00000002   PAD
    0x08001148   0x08001148   0x00000050   Code   RO          215    i.SST25_R_BLOCK     spi_flash.o
    0x08001198   0x08001198   0x000000b0   Code   RO          216    i.SST25_W_BLOCK     spi_flash.o
    0x08001248   0x08001248   0x00000002   Code   RO          148    i.SVC_Handler       stm32f10x_it.o
    0x0800124a   0x0800124a   0x00000002   PAD
    0x0800124c   0x0800124c   0x00000030   Code   RO           14    i.SendCH370         main.o
    0x0800127c   0x0800127c   0x00000034   Code   RO           15    i.SendCommandToBLE  main.o
    0x080012b0   0x080012b0   0x00000008   Code   RO          646    i.SetSysClock       system_stm32f10x.o
    0x080012b8   0x080012b8   0x000000e0   Code   RO          647    i.SetSysClockTo72   system_stm32f10x.o
    0x08001398   0x08001398   0x0000006c   Code   RO           18    i.StoreLine         main.o
    0x08001404   0x08001404   0x00000028   Code   RO          164    i.SysTick_CLKSourceConfig  misc.o
    0x0800142c   0x0800142c   0x00000036   Code   RO          151    i.SysTick_CounterCmd  stm32f10x_systick.o
    0x08001462   0x08001462   0x0000002e   Code   RO          153    i.SysTick_GetFlagStatus  stm32f10x_systick.o
    0x08001490   0x08001490   0x00000002   Code   RO          149    i.SysTick_Handler   stm32f10x_it.o
    0x08001492   0x08001492   0x00000026   Code   RO          154    i.SysTick_ITConfig  stm32f10x_systick.o
    0x080014b8   0x080014b8   0x00000008   Code   RO          155    i.SysTick_SetReload  stm32f10x_systick.o
    0x080014c0   0x080014c0   0x00000060   Code   RO          649    i.SystemInit        system_stm32f10x.o
    0x08001520   0x08001520   0x000000c0   Code   RO           21    i.UART4_Configuration  main.o
    0x080015e0   0x080015e0   0x000000a0   Code   RO           23    i.USART1_Configuration  main.o
    0x08001680   0x08001680   0x000000a4   Code   RO           24    i.USART2_Configuration  main.o
    0x08001724   0x08001724   0x000000a8   Code   RO           25    i.USART3_Configuration  main.o
    0x080017cc   0x080017cc   0x00000012   Code   RO          608    i.USART_ClearFlag   stm32f10x_usart.o
    0x080017de   0x080017de   0x00000018   Code   RO          612    i.USART_Cmd         stm32f10x_usart.o
    0x080017f6   0x080017f6   0x0000001a   Code   RO          615    i.USART_GetFlagStatus  stm32f10x_usart.o
    0x08001810   0x08001810   0x00000054   Code   RO          616    i.USART_GetITStatus  stm32f10x_usart.o
    0x08001864   0x08001864   0x0000004a   Code   RO          618    i.USART_ITConfig    stm32f10x_usart.o
    0x080018ae   0x080018ae   0x00000002   PAD
    0x080018b0   0x080018b0   0x000000d8   Code   RO          619    i.USART_Init        stm32f10x_usart.o
    0x08001988   0x08001988   0x0000000a   Code   RO          626    i.USART_ReceiveData  stm32f10x_usart.o
    0x08001992   0x08001992   0x00000008   Code   RO          629    i.USART_SendData    stm32f10x_usart.o
    0x0800199a   0x0800199a   0x00000004   Code   RO          150    i.UsageFault_Handler  stm32f10x_it.o
    0x0800199e   0x0800199e   0x00000002   PAD
    0x080019a0   0x080019a0   0x00000020   Code   RO          736    i.__0printf$5       mc_w.l(printf5.o)
    0x080019c0   0x080019c0   0x00000028   Code   RO          738    i.__0sprintf$5      mc_w.l(printf5.o)
    0x080019e8   0x080019e8   0x00000008   Code   RO          834    i.__aeabi_errno_addr  mc_w.l(errno.o)
    0x080019f0   0x080019f0   0x0000000e   Code   RO          869    i.__scatterload_copy  mc_w.l(handlers.o)
    0x080019fe   0x080019fe   0x00000002   Code   RO          870    i.__scatterload_null  mc_w.l(handlers.o)
    0x08001a00   0x08001a00   0x0000000e   Code   RO          871    i.__scatterload_zeroinit  mc_w.l(handlers.o)
    0x08001a0e   0x08001a0e   0x00000002   PAD
    0x08001a10   0x08001a10   0x000002c0   Code   RO          743    i._printf_core      mc_w.l(printf5.o)
    0x08001cd0   0x08001cd0   0x0000000a   Code   RO          745    i._sputc            mc_w.l(printf5.o)
    0x08001cda   0x08001cda   0x00000002   PAD
    0x08001cdc   0x08001cdc   0x00000018   Code   RO           31    i.beep2             main.o
    0x08001cf4   0x08001cf4   0x00000018   Code   RO           33    i.beep4             main.o
    0x08001d0c   0x08001d0c   0x00000018   Code   RO           34    i.beep5             main.o
    0x08001d24   0x08001d24   0x0000000a   Code   RO           35    i.beepError         main.o
    0x08001d2e   0x08001d2e   0x00000002   PAD
    0x08001d30   0x08001d30   0x00000054   Code   RO           36    i.caseMenu          main.o
    0x08001d84   0x08001d84   0x0000000c   Code   RO           37    i.cell_sentdata     main.o
    0x08001d90   0x08001d90   0x00000018   Code   RO           38    i.checkBit          main.o
    0x08001da8   0x08001da8   0x0000004c   Code   RO           39    i.clearDot          main.o
    0x08001df4   0x08001df4   0x0000001c   Code   RO           40    i.clearKeyValue     main.o
    0x08001e10   0x08001e10   0x00000030   Code   RO           41    i.clearReadlineInsector  main.o
    0x08001e40   0x08001e40   0x00000038   Code   RO           43    i.configDisplay     main.o
    0x08001e78   0x08001e78   0x00000038   Code   RO           44    i.configFlash       main.o
    0x08001eb0   0x08001eb0   0x0000011c   Code   RO           45    i.confirm           main.o
    0x08001fcc   0x08001fcc   0x00000148   Code   RO           48    i.createFile        main.o
    0x08002114   0x08002114   0x00000054   Code   RO           49    i.createFileAndWrite  main.o
    0x08002168   0x08002168   0x00000044   Code   RO          156    i.delay_init        systick.o
    0x080021ac   0x080021ac   0x00000054   Code   RO          157    i.delay_ms          systick.o
    0x08002200   0x08002200   0x00000028   Code   RO           51    i.displayPrepare    main.o
    0x08002228   0x08002228   0x00000018   Code   RO           52    i.errorBreak        main.o
    0x08002240   0x08002240   0x0000008c   Code   RO           54    i.ex_cdWithPath     main.o
    0x080022cc   0x080022cc   0x0000004c   Code   RO           55    i.ex_checkFileType  main.o
    0x08002318   0x08002318   0x00000018   Code   RO           56    i.ex_checkSlash     main.o
    0x08002330   0x08002330   0x00000018   Code   RO           57    i.ex_countPath      main.o
    0x08002348   0x08002348   0x00000038   Code   RO           58    i.ex_exitOncePath   main.o
    0x08002380   0x08002380   0x00000130   Code   RO           59    i.ex_openDir        main.o
    0x080024b0   0x080024b0   0x0000004c   Code   RO           60    i.ex_savePath       main.o
    0x080024fc   0x080024fc   0x00000160   Code   RO           61    i.fileName          main.o
    0x0800265c   0x0800265c   0x000001c0   Code   RO           62    i.fileWrite         main.o
    0x0800281c   0x0800281c   0x00000038   Code   RO           63    i.findCurrentPageInArr  main.o
    0x08002854   0x08002854   0x00000048   Code   RO           64    i.findPreviousPage  main.o
    0x0800289c   0x0800289c   0x000000a4   Code   RO           66    i.fputc             main.o
    0x08002940   0x08002940   0x00000034   Code   RO           67    i.getBatterry       main.o
    0x08002974   0x08002974   0x000000d8   Code   RO           68    i.getBluetoothName  main.o
    0x08002a4c   0x08002a4c   0x000000c4   Code   RO           69    i.getFileSize       main.o
    0x08002b10   0x08002b10   0x00000034   Code   RO           71    i.getMuteStatus     main.o
    0x08002b44   0x08002b44   0x0000002c   Code   RO           72    i.get_CurrentLine   main.o
    0x08002b70   0x08002b70   0x00000248   Code   RO           73    i.gotoLine_EnterLine  main.o
    0x08002db8   0x08002db8   0x00000040   Code   RO           74    i.gotoLine_getLine  main.o
    0x08002df8   0x08002df8   0x0000002c   Code   RO           75    i.gotoLine_getSectorInline  main.o
    0x08002e24   0x08002e24   0x00000014   Code   RO           76    i.gotoLine_get_int_len  main.o
    0x08002e38   0x08002e38   0x000001a4   Code   RO           77    i.initSlidingMode   main.o
    0x08002fdc   0x08002fdc   0x0000014a   Code   RO           78    i.keyMapping        main.o
    0x08003126   0x08003126   0x00000002   PAD
    0x08003128   0x08003128   0x00000618   Code   RO           79    i.keyRead           main.o
    0x08003740   0x08003740   0x00000088   Code   RO           80    i.keyboardMode      main.o
    0x080037c8   0x080037c8   0x00000094   Code   RO           81    i.main              main.o
    0x0800385c   0x0800385c   0x00000060   Code   RO           82    i.mainMenuDisplayMode4  main.o
    0x080038bc   0x080038bc   0x0000006c   Code   RO          801    i.malloc            mc_w.l(malloc.o)
    0x08003928   0x08003928   0x0000002e   Code   RO           83    i.mapCursor         main.o
    0x08003956   0x08003956   0x00000002   PAD
    0x08003958   0x08003958   0x00000280   Code   RO           85    i.mode4             main.o
    0x08003bd8   0x08003bd8   0x00000056   Code   RO           87    i.notepad_append    main.o
    0x08003c2e   0x08003c2e   0x00000002   PAD
    0x08003c30   0x08003c30   0x00000034   Code   RO           88    i.notepad_checkEnterSignInLine  main.o
    0x08003c64   0x08003c64   0x00000038   Code   RO           89    i.notepad_checkMaxLine  main.o
    0x08003c9c   0x08003c9c   0x00000054   Code   RO           90    i.notepad_checkenterAndpush  main.o
    0x08003cf0   0x08003cf0   0x00000028   Code   RO           91    i.notepad_countEnterSign  main.o
    0x08003d18   0x08003d18   0x00000030   Code   RO           92    i.notepad_countLinewithOutLNsign  main.o
    0x08003d48   0x08003d48   0x00000016   Code   RO           93    i.notepad_countStr  main.o
    0x08003d5e   0x08003d5e   0x00000002   PAD
    0x08003d60   0x08003d60   0x000000b4   Code   RO           94    i.notepad_fillEnterSign  main.o
    0x08003e14   0x08003e14   0x00000010   Code   RO           95    i.notepad_getnullPostion  main.o
    0x08003e24   0x08003e24   0x00000034   Code   RO           96    i.notepad_lineIsEnter  main.o
    0x08003e58   0x08003e58   0x000008e4   Code   RO           97    i.notepad_main      main.o
    0x0800473c   0x0800473c   0x000000a4   Code   RO           98    i.notepad_readKey   main.o
    0x080047e0   0x080047e0   0x0000001a   Code   RO           99    i.notepad_removeEnterSign  main.o
    0x080047fa   0x080047fa   0x00000002   PAD
    0x080047fc   0x080047fc   0x00000060   Code   RO          101    i.page_findNextPage  main.o
    0x0800485c   0x0800485c   0x000001ec   Code   RO          103    i.prepareSD_Card    main.o
    0x08004a48   0x08004a48   0x0000006c   Code   RO          104    i.printDot          main.o
    0x08004ab4   0x08004ab4   0x00000030   Code   RO          106    i.printStringInLine  main.o
    0x08004ae4   0x08004ae4   0x00000080   Code   RO          107    i.printStringLR     main.o
    0x08004b64   0x08004b64   0x0000006c   Code   RO          108    i.queryLine         main.o
    0x08004bd0   0x08004bd0   0x00000028   Code   RO          220    i.rdsr              spi_flash.o
    0x08004bf8   0x08004bf8   0x000003d0   Code   RO          109    i.readFileFromCH376sToFlashRom  main.o
    0x08004fc8   0x08004fc8   0x00000038   Code   RO          110    i.readSecter        main.o
    0x08005000   0x08005000   0x00000068   Code   RO          111    i.readmode_countLineInOneSector  main.o
    0x08005068   0x08005068   0x0000001c   Code   RO          113    i.removeChar        main.o
    0x08005084   0x08005084   0x0000017c   Code   RO          114    i.removeDataInFileTemp  main.o
    0x08005200   0x08005200   0x000002f4   Code   RO          115    i.saveName          main.o
    0x080054f4   0x080054f4   0x00000318   Code   RO          116    i.searchFile2       main.o
    0x0800580c   0x0800580c   0x00000044   Code   RO          221    i.sect_clr          spi_flash.o
    0x08005850   0x08005850   0x00000020   Code   RO          117    i.sendCommandtoAtmega  main.o
    0x08005870   0x08005870   0x0000006c   Code   RO          118    i.sendUart          main.o
    0x080058dc   0x080058dc   0x00000014   Code   RO          119    i.sentdata_cell     main.o
    0x080058f0   0x080058f0   0x00000074   Code   RO          120    i.setFileLength     main.o
    0x08005964   0x08005964   0x0000002c   Code   RO          121    i.setFileWrite      main.o
    0x08005990   0x08005990   0x00000034   Code   RO          122    i.setFilename       main.o
    0x080059c4   0x080059c4   0x00000030   Code   RO          123    i.setFoldername     main.o
    0x080059f4   0x080059f4   0x00000604   Code   RO          124    i.slidText2Displayv2  main.o
    0x08005ff8   0x08005ff8   0x000000ec   Code   RO          126    i.stringToUnicodeAndSendToDisplay  main.o
    0x080060e4   0x080060e4   0x00000140   Code   RO          127    i.stringToUnicodeAndSendToDisplayC  main.o
    0x08006224   0x08006224   0x000000a0   Code   RO          129    i.subStringLanR     main.o
    0x080062c4   0x080062c4   0x00000050   Code   RO          130    i.substringRemoveEnter2  main.o
    0x08006314   0x08006314   0x0000003c   Code   RO          131    i.sumLineInPreviousSec  main.o
    0x08006350   0x08006350   0x00000034   Code   RO          132    i.sumLineInSector   main.o
    0x08006384   0x08006384   0x0000005c   Code   RO          133    i.testCell          main.o
    0x080063e0   0x080063e0   0x00000048   Code   RO          134    i.unicode_to_ASCII  main.o
    0x08006428   0x08006428   0x00000030   Code   RO          135    i.upperASCII        main.o
    0x08006458   0x08006458   0x00000024   Code   RO          223    i.wdis              spi_flash.o
    0x0800647c   0x0800647c   0x00000020   Code   RO          224    i.wen               spi_flash.o
    0x0800649c   0x0800649c   0x00000016   Code   RO          225    i.wip               spi_flash.o
    0x080064b2   0x080064b2   0x00000002   PAD
    0x080064b4   0x080064b4   0x000000c0   Code   RO          136    i.writeFile4096     main.o
    0x08006574   0x08006574   0x0000003c   Code   RO          137    i.writeFlash        main.o
    0x080065b0   0x080065b0   0x00000040   Code   RO          226    i.wsr               spi_flash.o
    0x080065f0   0x080065f0   0x0000004f   Data   RO          139    .constdata          main.o
    0x0800663f   0x0800663f   0x00000081   Data   RO          850    .constdata          mc_w.l(ctype_o.o)
    0x080066c0   0x080066c0   0x00000004   Data   RO          851    .constdata          mc_w.l(ctype_o.o)
    0x080066c4   0x080066c4   0x000000db   Data   RO          140    .conststring        main.o
    0x0800679f   0x0800679f   0x00000001   PAD
    0x080067a0   0x080067a0   0x00000020   Data   RO          867    Region$$Table       anon$$obj.o


    Execution Region RW_IRAM1 (Exec base: 0x20000000, Load base: 0x080067c0, Size: 0x00005220, Max: 0x0000c000, ABSOLUTE, COMPRESSED[0x0000015c])

    Exec Addr    Load Addr    Size         Type   Attr      Idx    E Section Name        Object

    0x20000000   COMPRESSED   0x000002a4   Data   RW          141    .data               main.o
    0x200002a4   COMPRESSED   0x00000005   Data   RW          159    .data               systick.o
    0x200002a9   COMPRESSED   0x00000014   Data   RW          261    .data               stm32f10x_rcc.o
    0x200002bd   COMPRESSED   0x00000003   PAD
    0x200002c0   COMPRESSED   0x00000004   Data   RW          829    .data               mc_w.l(stdout.o)
    0x200002c4   COMPRESSED   0x00000004   Data   RW          832    .data               mc_w.l(mvars.o)
    0x200002c8   COMPRESSED   0x00000004   Data   RW          833    .data               mc_w.l(mvars.o)
    0x200002cc   COMPRESSED   0x00000004   Data   RW          837    .data               mc_w.l(errno.o)
    0x200002d0        -       0x00002950   Zero   RW          138    .bss                main.o
    0x20002c20        -       0x00002000   Zero   RW          227    .bss                spi_flash.o
    0x20004c20        -       0x00000200   Zero   RW          652    HEAP                startup_stm32f10x_hd.o
    0x20004e20        -       0x00000400   Zero   RW          651    STACK               startup_stm32f10x_hd.o


==============================================================================

Image component sizes


      Code (inc. data)   RO Data    RW Data    ZI Data      Debug   Object Name

     21498       4356        298        676      10576          0   main.o
        40          0          0          0          0          0   misc.o
       584         44          0          0       8192          0   spi_flash.o
        36          8        304          0       1536          0   startup_stm32f10x_hd.o
       286          0          0          0          0          0   stm32f10x_gpio.o
        26          0          0          0          0          0   stm32f10x_it.o
       276         32          0         20          0          0   stm32f10x_rcc.o
       118          0          0          0          0          0   stm32f10x_spi.o
       146          0          0          0          0          0   stm32f10x_systick.o
       460          6          0          0          0          0   stm32f10x_usart.o
       328         28          0          0          0          0   system_stm32f10x.o
       152         24          0          5          0          0   systick.o

    ----------------------------------------------------------------------
     23976       4498        635        704      20304          0   Object Totals
         0          0         32          0          0          0   (incl. Generated)
        26          0          1          3          0          0   (incl. Padding)

    ----------------------------------------------------------------------

      Code (inc. data)   RO Data    RW Data    ZI Data      Debug   Library Member Name

        86          0          0          0          0          0   __dczerorl2.o
        28          0          0          0          0          0   _chval.o
       158          0          0          0          0          0   _strtoul.o
        26          0          0          0          0          0   atoi.o
         8          4        133          0          0          0   ctype_o.o
         0          0          0          0          0          0   entry.o
         0          0          0          0          0          0   entry10a.o
         0          0          0          0          0          0   entry11a.o
         8          4          0          0          0          0   entry2.o
         4          0          0          0          0          0   entry5.o
         0          0          0          0          0          0   entry7b.o
         0          0          0          0          0          0   entry8b.o
         8          4          0          0          0          0   entry9a.o
         8          4          0          4          0          0   errno.o
        30          0          0          0          0          0   handlers.o
        36          8          0          0          0          0   init.o
        30          0          0          0          0          0   llshl.o
        32          0          0          0          0          0   llushr.o
       108         16          0          0          0          0   malloc.o
        64          0          0          0          0          0   memmovea.o
        36          0          0          0          0          0   memseta.o
         0          0          0          8          0          0   mvars.o
       786         62          0          0          0          0   printf5.o
         0          0          0          4          0          0   stdout.o
        24          0          0          0          0          0   strcat.o
        28          0          0          0          0          0   strcmp.o
        18          0          0          0          0          0   strcpy.o
        14          0          0          0          0          0   strlen.o
        24          0          0          0          0          0   strncpy.o
        36          0          0          0          0          0   strstr.o
       112          0          0          0          0          0   strtol.o
        98          0          0          0          0          0   uldiv.o

    ----------------------------------------------------------------------
      1816        102        133         16          0          0   Library Totals
         6          0          0          0          0          0   (incl. Padding)

    ----------------------------------------------------------------------

      Code (inc. data)   RO Data    RW Data    ZI Data      Debug   Library Name

      1810        102        133         16          0          0   mc_w.l

    ----------------------------------------------------------------------
      1816        102        133         16          0          0   Library Totals

    ----------------------------------------------------------------------

==============================================================================


      Code (inc. data)   RO Data    RW Data    ZI Data      Debug   

     25792       4600        768        720      20304          0   Grand Totals
     25792       4600        768        348      20304          0   ELF Image Totals (compressed)
     25792       4600        768        348          0          0   ROM Totals

==============================================================================

    Total RO  Size (Code + RO Data)                26560 (  25.94kB)
    Total RW  Size (RW Data + ZI Data)             21024 (  20.53kB)
    Total ROM Size (Code + RO Data + RW Data)      26908 (  26.28kB)

==============================================================================

