Component: ARM Compiler 5.06 update 6 (build 750) Tool: armlink [4d35ed]

==============================================================================

Section Cross References

    main.o(i.BluetoothMode) refers to stm32f10x_usart.o(i.USART_GetITStatus) for USART_GetITStatus
    main.o(i.BluetoothMode) refers to stm32f10x_usart.o(i.USART_ReceiveData) for USART_ReceiveData
    main.o(i.BluetoothMode) refers to printf5.o(i.__0printf$5) for __2printf
    main.o(i.BluetoothMode) refers to main.o(i.ConnectBLE) for ConnectBLE
    main.o(i.BluetoothMode) refers to main.o(i.sendUart) for sendUart
    main.o(i.BluetoothMode) refers to stm32f10x_gpio.o(i.GPIO_ResetBits) for GPIO_ResetBits
    main.o(i.BluetoothMode) refers to main.o(i.Delay) for Delay
    main.o(i.BluetoothMode) refers to main.o(i.cell_sentdata) for cell_sentdata
    main.o(i.BluetoothMode) refers to stm32f10x_gpio.o(i.GPIO_SetBits) for GPIO_SetBits
    main.o(i.BluetoothMode) refers to main.o(.data) for hexbuffer
    main.o(i.BluetoothMode) refers to main.o(.bss) for BLEConBuffer
    main.o(i.CH376Init) refers to main.o(i.CH376_SetReadForm_SD) for CH376_SetReadForm_SD
    main.o(i.CH376Init) refers to main.o(i.CH376_Disk_Connect) for CH376_Disk_Connect
    main.o(i.CH376Init) refers to main.o(i.CH376_UsbDiskMount) for CH376_UsbDiskMount
    main.o(i.CH376_Disk_Connect) refers to main.o(i.SendCH370) for SendCH370
    main.o(i.CH376_Disk_Connect) refers to main.o(i.waitRespon) for waitRespon
    main.o(i.CH376_Disk_Connect) refers to main.o(.data) for DiskConnect
    main.o(i.CH376_GetFileSize) refers to main.o(i.SendCH370) for SendCH370
    main.o(i.CH376_GetFileSize) refers to main.o(i.waitRespon) for waitRespon
    main.o(i.CH376_GetFileSize) refers to printf5.o(i.__0printf$5) for __2printf
    main.o(i.CH376_GetFileSize) refers to main.o(.bss) for filesize__
    main.o(i.CH376_GetFileSize) refers to main.o(.data) for FileSize
    main.o(i.CH376_SetReadForm_SD) refers to main.o(i.SendCH370) for SendCH370
    main.o(i.CH376_SetReadForm_SD) refers to main.o(i.waitRespon) for waitRespon
    main.o(i.CH376_SetReadForm_SD) refers to main.o(.data) for setSDCard
    main.o(i.CH376_UsbDiskMount) refers to main.o(i.SendCH370) for SendCH370
    main.o(i.CH376_UsbDiskMount) refers to systick.o(i.delay_ms) for delay_ms
    main.o(i.CH376_UsbDiskMount) refers to main.o(i.waitRespon) for waitRespon
    main.o(i.CH376_UsbDiskMount) refers to main.o(.data) for USBDiskMount
    main.o(i.ConnectBLE) refers to stm32f10x_usart.o(i.USART_SendData) for USART_SendData
    main.o(i.ConnectBLE) refers to stm32f10x_usart.o(i.USART_GetFlagStatus) for USART_GetFlagStatus
    main.o(i.ConnectBLE) refers to main.o(.data) for connectData
    main.o(i.DeleteFile) refers to main.o(i.setFilename) for setFilename
    main.o(i.DeleteFile) refers to systick.o(i.delay_ms) for delay_ms
    main.o(i.DeleteFile) refers to main.o(i.SendCH370) for SendCH370
    main.o(i.DeleteFile) refers to stm32f10x_usart.o(i.USART_GetITStatus) for USART_GetITStatus
    main.o(i.DeleteFile) refers to stm32f10x_usart.o(i.USART_ReceiveData) for USART_ReceiveData
    main.o(i.DeleteFile) refers to main.o(.data) for command_
    main.o(i.DeleteFolder) refers to main.o(i.upperASCII) for upperASCII
    main.o(i.DeleteFolder) refers to main.o(i.setFoldername) for setFoldername
    main.o(i.DeleteFolder) refers to systick.o(i.delay_ms) for delay_ms
    main.o(i.DeleteFolder) refers to main.o(i.SendCH370) for SendCH370
    main.o(i.DeleteFolder) refers to stm32f10x_usart.o(i.USART_GetITStatus) for USART_GetITStatus
    main.o(i.DeleteFolder) refers to stm32f10x_usart.o(i.USART_ReceiveData) for USART_ReceiveData
    main.o(i.DeleteFolder) refers to main.o(.data) for command_
    main.o(i.DeleteFolder) refers to main.o(.bss) for buffascii
    main.o(i.Flash_ReadWriteByte2) refers to stm32f10x_spi.o(i.SPI_I2S_GetFlagStatus) for SPI_I2S_GetFlagStatus
    main.o(i.Flash_ReadWriteByte2) refers to stm32f10x_spi.o(i.SPI_I2S_SendData) for SPI_I2S_SendData
    main.o(i.Flash_ReadWriteByte2) refers to stm32f10x_spi.o(i.SPI_I2S_ReceiveData) for SPI_I2S_ReceiveData
    main.o(i.GPIO_Configuration) refers to stm32f10x_rcc.o(i.RCC_APB2PeriphClockCmd) for RCC_APB2PeriphClockCmd
    main.o(i.GPIO_Configuration) refers to stm32f10x_gpio.o(i.GPIO_Init) for GPIO_Init
    main.o(i.Init_SPI) refers to stm32f10x_rcc.o(i.RCC_APB2PeriphClockCmd) for RCC_APB2PeriphClockCmd
    main.o(i.Init_SPI) refers to stm32f10x_gpio.o(i.GPIO_Init) for GPIO_Init
    main.o(i.Init_SPI) refers to stm32f10x_gpio.o(i.GPIO_SetBits) for GPIO_SetBits
    main.o(i.Init_SPI) refers to stm32f10x_spi.o(i.SPI_Cmd) for SPI_Cmd
    main.o(i.Init_SPI) refers to stm32f10x_spi.o(i.SPI_I2S_ClearFlag) for SPI_I2S_ClearFlag
    main.o(i.MainPrograme) refers to main.o(i.keyRead) for keyRead
    main.o(i.MainPrograme) refers to main.o(i.notepad_main) for notepad_main
    main.o(i.MainPrograme) refers to main.o(i.searchFile2) for searchFile2
[...]
    i.gotoLine_get_int_len                   0x08002d10   Section        0  main.o(i.gotoLine_get_int_len)
    i.initSlidingMode                        0x08002d24   Section        0  main.o(i.initSlidingMode)
    i.isSpaceKey                             0x08002ec8   Section        0  main.o(i.isSpaceKey)
    i.keyMapping                             0x08002ede   Section        0  main.o(i.keyMapping)
    i.keyRead                                0x080030b4   Section        0  main.o(i.keyRead)
    i.keyboardMode                           0x080038e0   Section        0  main.o(i.keyboardMode)
    i.main                                   0x08003968   Section        0  main.o(i.main)
    i.mainMenuDisplayMode4                   0x08003a18   Section        0  main.o(i.mainMenuDisplayMode4)
    i.malloc                                 0x08003a78   Section        0  malloc.o(i.malloc)
    i.mapCursor                              0x08003ae4   Section        0  main.o(i.mapCursor)
    i.mark_CreateMarkFileConfig              0x08003b14   Section        0  main.o(i.mark_CreateMarkFileConfig)
    i.mark_RemoveArrayAtIndex                0x08003b6c   Section        0  main.o(i.mark_RemoveArrayAtIndex)
    i.mark_filterPageToArray                 0x08003b9c   Section        0  main.o(i.mark_filterPageToArray)
    i.mark_findIndexForInsert                0x08003c1c   Section        0  main.o(i.mark_findIndexForInsert)
    i.mark_findIndexOfArray                  0x08003c48   Section        0  main.o(i.mark_findIndexOfArray)
    i.mark_findListTotalInArray              0x08003c70   Section        0  main.o(i.mark_findListTotalInArray)
    i.mark_getEndSign                        0x08003c8c   Section        0  main.o(i.mark_getEndSign)
    i.mark_hasFileConfig                     0x08003cbc   Section        0  main.o(i.mark_hasFileConfig)
    i.mark_init                              0x08003cd8   Section        0  main.o(i.mark_init)
    i.mark_insertLine                        0x08003ce4   Section        0  main.o(i.mark_insertLine)
    i.mark_insertMark                        0x08003d94   Section        0  main.o(i.mark_insertMark)
    i.mark_readFormROM                       0x08003de4   Section        0  main.o(i.mark_readFormROM)
    i.mark_searchName                        0x08003e54   Section        0  main.o(i.mark_searchName)
    i.mark_sizeOfList                        0x08003eb0   Section        0  main.o(i.mark_sizeOfList)
    i.mark_sortPageAndStore                  0x08003ec8   Section        0  main.o(i.mark_sortPageAndStore)
    i.mark_str_replace                       0x08003f00   Section        0  main.o(i.mark_str_replace)
    i.mode4                                  0x08003fbc   Section        0  main.o(i.mode4)
    i.notepad_append                         0x0800423c   Section        0  main.o(i.notepad_append)
    i.notepad_checkEnterSignInLine           0x08004294   Section        0  main.o(i.notepad_checkEnterSignInLine)
    i.notepad_checkMaxLine                   0x080042c8   Section        0  main.o(i.notepad_checkMaxLine)
    i.notepad_checkenterAndpush              0x08004300   Section        0  main.o(i.notepad_checkenterAndpush)
    i.notepad_countEnterSign                 0x08004354   Section        0  main.o(i.notepad_countEnterSign)
    i.notepad_countLinewithOutLNsign         0x0800437c   Section        0  main.o(i.notepad_countLinewithOutLNsign)
    i.notepad_countStr                       0x080043ac   Section        0  main.o(i.notepad_countStr)
    i.notepad_fillEnterSign                  0x080043c4   Section        0  main.o(i.notepad_fillEnterSign)
    i.notepad_getnullPostion                 0x08004478   Section        0  main.o(i.notepad_getnullPostion)
    i.notepad_lineIsEnter                    0x08004488   Section        0  main.o(i.notepad_lineIsEnter)
    i.notepad_main                           0x080044bc   Section        0  main.o(i.notepad_main)
    i.notepad_readKey                        0x08004ed8   Section        0  main.o(i.notepad_readKey)
    i.notepad_removeEnterSign                0x08004f7c   Section        0  main.o(i.notepad_removeEnterSign)
    i.page_findNextPage                      0x08004f98   Section        0  main.o(i.page_findNextPage)
    i.prepareEditor                          0x08004ff8   Section        0  main.o(i.prepareEditor)
    i.printDot                               0x080050b4   Section        0  main.o(i.printDot)
    i.printStringInLine                      0x08005120   Section        0  main.o(i.printStringInLine)
    i.printStringLR                          0x08005150   Section        0  main.o(i.printStringLR)
    i.queryLine                              0x080051d0   Section        0  main.o(i.queryLine)
    i.rdsr                                   0x0800523c   Section        0  spi_flash.o(i.rdsr)
    i.readFileFromCH376sToFlashRom           0x08005264   Section        0  main.o(i.readFileFromCH376sToFlashRom)
    i.readSecter                             0x080056a0   Section        0  main.o(i.readSecter)
    i.readTextFileToMemmory                  0x080056d8   Section        0  main.o(i.readTextFileToMemmory)
    i.readmode_countLineInOneSector          0x08005a64   Section        0  main.o(i.readmode_countLineInOneSector)
    i.removeChar                             0x08005acc   Section        0  main.o(i.removeChar)
    i.removeDataInFileTemp                   0x08005ae8   Section        0  main.o(i.removeDataInFileTemp)
    i.saveName                               0x08005c28   Section        0  main.o(i.saveName)
    i.searchFile2                            0x08005f1c   Section        0  main.o(i.searchFile2)
    i.sect_clr                               0x08006248   Section        0  spi_flash.o(i.sect_clr)
    i.sendCommandtoAtmega                    0x0800628c   Section        0  main.o(i.sendCommandtoAtmega)
    i.sendUart                               0x080062ac   Section        0  main.o(i.sendUart)
    i.sentdata_cell                          0x08006318   Section        0  main.o(i.sentdata_cell)
    i.setFileLength                          0x0800632c   Section        0  main.o(i.setFileLength)
    i.setFileWrite                           0x080063a0   Section        0  main.o(i.setFileWrite)
    i.setFilename                            0x080063cc   Section        0  main.o(i.setFilename)
    i.setFoldername                          0x08006448   Section        0  main.o(i.setFoldername)
    i.slidText2Displayv2                     0x08006478   Section        0  main.o(i.slidText2Displayv2)
    i.stringToUnicodeAndSendToDisplay        0x08006d54   Section        0  main.o(i.stringToUnicodeAndSendToDisplay)
    i.stringToUnicodeAndSendToDisplayC       0x08006e40   Section        0  main.o(i.stringToUnicodeAndSendToDisplayC)
    i.subStringLanR                          0x08006f80   Section        0  main.o(i.subStringLanR)
    i.substringRemoveEnter2                  0x08007020   Section        0  main.o(i.substringRemoveEnter2)
    i.sumLineInPreviousSec                   0x08007070   Section        0  main.o(i.sumLineInPreviousSec)
    i.sumLineInSector                        0x080070ac   Section        0  main.o(i.sumLineInSector)
    i.testCell                               0x080070e0   Section        0  main.o(i.testCell)
    i.unicode_to_ASCII                       0x0800713c   Section        0  main.o(i.unicode_to_ASCII)
    i.upperASCII                             0x08007184   Section        0  main.o(i.upperASCII)
    i.waitRespon                             0x080071b4   Section        0  main.o(i.waitRespon)
    i.wdis                                   0x08007200   Section        0  spi_flash.o(i.wdis)
    i.wen                                    0x08007224   Section        0  spi_flash.o(i.wen)
    i.wip                                    0x08007244   Section        0  spi_flash.o(i.wip)
    i.writeFile4096                          0x0800725c   Section        0  main.o(i.writeFile4096)
    i.writeFlash                             0x0800731c   Section        0  main.o(i.writeFlash)
    i.wsr                                    0x080073c4   Section        0  spi_flash.o(i.wsr)
    .constdata                               0x08007404   Section       79  main.o(.constdata)
    .constdata                               0x08007453   Section      129  ctype_o.o(.constdata)
    .constdata                               0x080074d4   Section        4  ctype_o.o(.constdata)
    table                                    0x080074d4   Data           4  ctype_o.o(.constdata)
    .conststring                             0x080074d8   Section      219  main.o(.conststring)
    .data                                    0x20000000   Section      774  main.o(.data)
    .data                                    0x20000306   Section        5  systick.o(.data)
    delay_fac_us                             0x20000306   Data           1  systick.o(.data)
    delay_fac_ms                             0x20000308   Data           2  systick.o(.data)
    Status                                   0x2000030a   Data           1  systick.o(.data)
    .data                                    0x2000030b   Section       20  stm32f10x_rcc.o(.data)
    APBAHBPrescTable                         0x2000030b   Data          16  stm32f10x_rcc.o(.data)
    ADCPrescTable                            0x2000031b   Data           4  stm32f10x_rcc.o(.data)
    .data                                    0x20000320   Section        4  stdout.o(.data)
    .data                                    0x20000324   Section        4  mvars.o(.data)
    .data                                    0x20000328   Section        4  mvars.o(.data)
    .data                                    0x2000032c   Section        4  errno.o(.data)
    _errno                                   0x2000032c   Data           4  errno.o(.data)
    .bss                                     0x20000330   Section    15246  main.o(.bss)
    .bss                                     0x20003ebe   Section     8192  spi_flash.o(.bss)
    HEAP                                     0x20005ec0   Section      512  startup_stm32f10x_hd.o(HEAP)
    STACK                                    0x200060c0   Section     1024  startup_stm32f10x_hd.o(STACK)

    Global Symbols

    Symbol Name                              Value     Ov Type        Size  Object(Section)

    BuildAttributes$$THM_ISAv4$P$D$K$B$S$PE$A:L22UL41UL21$X:L11$S22US41US21$IEEE1$IW$USESV6$~STKCKD$USESV7$~SHL$OSPACE$ROPI$EBA8$MICROLIB$REQ8$PRES8$EABIv2 0x00000000   Number         0  anon$$obj.o ABSOLUTE
    __ARM_use_no_argv                        0x00000000   Number         0  main.o ABSOLUTE
    _printf_a                                0x00000000   Number         0  stubs.o ABSOLUTE
    _printf_c                                0x00000000   Number         0  stubs.o ABSOLUTE
    _printf_charcount                        0x00000000   Number         0  stubs.o ABSOLUTE
    _printf_d                                0x00000000   Number         0  stubs.o ABSOLUTE
    _printf_e                                0x00000000   Number         0  stubs.o ABSOLUTE
    _printf_f                                0x00000000   Number         0  stubs.o ABSOLUTE
    _printf_flags                            0x00000000   Number         0  stubs.o ABSOLUTE
    _printf_fp_dec                           0x00000000   Number         0  stubs.o ABSOLUTE
    _printf_fp_hex                           0x00000000   Number         0  stubs.o ABSOLUTE
    _printf_g                                0x00000000   Number         0  stubs.o ABSOLUTE
    _printf_i                                0x00000000   Number         0  stubs.o ABSOLUTE
    _printf_int_dec                          0x00000000   Number         0  stubs.o ABSOLUTE
    _printf_l                                0x00000000   Number         0  stubs.o ABSOLUTE
    _printf_lc                               0x00000000   Number         0  stubs.o ABSOLUTE
    _printf_ll                               0x00000000   Number         0  stubs.o ABSOLUTE
    _printf_lld                              0x00000000   Number         0  stubs.o ABSOLUTE
    _printf_lli                              0x00000000   Number         0  stubs.o ABSOLUTE
    _printf_llo                              0x00000000   Number         0  stubs.o ABSOLUTE
    _printf_llu                              0x00000000   Number         0  stubs.o ABSOLUTE
    _printf_llx                              0x00000000   Number         0  stubs.o ABSOLUTE
    _printf_longlong_dec                     0x00000000   Number         0  stubs.o ABSOLUTE
    _printf_longlong_hex                     0x00000000   Number         0  stubs.o ABSOLUTE
    _printf_longlong_oct                     0x00000000   Number         0  stubs.o ABSOLUTE
    _printf_ls                               0x00000000   Number         0  stubs.o ABSOLUTE
    _printf_mbtowc                           0x00000000   Number         0  stubs.o ABSOLUTE
    _printf_n                                0x00000000   Number         0  stubs.o ABSOLUTE
    _printf_o                                0x00000000   Number         0  stubs.o ABSOLUTE
    _printf_p                                0x00000000   Number         0  stubs.o ABSOLUTE
    _printf_percent                          0x00000000   Number         0  stubs.o ABSOLUTE
    _printf_pre_padding                      0x00000000   Number         0  stubs.o ABSOLUTE
    _printf_return_value                     0x00000000   Number         0  stubs.o ABSOLUTE
    _printf_s                                0x00000000   Number         0  stubs.o ABSOLUTE
    _printf_sizespec                         0x00000000   Number         0  stubs.o ABSOLUTE
    _printf_str                              0x00000000   Number         0  stubs.o ABSOLUTE
    _printf_truncate_signed                  0x00000000   Number         0  stubs.o ABSOLUTE
    _printf_truncate_unsigned                0x00000000   Number         0  stubs.o ABSOLUTE
    _printf_u                                0x00000000   Number         0  stubs.o ABSOLUTE
    _printf_wc                               0x00000000   Number         0  stubs.o ABSOLUTE
    _printf_wctomb                           0x00000000   Number         0  stubs.o ABSOLUTE
    _printf_widthprec                        0x00000000   Number         0  stubs.o ABSOLUTE
    _printf_x                                0x00000000   Number         0  stubs.o ABSOLUTE
    __cpp_initialize__aeabi_                  - Undefined Weak Reference
    __cxa_finalize                            - Undefined Weak Reference
    _clock_init                               - Undefined Weak Reference
    _microlib_exit                            - Undefined Weak Reference
    __Vectors_Size                           0x00000130   Number         0  startup_stm32f10x_hd.o ABSOLUTE
    __Vectors                                0x08000000   Data           4  startup_stm32f10x_hd.o(RESET)
    __Vectors_End                            0x08000130   Data           0  startup_stm32f10x_hd.o(RESET)
    __main                                   0x08000131   Thumb Code     0  entry.o(.ARM.Collect$$$$00000000)
    _main_stk                                0x08000131   Thumb Code     0  entry2.o(.ARM.Collect$$$$00000001)
    _main_scatterload                        0x08000135   Thumb Code     0  entry5.o(.ARM.Collect$$$$00000004)
    __main_after_scatterload                 0x08000139   Thumb Code     0  entry5.o(.ARM.Collect$$$$00000004)
    _main_clock                              0x08000139   Thumb Code     0  entry7b.o(.ARM.Collect$$$$00000008)
    _main_cpp_init                           0x08000139   Thumb Code     0  entry8b.o(.ARM.Collect$$$$0000000A)
    _main_init                               0x08000139   Thumb Code     0  entry9a.o(.ARM.Collect$$$$0000000B)
    __rt_final_cpp                           0x08000141   Thumb Code     0  entry10a.o(.ARM.Collect$$$$0000000D)
    __rt_final_exit                          0x08000141   Thumb Code     0  entry11a.o(.ARM.Collect$$$$0000000F)
    Reset_Handler                            0x08000145   Thumb Code     8  startup_stm32f10x_hd.o(.text)
    ADC1_2_IRQHandler                        0x0800015f   Thumb Code     0  startup_stm32f10x_hd.o(.text)
    ADC3_IRQHandler                          0x0800015f   Thumb Code     0  startup_stm32f10x_hd.o(.text)
    CAN1_RX1_IRQHandler                      0x0800015f   Thumb Code     0  startup_stm32f10x_hd.o(.text)
    CAN1_SCE_IRQHandler                      0x0800015f   Thumb Code     0  startup_stm32f10x_hd.o(.text)
    DMA1_Channel1_IRQHandler                 0x0800015f   Thumb Code     0  startup_stm32f10x_hd.o(.text)
    DMA1_Channel2_IRQHandler                 0x0800015f   Thumb Code     0  startup_stm32f10x_hd.o(.text)
    DMA1_Channel3_IRQHandler                 0x0800015f   Thumb Code     0  startup_stm32f10x_hd.o(.text)
    DMA1_Channel4_IRQHandler                 0x0800015f   Thumb Code     0  startup_stm32f10x_hd.o(.text)
    DMA1_Channel5_IRQHandler                 0x0800015f   Thumb Code     0  startup_stm32f10x_hd.o(.text)
    DMA1_Channel6_IRQHandler                 0x0800015f   Thumb Code     0  startup_stm32f10x_hd.o(.text)
    DMA1_Channel7_IRQHandler                 0x0800015f   Thumb Code     0  startup_stm32f10x_hd.o(.text)
    DMA2_Channel1_IRQHandler                 0x0800015f   Thumb Code     0  startup_stm32f10x_hd.o(.text)
    DMA2_Channel2_IRQHandler                 0x0800015f   Thumb Code     0  startup_stm32f10x_hd.o(.text)
    DMA2_Channel3_IRQHandler                 0x0800015f   Thumb Code     0  startup_stm32f10x_hd.o(.text)
    DMA2_Channel4_5_IRQHandler               0x0800015f   Thumb Code     0  startup_stm32f10x_hd.o(.text)
    EXTI0_IRQHandler                         0x0800015f   Thumb Code     0  startup_stm32f10x_hd.o(.text)
    EXTI15_10_IRQHandler                     0x0800015f   Thumb Code     0  startup_stm32f10x_hd.o(.text)
    EXTI1_IRQHandler                         0x0800015f   Thumb Code     0  startup_stm32f10x_hd.o(.text)
    EXTI2_IRQHandler                         0x0800015f   Thumb Code     0  startup_stm32f10x_hd.o(.text)
    EXTI3_IRQHandler                         0x0800015f   Thumb Code     0  startup_stm32f10x_hd.o(.text)
    EXTI4_IRQHandler                         0x0800015f   Thumb Code     0  startup_stm32f10x_hd.o(.text)
    EXTI9_5_IRQHandler                       0x0800015f   Thumb Code     0  startup_stm32f10x_hd.o(.text)
    FLASH_IRQHandler                         0x0800015f   Thumb Code     0  startup_stm32f10x_hd.o(.text)
    FSMC_IRQHandler                          0x0800015f   Thumb Code     0  startup_stm32f10x_hd.o(.text)
    I2C1_ER_IRQHandler                       0x0800015f   Thumb Code     0  startup_stm32f10x_hd.o(.text)
    I2C1_EV_IRQHandler                       0x0800015f   Thumb Code     0  startup_stm32f10x_hd.o(.text)
    I2C2_ER_IRQHandler                       0x0800015f   Thumb Code     0  startup_stm32f10x_hd.o(.text)
    I2C2_EV_IRQHandler                       0x0800015f   Thumb Code     0  startup_stm32f10x_hd.o(.text)
    PVD_IRQHandler                           0x0800015f   Thumb Code     0  startup_stm32f10x_hd.o(.text)
    RCC_IRQHandler                           0x0800015f   Thumb Code     0  startup_stm32f10x_hd.o(.text)
    RTCAlarm_IRQHandler                      0x0800015f   Thumb Code     0  startup_stm32f10x_hd.o(.text)
    RTC_IRQHandler                           0x0800015f   Thumb Code     0  startup_stm32f10x_hd.o(.text)
    SDIO_IRQHandler                          0x0800015f   Thumb Code     0  startup_stm32f10x_hd.o(.text)
    SPI1_IRQHandler                          0x0800015f   Thumb Code     0  startup_stm32f10x_hd.o(.text)
    SPI2_IRQHandler                          0x0800015f   Thumb Code     0  startup_stm32f10x_hd.o(.text)
    SPI3_IRQHandler                          0x0800015f   Thumb Code     0  startup_stm32f10x_hd.o(.text)
    TAMPER_IRQHandler                        0x0800015f   Thumb Code     0  startup_stm32f10x_hd.o(.text)
    TIM1_BRK_IRQHandler                      0x0800015f   Thumb Code     0  startup_stm32f10x_hd.o(.text)
    TIM1_CC_IRQHandler                       0x0800015f   Thumb Code     0  startup_stm32f10x_hd.o(.text)
    TIM1_TRG_COM_IRQHandler                  0x0800015f   Thumb Code     0  startup_stm32f10x_hd.o(.text)
    TIM1_UP_IRQHandler                       0x0800015f   Thumb Code     0  startup_stm32f10x_hd.o(.text)
    TIM2_IRQHandler                          0x0800015f   Thumb Code     0  startup_stm32f10x_hd.o(.text)
    TIM3_IRQHandler                          0x0800015f   Thumb Code     0  startup_stm32f10x_hd.o(.text)
    TIM4_IRQHandler                          0x0800015f   Thumb Code     0  startup_stm32f10x_hd.o(.text)
    TIM5_IRQHandler                          0x0800015f   Thumb Code     0  startup_stm32f10x_hd.o(.text)
    TIM6_IRQHandler                          0x0800015f   Thumb Code     0  startup_stm32f10x_hd.o(.text)
    TIM7_IRQHandler                          0x0800015f   Thumb Code     0  startup_stm32f10x_hd.o(.text)
    TIM8_BRK_IRQHandler                      0x0800015f   Thumb Code     0  startup_stm32f10x_hd.o(.text)
    TIM8_CC_IRQHandler                       0x0800015f   Thumb Code     0  startup_stm32f10x_hd.o(.text)
    TIM8_TRG_COM_IRQHandler                  0x0800015f   Thumb Code     0  startup_stm32f10x_hd.o(.text)
    TIM8_UP_IRQHandler                       0x0800015f   Thumb Code     0  startup_stm32f10x_hd.o(.text)
    UART4_IRQHandler                         0x0800015f   Thumb Code     0  startup_stm32f10x_hd.o(.text)
    UART5_IRQHandler                         0x0800015f   Thumb Code     0  startup_stm32f10x_hd.o(.text)
    USART1_IRQHandler                        0x0800015f   Thumb Code     0  startup_stm32f10x_hd.o(.text)
    USART2_IRQHandler                        0x0800015f   Thumb Code     0  startup_stm32f10x_hd.o(.text)
    USART3_IRQHandler                        0x0800015f   Thumb Code     0  startup_stm32f10x_hd.o(.text)
    USBWakeUp_IRQHandler                     0x0800015f   Thumb Code     0  startup_stm32f10x_hd.o(.text)
    USB_HP_CAN1_TX_IRQHandler                0x0800015f   Thumb Code     0  startup_stm32f10x_hd.o(.text)
    USB_LP_CAN1_RX0_IRQHandler               0x0800015f   Thumb Code     0  startup_stm32f10x_hd.o(.text)
    WWDG_IRQHandler                          0x0800015f   Thumb Code     0  startup_stm32f10x_hd.o(.text)
    ___aeabi_memcpy8$move                    0x08000169   Thumb Code     0  memmovea.o(.text)
    __aeabi_memcpy                           0x08000169   Thumb Code    64  memmovea.o(.text)
    __aeabi_memcpy4                          0x08000169   Thumb Code     0  memmovea.o(.text)
    __aeabi_memmove                          0x08000169   Thumb Code     0  memmovea.o(.text)
    __aeabi_memmove4                         0x08000169   Thumb Code     0  memmovea.o(.text)
    __aeabi_memmove8                         0x08000169   Thumb Code     0  memmovea.o(.text)
    __aeabi_memset                           0x080001a9   Thumb Code    14  memseta.o(.text)
    __aeabi_memset4                          0x080001a9   Thumb Code     0  memseta.o(.text)
    __aeabi_memset8                          0x080001a9   Thumb Code     0  memseta.o(.text)
    __aeabi_memclr                           0x080001b7   Thumb Code     4  memseta.o(.text)
    __aeabi_memclr4                          0x080001b7   Thumb Code     0  memseta.o(.text)
    __aeabi_memclr8                          0x080001b7   Thumb Code     0  memseta.o(.text)
    _memset$wrapper                          0x080001bb   Thumb Code    18  memseta.o(.text)
    strcat                                   0x080001cd   Thumb Code    24  strcat.o(.text)
    strstr                                   0x080001e5   Thumb Code    36  strstr.o(.text)
    strncpy                                  0x08000209   Thumb Code    24  strncpy.o(.text)
    strlen                                   0x08000221   Thumb Code    14  strlen.o(.text)
    strcmp                                   0x0800022f   Thumb Code    28  strcmp.o(.text)
    strcpy                                   0x0800024b   Thumb Code    18  strcpy.o(.text)
    atoi                                     0x0800025d   Thumb Code    26  atoi.o(.text)
    __aeabi_uldivmod                         0x08000277   Thumb Code    98  uldiv.o(.text)
    strtol                                   0x080002d9   Thumb Code   112  strtol.o(.text)
    __scatterload                            0x08000349   Thumb Code    28  init.o(.text)
    __scatterload_rt2                        0x08000349   Thumb Code     0  init.o(.text)
    __aeabi_llsl                             0x0800036d   Thumb Code    30  llshl.o(.text)
    _ll_shift_l                              0x0800036d   Thumb Code     0  llshl.o(.text)
    __aeabi_llsr                             0x0800038b   Thumb Code    32  llushr.o(.text)
    _ll_ushift_r                             0x0800038b   Thumb Code     0  llushr.o(.text)
    __rt_ctype_table                         0x080003ad   Thumb Code     4  ctype_o.o(.text)
    _strtoul                                 0x080003b5   Thumb Code   158  _strtoul.o(.text)
    _chval                                   0x08000453   Thumb Code    28  _chval.o(.text)
    __decompress                             0x0800046f   Thumb Code     0  __dczerorl2.o(.text)
    __decompress1                            0x0800046f   Thumb Code    86  __dczerorl2.o(.text)
    BluetoothMode                            0x080004c5   Thumb Code   394  main.o(i.BluetoothMode)
    BusFault_Handler                         0x08000685   Thumb Code     4  stm32f10x_it.o(i.BusFault_Handler)
    CH376Init                                0x08000689   Thumb Code    46  main.o(i.CH376Init)
    CH376_Disk_Connect                       0x080006b9   Thumb Code    22  main.o(i.CH376_Disk_Connect)
    CH376_GetFileSize                        0x080006d5   Thumb Code   116  main.o(i.CH376_GetFileSize)
    CH376_SetReadForm_SD                     0x08000765   Thumb Code    22  main.o(i.CH376_SetReadForm_SD)
    CH376_UsbDiskMount                       0x08000781   Thumb Code    28  main.o(i.CH376_UsbDiskMount)
    ConnectBLE                               0x080007a1   Thumb Code    40  main.o(i.ConnectBLE)
    DebugMon_Handler                         0x080007d1   Thumb Code     2  stm32f10x_it.o(i.DebugMon_Handler)
    Delay                                    0x080007d3   Thumb Code    10  main.o(i.Delay)
    DeleteFile                               0x080007dd   Thumb Code   224  main.o(i.DeleteFile)
    DeleteFolder                             0x080008d1   Thumb Code   224  main.o(i.DeleteFolder)
    Flash_ReadWriteByte2                     0x080009c9   Thumb Code    36  main.o(i.Flash_ReadWriteByte2)
    GPIO_Configuration                       0x080009f1   Thumb Code    32  main.o(i.GPIO_Configuration)
    GPIO_Init                                0x08000a15   Thumb Code   278  stm32f10x_gpio.o(i.GPIO_Init)
    GPIO_ResetBits                           0x08000b2b   Thumb Code     4  stm32f10x_gpio.o(i.GPIO_ResetBits)
    GPIO_SetBits                             0x08000b2f   Thumb Code     4  stm32f10x_gpio.o(i.GPIO_SetBits)
    HardFault_Handler                        0x08000b33   Thumb Code     4  stm32f10x_it.o(i.HardFault_Handler)
    Init_SPI                                 0x08000b39   Thumb Code   134  main.o(i.Init_SPI)
    MainPrograme                             0x08000bcd   Thumb Code   146  main.o(i.MainPrograme)
    MemManage_Handler                        0x08000c89   Thumb Code     4  stm32f10x_it.o(i.MemManage_Handler)
    MemSize                                  0x08000c8d   Thumb Code    52  main.o(i.MemSize)
    NMI_Handler                              0x08000d69   Thumb Code     2  stm32f10x_it.o(i.NMI_Handler)
    PendSV_Handler                           0x08000d6b   Thumb Code     2  stm32f10x_it.o(i.PendSV_Handler)
    PrepareText                              0x08000d6d   Thumb Code    78  main.o(i.PrepareText)
    RCC_APB1PeriphClockCmd                   0x08000e11   Thumb Code    26  stm32f10x_rcc.o(i.RCC_APB1PeriphClockCmd)
    RCC_APB2PeriphClockCmd                   0x08000e31   Thumb Code    26  stm32f10x_rcc.o(i.RCC_APB2PeriphClockCmd)
    RCC_GetClocksFreq                        0x08000e51   Thumb Code   192  stm32f10x_rcc.o(i.RCC_GetClocksFreq)
    SPI_Cmd                                  0x08000f25   Thumb Code    24  stm32f10x_spi.o(i.SPI_Cmd)
    SPI_Flash_ReadByte                       0x08000f3d   Thumb Code    10  spi_flash.o(i.SPI_Flash_ReadByte)
    SPI_Flash_SendByte                       0x08000f49   Thumb Code    50  spi_flash.o(i.SPI_Flash_SendByte)
    SPI_I2S_ClearFlag                        0x08000f81   Thumb Code     6  stm32f10x_spi.o(i.SPI_I2S_ClearFlag)
    SPI_I2S_GetFlagStatus                    0x08000f87   Thumb Code    18  stm32f10x_spi.o(i.SPI_I2S_GetFlagStatus)
    SPI_I2S_ReceiveData                      0x08000f99   Thumb Code     6  stm32f10x_spi.o(i.SPI_I2S_ReceiveData)
    SPI_I2S_SendData                         0x08000f9f   Thumb Code     4  stm32f10x_spi.o(i.SPI_I2S_SendData)
    SPI_Init                                 0x08000fa3   Thumb Code    60  stm32f10x_spi.o(i.SPI_Init)
    SST25_R_BLOCK                            0x08000fe1   Thumb Code    76  spi_flash.o(i.SST25_R_BLOCK)
    SST25_W_BLOCK                            0x08001031   Thumb Code   172  spi_flash.o(i.SST25_W_BLOCK)
    SVC_Handler                              0x080010e1   Thumb Code     2  stm32f10x_it.o(i.SVC_Handler)
    SendCH370                                0x080010e5   Thumb Code    42  main.o(i.SendCH370)
    SendCommandToBLE                         0x08001115   Thumb Code    48  main.o(i.SendCommandToBLE)
    StoreLine                                0x08001231   Thumb Code    94  main.o(i.StoreLine)
    SysTick_CLKSourceConfig                  0x0800129d   Thumb Code    40  misc.o(i.SysTick_CLKSourceConfig)
    SysTick_CounterCmd                       0x080012c5   Thumb Code    54  stm32f10x_systick.o(i.SysTick_CounterCmd)
    SysTick_GetFlagStatus                    0x080012fb   Thumb Code    46  stm32f10x_systick.o(i.SysTick_GetFlagStatus)
    SysTick_Handler                          0x08001329   Thumb Code     2  stm32f10x_it.o(i.SysTick_Handler)
    SysTick_ITConfig                         0x0800132b   Thumb Code    38  stm32f10x_systick.o(i.SysTick_ITConfig)
    SysTick_SetReload                        0x08001351   Thumb Code     8  stm32f10x_systick.o(i.SysTick_SetReload)
    SystemInit                               0x08001359   Thumb Code    78  system_stm32f10x.o(i.SystemInit)
    UART4_Configuration                      0x080013b9   Thumb Code   184  main.o(i.UART4_Configuration)
    USART1_Configuration                     0x08001479   Thumb Code   152  main.o(i.USART1_Configuration)
    USART2_Configuration                     0x08001519   Thumb Code   154  main.o(i.USART2_Configuration)
    USART3_Configuration                     0x080015bd   Thumb Code   158  main.o(i.USART3_Configuration)
    USART_ClearFlag                          0x08001665   Thumb Code    18  stm32f10x_usart.o(i.USART_ClearFlag)
    USART_Cmd                                0x08001677   Thumb Code    24  stm32f10x_usart.o(i.USART_Cmd)
    USART_GetFlagStatus                      0x0800168f   Thumb Code    26  stm32f10x_usart.o(i.USART_GetFlagStatus)
    USART_GetITStatus                        0x080016a9   Thumb Code    84  stm32f10x_usart.o(i.USART_GetITStatus)
    USART_ITConfig                           0x080016fd   Thumb Code    74  stm32f10x_usart.o(i.USART_ITConfig)
    USART_Init                               0x08001749   Thumb Code   210  stm32f10x_usart.o(i.USART_Init)
    USART_ReceiveData                        0x08001821   Thumb Code    10  stm32f10x_usart.o(i.USART_ReceiveData)
    USART_SendData                           0x0800182b   Thumb Code     8  stm32f10x_usart.o(i.USART_SendData)
    UsageFault_Handler                       0x08001833   Thumb Code     4  stm32f10x_it.o(i.UsageFault_Handler)
    __0printf$5                              0x08001839   Thumb Code    22  printf5.o(i.__0printf$5)
    __1printf$5                              0x08001839   Thumb Code     0  printf5.o(i.__0printf$5)
    __2printf                                0x08001839   Thumb Code     0  printf5.o(i.__0printf$5)
    __0sprintf$5                             0x08001859   Thumb Code    34  printf5.o(i.__0sprintf$5)
    __1sprintf$5                             0x08001859   Thumb Code     0  printf5.o(i.__0sprintf$5)
    __2sprintf                               0x08001859   Thumb Code     0  printf5.o(i.__0sprintf$5)
    __aeabi_errno_addr                       0x08001881   Thumb Code     4  errno.o(i.__aeabi_errno_addr)
    __rt_errno_addr                          0x08001881   Thumb Code     0  errno.o(i.__aeabi_errno_addr)
    __scatterload_copy                       0x08001889   Thumb Code    14  handlers.o(i.__scatterload_copy)
    __scatterload_null                       0x08001897   Thumb Code     2  handlers.o(i.__scatterload_null)
    __scatterload_zeroinit                   0x08001899   Thumb Code    14  handlers.o(i.__scatterload_zeroinit)
    beep2                                    0x08001b75   Thumb Code    18  main.o(i.beep2)
    beep4                                    0x08001b8d   Thumb Code    18  main.o(i.beep4)
    beep5                                    0x08001ba5   Thumb Code    18  main.o(i.beep5)
    beepError                                0x08001bbd   Thumb Code    10  main.o(i.beepError)
    caseMenu                                 0x08001bc9   Thumb Code    64  main.o(i.caseMenu)
    cell_sentdata                            0x08001c1d   Thumb Code    12  main.o(i.cell_sentdata)
    checkBit                                 0x08001c29   Thumb Code    24  main.o(i.checkBit)
    clearDot                                 0x08001c41   Thumb Code    68  main.o(i.clearDot)
    clearKeyValue                            0x08001c8d   Thumb Code    16  main.o(i.clearKeyValue)
    clearReadlineInsector                    0x08001ca9   Thumb Code    40  main.o(i.clearReadlineInsector)
    configDisplay                            0x08001cd9   Thumb Code    46  main.o(i.configDisplay)
    configFlash                              0x08001d11   Thumb Code    48  main.o(i.configFlash)
    confirm_delete                           0x08001d49   Thumb Code   240  main.o(i.confirm_delete)
    createFile                               0x08001e65   Thumb Code   266  main.o(i.createFile)
    createFileAndWrite                       0x08001fad   Thumb Code    70  main.o(i.createFileAndWrite)
    createFileAndWrite_hisPath               0x08002001   Thumb Code    70  main.o(i.createFileAndWrite_hisPath)
    delay_init                               0x08002055   Thumb Code    54  systick.o(i.delay_init)
    delay_ms                                 0x08002099   Thumb Code    74  systick.o(i.delay_ms)
    displayPrepare                           0x080020ed   Thumb Code    26  main.o(i.displayPrepare)
    errorBreak                               0x08002115   Thumb Code    18  main.o(i.errorBreak)
    ex_cdWithPath                            0x0800212d   Thumb Code   132  main.o(i.ex_cdWithPath)
    ex_checkFileType                         0x080021b9   Thumb Code    50  main.o(i.ex_checkFileType)
    ex_checkSlash                            0x08002205   Thumb Code    24  main.o(i.ex_checkSlash)
    ex_countPath                             0x0800221d   Thumb Code    24  main.o(i.ex_countPath)
    ex_exitOncePath                          0x08002235   Thumb Code    50  main.o(i.ex_exitOncePath)
    ex_openDir                               0x0800226d   Thumb Code   284  main.o(i.ex_openDir)
    ex_savePath                              0x080023bd   Thumb Code    68  main.o(i.ex_savePath)
    fileName                                 0x08002409   Thumb Code   392  main.o(i.fileName)
    fileWrite                                0x08002595   Thumb Code   402  main.o(i.fileWrite)
    findCurrentPageInArr                     0x08002755   Thumb Code    50  main.o(i.findCurrentPageInArr)
    findPreviousPage                         0x0800278d   Thumb Code    64  main.o(i.findPreviousPage)
    fputc                                    0x080027d1   Thumb Code   130  main.o(i.fputc)
    getBatterry                              0x08002875   Thumb Code    44  main.o(i.getBatterry)
    getBluetoothName                         0x080028a9   Thumb Code   138  main.o(i.getBluetoothName)
    getFileSize                              0x08002981   Thumb Code   102  main.o(i.getFileSize)
    getMuteStatus                            0x080029fd   Thumb Code    44  main.o(i.getMuteStatus)
    get_CurrentLine                          0x08002a31   Thumb Code    38  main.o(i.get_CurrentLine)
    gotoLine_EnterLine                       0x08002a5d   Thumb Code   466  main.o(i.gotoLine_EnterLine)
    gotoLine_getLine                         0x08002ca5   Thumb Code    60  main.o(i.gotoLine_getLine)
    gotoLine_getSectorInline                 0x08002ce5   Thumb Code    38  main.o(i.gotoLine_getSectorInline)
    gotoLine_get_int_len                     0x08002d11   Thumb Code    20  main.o(i.gotoLine_get_int_len)
    initSlidingMode                          0x08002d25   Thumb Code   218  main.o(i.initSlidingMode)
    isSpaceKey                               0x08002ec9   Thumb Code    22  main.o(i.isSpaceKey)
    keyMapping                               0x08002edf   Thumb Code   468  main.o(i.keyMapping)
    keyRead                                  0x080030b5   Thumb Code  1692  main.o(i.keyRead)
    keyboardMode                             0x080038e1   Thumb Code   110  main.o(i.keyboardMode)
    main                                     0x08003969   Thumb Code   124  main.o(i.main)
    mainMenuDisplayMode4                     0x08003a19   Thumb Code    52  main.o(i.mainMenuDisplayMode4)
    malloc                                   0x08003a79   Thumb Code    92  malloc.o(i.malloc)
    mapCursor                                0x08003ae5   Thumb Code    46  main.o(i.mapCursor)
    mark_CreateMarkFileConfig                0x08003b15   Thumb Code    76  main.o(i.mark_CreateMarkFileConfig)
    mark_RemoveArrayAtIndex                  0x08003b6d   Thumb Code    44  main.o(i.mark_RemoveArrayAtIndex)
    mark_filterPageToArray                   0x08003b9d   Thumb Code   120  main.o(i.mark_filterPageToArray)
    mark_findIndexForInsert                  0x08003c1d   Thumb Code    38  main.o(i.mark_findIndexForInsert)
    mark_findIndexOfArray                    0x08003c49   Thumb Code    34  main.o(i.mark_findIndexOfArray)
    mark_findListTotalInArray                0x08003c71   Thumb Code    24  main.o(i.mark_findListTotalInArray)
    mark_getEndSign                          0x08003c8d   Thumb Code    44  main.o(i.mark_getEndSign)
    mark_hasFileConfig                       0x08003cbd   Thumb Code    24  main.o(i.mark_hasFileConfig)
    mark_init                                0x08003cd9   Thumb Code     8  main.o(i.mark_init)
    mark_insertLine                          0x08003ce5   Thumb Code   138  main.o(i.mark_insertLine)
    mark_insertMark                          0x08003d95   Thumb Code    76  main.o(i.mark_insertMark)
    mark_readFormROM                         0x08003de5   Thumb Code    90  main.o(i.mark_readFormROM)
    mark_searchName                          0x08003e55   Thumb Code    84  main.o(i.mark_searchName)
    mark_sizeOfList                          0x08003eb1   Thumb Code    18  main.o(i.mark_sizeOfList)
    mark_sortPageAndStore                    0x08003ec9   Thumb Code    42  main.o(i.mark_sortPageAndStore)
    mark_str_replace                         0x08003f01   Thumb Code   182  main.o(i.mark_str_replace)
    mode4                                    0x08003fbd   Thumb Code   480  main.o(i.mode4)
    notepad_append                           0x0800423d   Thumb Code    86  main.o(i.notepad_append)
    notepad_checkEnterSignInLine             0x08004295   Thumb Code    48  main.o(i.notepad_checkEnterSignInLine)
    notepad_checkMaxLine                     0x080042c9   Thumb Code    46  main.o(i.notepad_checkMaxLine)
    notepad_checkenterAndpush                0x08004301   Thumb Code    76  main.o(i.notepad_checkenterAndpush)
    notepad_countEnterSign                   0x08004355   Thumb Code    34  main.o(i.notepad_countEnterSign)
    notepad_countLinewithOutLNsign           0x0800437d   Thumb Code    44  main.o(i.notepad_countLinewithOutLNsign)
    notepad_countStr                         0x080043ad   Thumb Code    22  main.o(i.notepad_countStr)
    notepad_fillEnterSign                    0x080043c5   Thumb Code   102  main.o(i.notepad_fillEnterSign)
    notepad_getnullPostion                   0x08004479   Thumb Code    16  main.o(i.notepad_getnullPostion)
    notepad_lineIsEnter                      0x08004489   Thumb Code    48  main.o(i.notepad_lineIsEnter)
    notepad_main                             0x080044bd   Thumb Code  2574  main.o(i.notepad_main)
    notepad_readKey                          0x08004ed9   Thumb Code   134  main.o(i.notepad_readKey)
    notepad_removeEnterSign                  0x08004f7d   Thumb Code    26  main.o(i.notepad_removeEnterSign)
    page_findNextPage                        0x08004f99   Thumb Code    82  main.o(i.page_findNextPage)
    prepareEditor                            0x08004ff9   Thumb Code   158  main.o(i.prepareEditor)
    printDot                                 0x080050b5   Thumb Code   100  main.o(i.printDot)
    printStringInLine                        0x08005121   Thumb Code    38  main.o(i.printStringInLine)
    printStringLR                            0x08005151   Thumb Code    94  main.o(i.printStringLR)
    queryLine                                0x080051d1   Thumb Code    98  main.o(i.queryLine)
    rdsr                                     0x0800523d   Thumb Code    34  spi_flash.o(i.rdsr)
    readFileFromCH376sToFlashRom             0x08005265   Thumb Code   876  main.o(i.readFileFromCH376sToFlashRom)
    readSecter                               0x080056a1   Thumb Code    46  main.o(i.readSecter)
    readTextFileToMemmory                    0x080056d9   Thumb Code   806  main.o(i.readTextFileToMemmory)
    readmode_countLineInOneSector            0x08005a65   Thumb Code    98  main.o(i.readmode_countLineInOneSector)
    removeChar                               0x08005acd   Thumb Code    28  main.o(i.removeChar)
    removeDataInFileTemp                     0x08005ae9   Thumb Code   274  main.o(i.removeDataInFileTemp)
    saveName                                 0x08005c29   Thumb Code   642  main.o(i.saveName)
    searchFile2                              0x08005f1d   Thumb Code   614  main.o(i.searchFile2)
    sect_clr                                 0x08006249   Thumb Code    62  spi_flash.o(i.sect_clr)
    sendCommandtoAtmega                      0x0800628d   Thumb Code    28  main.o(i.sendCommandtoAtmega)
    sendUart                                 0x080062ad   Thumb Code    92  main.o(i.sendUart)
    sentdata_cell                            0x08006319   Thumb Code    20  main.o(i.sentdata_cell)
    setFileLength                            0x0800632d   Thumb Code    62  main.o(i.setFileLength)
    setFileWrite                             0x080063a1   Thumb Code    34  main.o(i.setFileWrite)
    setFilename                              0x080063cd   Thumb Code    92  main.o(i.setFilename)
    setFoldername                            0x08006449   Thumb Code    44  main.o(i.setFoldername)
    slidText2Displayv2                       0x08006479   Thumb Code  1950  main.o(i.slidText2Displayv2)
    stringToUnicodeAndSendToDisplay          0x08006d55   Thumb Code   210  main.o(i.stringToUnicodeAndSendToDisplay)
    stringToUnicodeAndSendToDisplayC         0x08006e41   Thumb Code   282  main.o(i.stringToUnicodeAndSendToDisplayC)
    subStringLanR                            0x08006f81   Thumb Code   146  main.o(i.subStringLanR)
    substringRemoveEnter2                    0x08007021   Thumb Code    70  main.o(i.substringRemoveEnter2)
    sumLineInPreviousSec                     0x08007071   Thumb Code    52  main.o(i.sumLineInPreviousSec)
    sumLineInSector                          0x080070ad   Thumb Code    44  main.o(i.sumLineInSector)
    testCell                                 0x080070e1   Thumb Code    84  main.o(i.testCell)
    unicode_to_ASCII                         0x0800713d   Thumb Code    46  main.o(i.unicode_to_ASCII)
    upperASCII                               0x08007185   Thumb Code    44  main.o(i.upperASCII)
    waitRespon                               0x080071b5   Thumb Code    66  main.o(i.waitRespon)
    wdis                                     0x08007201   Thumb Code    30  spi_flash.o(i.wdis)
    wen                                      0x08007225   Thumb Code    26  spi_flash.o(i.wen)
    wip                                      0x08007245   Thumb Code    22  spi_flash.o(i.wip)
    writeFile4096                            0x0800725d   Thumb Code   186  main.o(i.writeFile4096)
    writeFlash                               0x0800731d   Thumb Code    78  main.o(i.writeFlash)
    wsr                                      0x080073c5   Thumb Code    58  spi_flash.o(i.wsr)
    __ctype_table                            0x08007453   Data         129  ctype_o.o(.constdata)
    Region$$Table$$Base                      0x080075b4   Number         0  anon$$obj.o(Region$$Table)
    Region$$Table$$Limit                     0x080075d4   Number         0  anon$$obj.o(Region$$Table)
    GET_IV_VER                               0x20000000   Data           1  main.o(.data)
    SET_BAURDRATE                            0x20000001   Data           1  main.o(.data)
    ENTER_SLEEP                              0x20000002   Data           1  main.o(.data)
    RESET_ALL                                0x20000003   Data           1  main.o(.data)
    CHECK_EXIST                              0x20000004   Data           1  main.o(.data)
    SET_SD0_INT                              0x20000005   Data           1  main.o(.data)
    GET_FILE_SIZE                            0x20000006   Data           1  main.o(.data)
    SET_USB_MODE                             0x20000007   Data           1  main.o(.data)
    GET_STATUS                               0x20000008   Data           1  main.o(.data)
    RD_USB_DATA0                             0x20000009   Data           1  main.o(.data)
    WR_USB_DATA0                             0x2000000a   Data           1  main.o(.data)
    WR_REQ_DATA                              0x2000000b   Data           1  main.o(.data)
    WR_OFS_DATA                              0x2000000c   Data           1  main.o(.data)
    SET_FILE_NAME                            0x2000000d   Data           1  main.o(.data)
    DISK_CONNECT                             0x2000000e   Data           1  main.o(.data)
    DISK_MOUNT                               0x2000000f   Data           1  main.o(.data)
    FILE_OPEN                                0x20000010   Data           1  main.o(.data)
    FILE_ENUM_GO                             0x20000011   Data           1  main.o(.data)
    FILE_CREATE                              0x20000012   Data           1  main.o(.data)
    FILE_ERASE                               0x20000013   Data           1  main.o(.data)
    FILE_CLOSE                               0x20000014   Data           1  main.o(.data)
    DIR_INFO_READ                            0x20000015   Data           1  main.o(.data)
    DIR_INFO_SAVE                            0x20000016   Data           1  main.o(.data)
    BYTE_LOCATE                              0x20000017   Data           1  main.o(.data)
    BYTE_READ                                0x20000018   Data           1  main.o(.data)
    BYTE_RD_GO                               0x20000019   Data           1  main.o(.data)
    BYTE_WRITE                               0x2000001a   Data           1  main.o(.data)
    BYTE_WR_GO                               0x2000001b   Data           1  main.o(.data)
    DISK_CAPACITY                            0x2000001c   Data           1  main.o(.data)
    DISK_QUERY                               0x2000001d   Data           1  main.o(.data)
    DIR_CREATE                               0x2000001e   Data           1  main.o(.data)
    SEG_LOCATE                               0x2000001f   Data           1  main.o(.data)
    SEG_READ                                 0x20000020   Data           1  main.o(.data)
    SEG_WRITE                                0x20000021   Data           1  main.o(.data)
    DISK_BOC_CMD                             0x20000022   Data           1  main.o(.data)
    DISK_READ                                0x20000023   Data           1  main.o(.data)
    DISK_RD_GO                               0x20000024   Data           1  main.o(.data)
    DISK_WRITE                               0x20000025   Data           1  main.o(.data)
    DISK_WR_GO                               0x20000026   Data           1  main.o(.data)
    SET_USB                                  0x20000027   Data           1  main.o(.data)
    SET_SD                                   0x20000028   Data           1  main.o(.data)
    USB_INT_SUCCESS                          0x20000029   Data           1  main.o(.data)
    countSector4096                          0x2000002c   Data           4  main.o(.data)
    countSector                              0x20000030   Data           4  main.o(.data)
    addressSector                            0x20000034   Data           4  main.o(.data)
    AmountSector                             0x20000038   Data           4  main.o(.data)
    AmountSectorT                            0x2000003c   Data           4  main.o(.data)
    seeCur                                   0x20000040   Data           4  main.o(.data)
    str                                      0x20000044   Data           4  main.o(.data)
    buffer                                   0x20000048   Data           6  main.o(.data)
    countKey                                 0x20000050   Data           4  main.o(.data)
    seeHead                                  0x20000054   Data           4  main.o(.data)
    maxData                                  0x20000058   Data           4  main.o(.data)
    i                                        0x2000005c   Data           4  main.o(.data)
    j                                        0x20000060   Data           4  main.o(.data)
    k                                        0x20000064   Data           4  main.o(.data)
    i1                                       0x20000068   Data           4  main.o(.data)
    j1                                       0x2000006c   Data           4  main.o(.data)
    count1                                   0x20000070   Data           4  main.o(.data)
    uart2Buffer                              0x20000074   Data           4  main.o(.data)
    maxSize                                  0x20000078   Data           4  main.o(.data)
    count                                    0x2000007c   Data           4  main.o(.data)
    count2                                   0x20000080   Data           4  main.o(.data)
    BLEConn                                  0x20000084   Data           4  main.o(.data)
    pushToDisplay                            0x20000088   Data           4  main.o(.data)
    countConn                                0x2000008c   Data           4  main.o(.data)
    hexbuffer                                0x20000090   Data           4  main.o(.data)
    hexPrep                                  0x20000094   Data           4  main.o(.data)
    SeeHead                                  0x20000098   Data           4  main.o(.data)
    marker99                                 0x2000009c   Data           4  main.o(.data)
    data0                                    0x200000a0   Data           3  main.o(.data)
    enumgo                                   0x200000a3   Data           3  main.o(.data)
    FileOpen                                 0x200000a6   Data           3  main.o(.data)
    ResetAll                                 0x200000a9   Data           3  main.o(.data)
    ReadData                                 0x200000ac   Data           3  main.o(.data)
    FileCreate                               0x200000af   Data           3  main.o(.data)
    FileUpdate                               0x200000b2   Data           3  main.o(.data)
    USBDiskMount                             0x200000b5   Data           3  main.o(.data)
    continueRead                             0x200000b8   Data           3  main.o(.data)
    FileClose                                0x200000bb   Data           4  main.o(.data)
    FileClose0                               0x200000bf   Data           4  main.o(.data)
    setSDCard                                0x200000c3   Data           4  main.o(.data)
    setFileName                              0x200000c7   Data          15  main.o(.data)
    checkConnection                          0x200000d6   Data           4  main.o(.data)
    SetByteRead                              0x200000da   Data           5  main.o(.data)
    setFilenameForFunction                   0x200000df   Data           3  main.o(.data)
    setAllName                               0x200000e2   Data           6  main.o(.data)
    changeBaudRateByte                       0x200000e8   Data           5  main.o(.data)
    FilePointer                              0x200000ed   Data           7  main.o(.data)
    FilePointerend                           0x200000f4   Data           7  main.o(.data)
    FileSize                                 0x200000fb   Data           4  main.o(.data)
    DiskConnect                              0x200000ff   Data           3  main.o(.data)
    setname1                                 0x20000102   Data          17  main.o(.data)
    setname2                                 0x20000113   Data          17  main.o(.data)
    Folder_DELETE                            0x20000124   Data           3  main.o(.data)
    FileWrite                                0x20000127   Data           3  main.o(.data)
    DirName                                  0x2000012a   Data           9  main.o(.data)
    count_menu                               0x20000133   Data           1  main.o(.data)
    menu                                     0x20000134   Data           6  main.o(.data)
    st_bluetooth                             0x2000013a   Data           9  main.o(.data)
    st_0                                     0x20000143   Data          20  main.o(.data)
    st_notepad                               0x20000157   Data           7  main.o(.data)
    st_read                                  0x2000015e   Data           4  main.o(.data)
    mode                                     0x20000162   Data           1  main.o(.data)
    checkKeyError                            0x20000164   Data           4  main.o(.data)
    keyCode                                  0x20000168   Data           4  main.o(.data)
    previousMode                             0x2000016c   Data           4  main.o(.data)
    connectData                              0x20000170   Data          16  main.o(.data)
    countSector512                           0x20000180   Data           4  main.o(.data)
    becon                                    0x20000184   Data           4  main.o(.data)
    ex_openDirStatus                         0x20000188   Data           4  main.o(.data)
    nextAgain                                0x2000018c   Data           4  main.o(.data)
    readFileStatus___                        0x20000190   Data           4  main.o(.data)
    countFileLegth                           0x20000194   Data           4  main.o(.data)
    command_                                 0x20000198   Data           4  main.o(.data)
    command2_                                0x2000019c   Data           4  main.o(.data)
    d_Time                                   0x200001a0   Data           4  main.o(.data)
    toggleCur                                0x200001a4   Data           4  main.o(.data)
    seaching                                 0x200001a8   Data           4  main.o(.data)
    readStatus                               0x200001ac   Data           4  main.o(.data)
    ABCCCCC                                  0x200001b0   Data           4  main.o(.data)
    CreateFile__                             0x200001b4   Data           4  main.o(.data)
    maxFile                                  0x200001b8   Data           4  main.o(.data)
    fileSelect                               0x200001bc   Data           4  main.o(.data)
    AD_value                                 0x200001c0   Data           4  main.o(.data)
    ADC_ConvertedValue                       0x200001c4   Data           2  main.o(.data)
    sendUart1                                0x200001c6   Data           1  main.o(.data)
    sendUart2                                0x200001c7   Data           1  main.o(.data)
    sendUart3                                0x200001c8   Data           1  main.o(.data)
    sendUart4                                0x200001c9   Data           1  main.o(.data)
    TxBuffer1                                0x200001ca   Data          74  main.o(.data)
    NbrOfDataToTransfer1                     0x20000214   Data           1  main.o(.data)
    USART_FLAG                               0x20000216   Data           2  main.o(.data)
    enterSign                                0x20000218   Data           4  main.o(.data)
    buffAs                                   0x2000021c   Data           2  main.o(.data)
    maxLineN                                 0x20000220   Data           4  main.o(.data)
    debug                                    0x20000224   Data           1  main.o(.data)
    keybuff                                  0x20000225   Data           2  main.o(.data)
    atName                                   0x20000228   Data          32  main.o(.data)
    sendStatus                               0x20000248   Data           4  main.o(.data)
    unicodeTable                             0x2000024c   Data         128  main.o(.data)
    read_mode_currentIndex_after             0x200002cc   Data           4  main.o(.data)
    read_mode_contTextReaded                 0x200002d0   Data           4  main.o(.data)
    ccMain                                   0x200002d4   Data           4  main.o(.data)
    countMenuInMode4                         0x200002d8   Data           1  main.o(.data)
    selectMode4                              0x200002d9   Data           1  main.o(.data)
    gt_Sector                                0x200002da   Data           2  main.o(.data)
    gt_Line                                  0x200002dc   Data           2  main.o(.data)
    mark_currentPostion                      0x200002e0   Data           4  main.o(.data)
    mark_maxmarkMaxMax                       0x200002e4   Data           4  main.o(.data)
    doing                                    0x200002e8   Data           4  main.o(.data)
    getSizeState                             0x200002ec   Data           4  main.o(.data)
    timeOut_resp                             0x200002f0   Data           4  main.o(.data)
    ch376_status                             0x200002f4   Data           4  main.o(.data)
    preStatus                                0x200002f8   Data           4  main.o(.data)
    loovar                                   0x200002fc   Data           1  main.o(.data)
    raedingProcess                           0x20000300   Data           4  main.o(.data)
    Editing                                  0x20000304   Data           1  main.o(.data)
    useFEdit                                 0x20000305   Data           1  main.o(.data)
    __stdout                                 0x20000320   Data           4  stdout.o(.data)
    __microlib_freelist                      0x20000324   Data           4  mvars.o(.data)
    __microlib_freelist_initialised          0x20000328   Data           4  mvars.o(.data)
    BLEConBuffer                             0x20000330   Data         120  main.o(.bss)
    keyCodeRecieve                           0x200003a8   Data          28  main.o(.bss)
    bufferKey3digit                          0x200003c4   Data          12  main.o(.bss)
    buffascii                                0x200003d0   Data          10  main.o(.bss)
    filelist                                 0x200003da   Data         150  main.o(.bss)
    DataForWrite                             0x20000470   Data          32  main.o(.bss)
    Dirpath                                  0x20000490   Data          30  main.o(.bss)
    fileLists                                0x200004ae   Data         450  main.o(.bss)
    USART_InitStructure36                    0x20000670   Data          16  main.o(.bss)
    SPI_InitStructure                        0x20000680   Data          18  main.o(.bss)
    readmode_bufferStr                       0x20000692   Data        8282  main.o(.bss)
    str_ready                                0x200026ec   Data          40  main.o(.bss)
    str_be                                   0x20002714   Data         110  main.o(.bss)
    bufferQueryLine                          0x20002782   Data          50  main.o(.bss)
    buffer_afterRemove                       0x200027b4   Data          42  main.o(.bss)
    bluetoothNambuffer                       0x200027de   Data          20  main.o(.bss)
    pages                                    0x200027f4   Data         308  main.o(.bss)
    ROMR                                     0x20002928   Data         532  main.o(.bss)
    read                                     0x20002b3c   Data         304  main.o(.bss)
    Notepad                                  0x20002c6c   Data        4088  main.o(.bss)
    mark_MarkerPage                          0x20003c64   Data          80  main.o(.bss)
    data_temp                                0x20003cb4   Data          30  main.o(.bss)
    data2                                    0x20003cd2   Data         400  main.o(.bss)
    tempp__                                  0x20003e62   Data          20  main.o(.bss)
    filesize__                               0x20003e78   Data          16  main.o(.bss)
    tempLL                                   0x20003e88   Data          14  main.o(.bss)
    rootBuffer                               0x20003e96   Data          20  main.o(.bss)
    fileByte                                 0x20003eaa   Data          20  main.o(.bss)
    SST25_buffer                             0x20003ebe   Data        4096  spi_flash.o(.bss)
    SST25_bufferCC                           0x20004ebe   Data        4096  spi_flash.o(.bss)
    __heap_base                              0x20005ec0   Data           0  startup_stm32f10x_hd.o(HEAP)
    __heap_limit                             0x200060c0   Data           0  startup_stm32f10x_hd.o(HEAP)
    __initial_sp                             0x200064c0   Data           0  startup_stm32f10x_hd.o(STACK)



==============================================================================

Memory Map of the image

  Image Entry point : 0x08000131

  Load Region LR_IROM1 (Base: 0x08000000, Size: 0x00007904, Max: 0x00040000, ABSOLUTE, COMPRESSED[0x00007778])

    Execution Region ER_IROM1 (Exec base: 0x08000000, Load base: 0x08000000, Size: 0x000075d4, Max: 0x00040000, ABSOLUTE)

    Exec Addr    Load Addr    Size         Type   Attr      Idx    E Section Name        Object

    0x08000000   0x08000000   0x00000130   Data   RO          688    RESET               startup_stm32f10x_hd.o
    0x08000130   0x08000130   0x00000000   Code   RO          690  * .ARM.Collect$$$$00000000  mc_w.l(entry.o)
    0x08000130   0x08000130   0x00000004   Code   RO          850    .ARM.Collect$$$$00000001  mc_w.l(entry2.o)
    0x08000134   0x08000134   0x00000004   Code   RO          853    .ARM.Collect$$$$00000004  mc_w.l(entry5.o)
    0x08000138   0x08000138   0x00000000   Code   RO          855    .ARM.Collect$$$$00000008  mc_w.l(entry7b.o)
    0x08000138   0x08000138   0x00000000   Code   RO          857    .ARM.Collect$$$$0000000A  mc_w.l(entry8b.o)
    0x08000138   0x08000138   0x00000008   Code   RO          858    .ARM.Collect$$$$0000000B  mc_w.l(entry9a.o)
    0x08000140   0x08000140   0x00000000   Code   RO          860    .ARM.Collect$$$$0000000D  mc_w.l(entry10a.o)
    0x08000140   0x08000140   0x00000000   Code   RO          862    .ARM.Collect$$$$0000000F  mc_w.l(entry11a.o)
    0x08000140   0x08000140   0x00000004   Code   RO          851    .ARM.Collect$$$$00002712  mc_w.l(entry2.o)
    0x08000144   0x08000144   0x00000024   Code   RO          689    .text               startup_stm32f10x_hd.o
    0x08000168   0x08000168   0x00000040   Code   RO          694    .text               mc_w.l(memmovea.o)
    0x080001a8   0x080001a8   0x00000024   Code   RO          695    .text               mc_w.l(memseta.o)
    0x080001cc   0x080001cc   0x00000018   Code   RO          696    .text               mc_w.l(strcat.o)
    0x080001e4   0x080001e4   0x00000024   Code   RO          697    .text               mc_w.l(strstr.o)
    0x08000208   0x08000208   0x00000018   Code   RO          698    .text               mc_w.l(strncpy.o)
    0x08000220   0x08000220   0x0000000e   Code   RO          699    .text               mc_w.l(strlen.o)
    0x0800022e   0x0800022e   0x0000001c   Code   RO          700    .text               mc_w.l(strcmp.o)
    0x0800024a   0x0800024a   0x00000012   Code   RO          701    .text               mc_w.l(strcpy.o)
    0x0800025c   0x0800025c   0x0000001a   Code   RO          849    .text               mc_w.l(atoi.o)
    0x08000276   0x08000276   0x00000062   Code   RO          866    .text               mc_w.l(uldiv.o)
    0x080002d8   0x080002d8   0x00000070   Code   RO          873    .text               mc_w.l(strtol.o)
    0x08000348   0x08000348   0x00000024   Code   RO          880    .text               mc_w.l(init.o)
    0x0800036c   0x0800036c   0x0000001e   Code   RO          881    .text               mc_w.l(llshl.o)
    0x0800038a   0x0800038a   0x00000020   Code   RO          882    .text               mc_w.l(llushr.o)
    0x080003aa   0x080003aa   0x00000002   PAD
    0x080003ac   0x080003ac   0x00000008   Code   RO          884    .text               mc_w.l(ctype_o.o)
    0x080003b4   0x080003b4   0x0000009e   Code   RO          899    .text               mc_w.l(_strtoul.o)
    0x08000452   0x08000452   0x0000001c   Code   RO          901    .text               mc_w.l(_chval.o)
    0x0800046e   0x0800046e   0x00000056   Code   RO          907    .text               mc_w.l(__dczerorl2.o)
    0x080004c4   0x080004c4   0x000001c0   Code   RO            1    i.BluetoothMode     main.o
    0x08000684   0x08000684   0x00000004   Code   RO          177    i.BusFault_Handler  stm32f10x_it.o
    0x08000688   0x08000688   0x0000002e   Code   RO            2    i.CH376Init         main.o
    0x080006b6   0x080006b6   0x00000002   PAD
    0x080006b8   0x080006b8   0x0000001c   Code   RO            3    i.CH376_Disk_Connect  main.o
    0x080006d4   0x080006d4   0x00000090   Code   RO            4    i.CH376_GetFileSize  main.o
    0x08000764   0x08000764   0x0000001c   Code   RO            5    i.CH376_SetReadForm_SD  main.o
    0x08000780   0x08000780   0x00000020   Code   RO            6    i.CH376_UsbDiskMount  main.o
    0x080007a0   0x080007a0   0x00000030   Code   RO            7    i.ConnectBLE        main.o
    0x080007d0   0x080007d0   0x00000002   Code   RO          178    i.DebugMon_Handler  stm32f10x_it.o
    0x080007d2   0x080007d2   0x0000000a   Code   RO            8    i.Delay             main.o
    0x080007dc   0x080007dc   0x000000f4   Code   RO            9    i.DeleteFile        main.o
    0x080008d0   0x080008d0   0x000000f8   Code   RO           10    i.DeleteFolder      main.o
    0x080009c8   0x080009c8   0x00000028   Code   RO           11    i.Flash_ReadWriteByte2  main.o
    0x080009f0   0x080009f0   0x00000024   Code   RO           12    i.GPIO_Configuration  main.o
    0x08000a14   0x08000a14   0x00000116   Code   RO          234    i.GPIO_Init         stm32f10x_gpio.o
    0x08000b2a   0x08000b2a   0x00000004   Code   RO          241    i.GPIO_ResetBits    stm32f10x_gpio.o
    0x08000b2e   0x08000b2e   0x00000004   Code   RO          242    i.GPIO_SetBits      stm32f10x_gpio.o
    0x08000b32   0x08000b32   0x00000004   Code   RO          179    i.HardFault_Handler  stm32f10x_it.o
    0x08000b36   0x08000b36   0x00000002   PAD
    0x08000b38   0x08000b38   0x00000094   Code   RO           13    i.Init_SPI          main.o
    0x08000bcc   0x08000bcc   0x000000bc   Code   RO           14    i.MainPrograme      main.o
    0x08000c88   0x08000c88   0x00000004   Code   RO          180    i.MemManage_Handler  stm32f10x_it.o
    0x08000c8c   0x08000c8c   0x000000dc   Code   RO           15    i.MemSize           main.o
    0x08000d68   0x08000d68   0x00000002   Code   RO          181    i.NMI_Handler       stm32f10x_it.o
    0x08000d6a   0x08000d6a   0x00000002   Code   RO          182    i.PendSV_Handler    stm32f10x_it.o
    0x08000d6c   0x08000d6c   0x000000a4   Code   RO           17    i.PrepareText       main.o
    0x08000e10   0x08000e10   0x00000020   Code   RO          266    i.RCC_APB1PeriphClockCmd  stm32f10x_rcc.o
    0x08000e30   0x08000e30   0x00000020   Code   RO          268    i.RCC_APB2PeriphClockCmd  stm32f10x_rcc.o
    0x08000e50   0x08000e50   0x000000d4   Code   RO          276    i.RCC_GetClocksFreq  stm32f10x_rcc.o
    0x08000f24   0x08000f24   0x00000018   Code   RO          534    i.SPI_Cmd           stm32f10x_spi.o
    0x08000f3c   0x08000f3c   0x0000000a   Code   RO          248    i.SPI_Flash_ReadByte  spi_flash.o
    0x08000f46   0x08000f46   0x00000002   PAD
    0x08000f48   0x08000f48   0x00000038   Code   RO          249    i.SPI_Flash_SendByte  spi_flash.o
    0x08000f80   0x08000f80   0x00000006   Code   RO          538    i.SPI_I2S_ClearFlag  stm32f10x_spi.o
    0x08000f86   0x08000f86   0x00000012   Code   RO          542    i.SPI_I2S_GetFlagStatus  stm32f10x_spi.o
    0x08000f98   0x08000f98   0x00000006   Code   RO          545    i.SPI_I2S_ReceiveData  stm32f10x_spi.o
    0x08000f9e   0x08000f9e   0x00000004   Code   RO          546    i.SPI_I2S_SendData  stm32f10x_spi.o
    0x08000fa2   0x08000fa2   0x0000003c   Code   RO          547    i.SPI_Init          stm32f10x_spi.o
    0x08000fde   0x08000fde   0x00000002   PAD
    0x08000fe0   0x08000fe0   0x00000050   Code   RO          250    i.SST25_R_BLOCK     spi_flash.o
    0x08001030   0x08001030   0x000000b0   Code   RO          251    i.SST25_W_BLOCK     spi_flash.o
    0x080010e0   0x080010e0   0x00000002   Code   RO          183    i.SVC_Handler       stm32f10x_it.o
    0x080010e2   0x080010e2   0x00000002   PAD
    0x080010e4   0x080010e4   0x00000030   Code   RO           20    i.SendCH370         main.o
    0x08001114   0x08001114   0x00000034   Code   RO           21    i.SendCommandToBLE  main.o
    0x08001148   0x08001148   0x00000008   Code   RO          681    i.SetSysClock       system_stm32f10x.o
    0x08001150   0x08001150   0x000000e0   Code   RO          682    i.SetSysClockTo72   system_stm32f10x.o
    0x08001230   0x08001230   0x0000006c   Code   RO           23    i.StoreLine         main.o
    0x0800129c   0x0800129c   0x00000028   Code   RO          199    i.SysTick_CLKSourceConfig  misc.o
    0x080012c4   0x080012c4   0x00000036   Code   RO          186    i.SysTick_CounterCmd  stm32f10x_systick.o
    0x080012fa   0x080012fa   0x0000002e   Code   RO          188    i.SysTick_GetFlagStatus  stm32f10x_systick.o
    0x08001328   0x08001328   0x00000002   Code   RO          184    i.SysTick_Handler   stm32f10x_it.o
    0x0800132a   0x0800132a   0x00000026   Code   RO          189    i.SysTick_ITConfig  stm32f10x_systick.o
    0x08001350   0x08001350   0x00000008   Code   RO          190    i.SysTick_SetReload  stm32f10x_systick.o
    0x08001358   0x08001358   0x00000060   Code   RO          684    i.SystemInit        system_stm32f10x.o
    0x080013b8   0x080013b8   0x000000c0   Code   RO           26    i.UART4_Configuration  main.o
    0x08001478   0x08001478   0x000000a0   Code   RO           28    i.USART1_Configuration  main.o
    0x08001518   0x08001518   0x000000a4   Code   RO           29    i.USART2_Configuration  main.o
    0x080015bc   0x080015bc   0x000000a8   Code   RO           30    i.USART3_Configuration  main.o
    0x08001664   0x08001664   0x00000012   Code   RO          643    i.USART_ClearFlag   stm32f10x_usart.o
    0x08001676   0x08001676   0x00000018   Code   RO          647    i.USART_Cmd         stm32f10x_usart.o
    0x0800168e   0x0800168e   0x0000001a   Code   RO          650    i.USART_GetFlagStatus  stm32f10x_usart.o
    0x080016a8   0x080016a8   0x00000054   Code   RO          651    i.USART_GetITStatus  stm32f10x_usart.o
    0x080016fc   0x080016fc   0x0000004a   Code   RO          653    i.USART_ITConfig    stm32f10x_usart.o
    0x08001746   0x08001746   0x00000002   PAD
    0x08001748   0x08001748   0x000000d8   Code   RO          654    i.USART_Init        stm32f10x_usart.o
    0x08001820   0x08001820   0x0000000a   Code   RO          661    i.USART_ReceiveData  stm32f10x_usart.o
    0x0800182a   0x0800182a   0x00000008   Code   RO          664    i.USART_SendData    stm32f10x_usart.o
    0x08001832   0x08001832   0x00000004   Code   RO          185    i.UsageFault_Handler  stm32f10x_it.o
    0x08001836   0x08001836   0x00000002   PAD
    0x08001838   0x08001838   0x00000020   Code   RO          771    i.__0printf$5       mc_w.l(printf5.o)
    0x08001858   0x08001858   0x00000028   Code   RO          773    i.__0sprintf$5      mc_w.l(printf5.o)
    0x08001880   0x08001880   0x00000008   Code   RO          869    i.__aeabi_errno_addr  mc_w.l(errno.o)
    0x08001888   0x08001888   0x0000000e   Code   RO          904    i.__scatterload_copy  mc_w.l(handlers.o)
    0x08001896   0x08001896   0x00000002   Code   RO          905    i.__scatterload_null  mc_w.l(handlers.o)
    0x08001898   0x08001898   0x0000000e   Code   RO          906    i.__scatterload_zeroinit  mc_w.l(handlers.o)
    0x080018a6   0x080018a6   0x00000002   PAD
    0x080018a8   0x080018a8   0x000002c0   Code   RO          778    i._printf_core      mc_w.l(printf5.o)
    0x08001b68   0x08001b68   0x0000000a   Code   RO          780    i._sputc            mc_w.l(printf5.o)
    0x08001b72   0x08001b72   0x00000002   PAD
    0x08001b74   0x08001b74   0x00000018   Code   RO           35    i.beep2             main.o
    0x08001b8c   0x08001b8c   0x00000018   Code   RO           37    i.beep4             main.o
    0x08001ba4   0x08001ba4   0x00000018   Code   RO           38    i.beep5             main.o
    0x08001bbc   0x08001bbc   0x0000000a   Code   RO           39    i.beepError         main.o
    0x08001bc6   0x08001bc6   0x00000002   PAD
    0x08001bc8   0x08001bc8   0x00000054   Code   RO           40    i.caseMenu          main.o
    0x08001c1c   0x08001c1c   0x0000000c   Code   RO           41    i.cell_sentdata     main.o
    0x08001c28   0x08001c28   0x00000018   Code   RO           42    i.checkBit          main.o
    0x08001c40   0x08001c40   0x0000004c   Code   RO           43    i.clearDot          main.o
    0x08001c8c   0x08001c8c   0x0000001c   Code   RO           44    i.clearKeyValue     main.o
    0x08001ca8   0x08001ca8   0x00000030   Code   RO           45    i.clearReadlineInsector  main.o
    0x08001cd8   0x08001cd8   0x00000038   Code   RO           47    i.configDisplay     main.o
    0x08001d10   0x08001d10   0x00000038   Code   RO           48    i.configFlash       main.o
    0x08001d48   0x08001d48   0x0000011c   Code   RO           49    i.confirm_delete    main.o
    0x08001e64   0x08001e64   0x00000148   Code   RO           51    i.createFile        main.o
    0x08001fac   0x08001fac   0x00000054   Code   RO           53    i.createFileAndWrite  main.o
    0x08002000   0x08002000   0x00000054   Code   RO           54    i.createFileAndWrite_hisPath  main.o
    0x08002054   0x08002054   0x00000044   Code   RO          191    i.delay_init        systick.o
    0x08002098   0x08002098   0x00000054   Code   RO          192    i.delay_ms          systick.o
    0x080020ec   0x080020ec   0x00000028   Code   RO           56    i.displayPrepare    main.o
    0x08002114   0x08002114   0x00000018   Code   RO           58    i.errorBreak        main.o
    0x0800212c   0x0800212c   0x0000008c   Code   RO           59    i.ex_cdWithPath     main.o
    0x080021b8   0x080021b8   0x0000004c   Code   RO           60    i.ex_checkFileType  main.o
    0x08002204   0x08002204   0x00000018   Code   RO           61    i.ex_checkSlash     main.o
    0x0800221c   0x0800221c   0x00000018   Code   RO           62    i.ex_countPath      main.o
    0x08002234   0x08002234   0x00000038   Code   RO           63    i.ex_exitOncePath   main.o
    0x0800226c   0x0800226c   0x00000150   Code   RO           64    i.ex_openDir        main.o
    0x080023bc   0x080023bc   0x0000004c   Code   RO           65    i.ex_savePath       main.o
    0x08002408   0x08002408   0x0000018c   Code   RO           66    i.fileName          main.o
    0x08002594   0x08002594   0x000001c0   Code   RO           67    i.fileWrite         main.o
    0x08002754   0x08002754   0x00000038   Code   RO           69    i.findCurrentPageInArr  main.o
    0x0800278c   0x0800278c   0x00000044   Code   RO           70    i.findPreviousPage  main.o
    0x080027d0   0x080027d0   0x000000a4   Code   RO           72    i.fputc             main.o
    0x08002874   0x08002874   0x00000034   Code   RO           73    i.getBatterry       main.o
    0x080028a8   0x080028a8   0x000000d8   Code   RO           74    i.getBluetoothName  main.o
    0x08002980   0x08002980   0x0000007c   Code   RO           75    i.getFileSize       main.o
    0x080029fc   0x080029fc   0x00000034   Code   RO           77    i.getMuteStatus     main.o
    0x08002a30   0x08002a30   0x0000002c   Code   RO           78    i.get_CurrentLine   main.o
    0x08002a5c   0x08002a5c   0x00000248   Code   RO           79    i.gotoLine_EnterLine  main.o
    0x08002ca4   0x08002ca4   0x00000040   Code   RO           80    i.gotoLine_getLine  main.o
    0x08002ce4   0x08002ce4   0x0000002c   Code   RO           81    i.gotoLine_getSectorInline  main.o
    0x08002d10   0x08002d10   0x00000014   Code   RO           82    i.gotoLine_get_int_len  main.o
    0x08002d24   0x08002d24   0x000001a4   Code   RO           83    i.initSlidingMode   main.o
    0x08002ec8   0x08002ec8   0x00000016   Code   RO           84    i.isSpaceKey        main.o
    0x08002ede   0x08002ede   0x000001d4   Code   RO           85    i.keyMapping        main.o
    0x080030b2   0x080030b2   0x00000002   PAD
    0x080030b4   0x080030b4   0x0000082c   Code   RO           86    i.keyRead           main.o
    0x080038e0   0x080038e0   0x00000088   Code   RO           87    i.keyboardMode      main.o
    0x08003968   0x08003968   0x000000b0   Code   RO           88    i.main              main.o
    0x08003a18   0x08003a18   0x00000060   Code   RO           89    i.mainMenuDisplayMode4  main.o
    0x08003a78   0x08003a78   0x0000006c   Code   RO          836    i.malloc            mc_w.l(malloc.o)
    0x08003ae4   0x08003ae4   0x0000002e   Code   RO           90    i.mapCursor         main.o
    0x08003b12   0x08003b12   0x00000002   PAD
    0x08003b14   0x08003b14   0x00000058   Code   RO           91    i.mark_CreateMarkFileConfig  main.o
    0x08003b6c   0x08003b6c   0x00000030   Code   RO           92    i.mark_RemoveArrayAtIndex  main.o
    0x08003b9c   0x08003b9c   0x00000080   Code   RO           93    i.mark_filterPageToArray  main.o
    0x08003c1c   0x08003c1c   0x0000002c   Code   RO           94    i.mark_findIndexForInsert  main.o
    0x08003c48   0x08003c48   0x00000028   Code   RO           95    i.mark_findIndexOfArray  main.o
    0x08003c70   0x08003c70   0x0000001c   Code   RO           96    i.mark_findListTotalInArray  main.o
    0x08003c8c   0x08003c8c   0x00000030   Code   RO           97    i.mark_getEndSign   main.o
    0x08003cbc   0x08003cbc   0x0000001c   Code   RO           98    i.mark_hasFileConfig  main.o
    0x08003cd8   0x08003cd8   0x0000000c   Code   RO           99    i.mark_init         main.o
    0x08003ce4   0x08003ce4   0x000000b0   Code   RO          100    i.mark_insertLine   main.o
    0x08003d94   0x08003d94   0x00000050   Code   RO          101    i.mark_insertMark   main.o
    0x08003de4   0x08003de4   0x00000070   Code   RO          103    i.mark_readFormROM  main.o
    0x08003e54   0x08003e54   0x0000005c   Code   RO          104    i.mark_searchName   main.o
    0x08003eb0   0x08003eb0   0x00000018   Code   RO          105    i.mark_sizeOfList   main.o
    0x08003ec8   0x08003ec8   0x00000038   Code   RO          106    i.mark_sortPageAndStore  main.o
    0x08003f00   0x08003f00   0x000000bc   Code   RO          107    i.mark_str_replace  main.o
    0x08003fbc   0x08003fbc   0x00000280   Code   RO          112    i.mode4             main.o
    0x0800423c   0x0800423c   0x00000056   Code   RO          114    i.notepad_append    main.o
    0x08004292   0x08004292   0x00000002   PAD
    0x08004294   0x08004294   0x00000034   Code   RO          115    i.notepad_checkEnterSignInLine  main.o
    0x080042c8   0x080042c8   0x00000038   Code   RO          116    i.notepad_checkMaxLine  main.o
    0x08004300   0x08004300   0x00000054   Code   RO          117    i.notepad_checkenterAndpush  main.o
    0x08004354   0x08004354   0x00000028   Code   RO          118    i.notepad_countEnterSign  main.o
    0x0800437c   0x0800437c   0x00000030   Code   RO          119    i.notepad_countLinewithOutLNsign  main.o
    0x080043ac   0x080043ac   0x00000016   Code   RO          120    i.notepad_countStr  main.o
    0x080043c2   0x080043c2   0x00000002   PAD
    0x080043c4   0x080043c4   0x000000b4   Code   RO          121    i.notepad_fillEnterSign  main.o
    0x08004478   0x08004478   0x00000010   Code   RO          122    i.notepad_getnullPostion  main.o
    0x08004488   0x08004488   0x00000034   Code   RO          123    i.notepad_lineIsEnter  main.o
    0x080044bc   0x080044bc   0x00000a1c   Code   RO          124    i.notepad_main      main.o
    0x08004ed8   0x08004ed8   0x000000a4   Code   RO          125    i.notepad_readKey   main.o
    0x08004f7c   0x08004f7c   0x0000001a   Code   RO          126    i.notepad_removeEnterSign  main.o
    0x08004f96   0x08004f96   0x00000002   PAD
    0x08004f98   0x08004f98   0x00000060   Code   RO          127    i.page_findNextPage  main.o
    0x08004ff8   0x08004ff8   0x000000bc   Code   RO          129    i.prepareEditor     main.o
    0x080050b4   0x080050b4   0x0000006c   Code   RO          133    i.printDot          main.o
    0x08005120   0x08005120   0x00000030   Code   RO          134    i.printStringInLine  main.o
    0x08005150   0x08005150   0x00000080   Code   RO          135    i.printStringLR     main.o
    0x080051d0   0x080051d0   0x0000006c   Code   RO          136    i.queryLine         main.o
    0x0800523c   0x0800523c   0x00000028   Code   RO          255    i.rdsr              spi_flash.o
    0x08005264   0x08005264   0x0000043c   Code   RO          138    i.readFileFromCH376sToFlashRom  main.o
    0x080056a0   0x080056a0   0x00000038   Code   RO          139    i.readSecter        main.o
    0x080056d8   0x080056d8   0x0000038c   Code   RO          140    i.readTextFileToMemmory  main.o
    0x08005a64   0x08005a64   0x00000068   Code   RO          141    i.readmode_countLineInOneSector  main.o
    0x08005acc   0x08005acc   0x0000001c   Code   RO          143    i.removeChar        main.o
    0x08005ae8   0x08005ae8   0x00000140   Code   RO          144    i.removeDataInFileTemp  main.o
    0x08005c28   0x08005c28   0x000002f4   Code   RO          145    i.saveName          main.o
    0x08005f1c   0x08005f1c   0x0000032c   Code   RO          147    i.searchFile2       main.o
    0x08006248   0x08006248   0x00000044   Code   RO          256    i.sect_clr          spi_flash.o
    0x0800628c   0x0800628c   0x00000020   Code   RO          148    i.sendCommandtoAtmega  main.o
    0x080062ac   0x080062ac   0x0000006c   Code   RO          149    i.sendUart          main.o
    0x08006318   0x08006318   0x00000014   Code   RO          150    i.sentdata_cell     main.o
    0x0800632c   0x0800632c   0x00000074   Code   RO          152    i.setFileLength     main.o
    0x080063a0   0x080063a0   0x0000002c   Code   RO          153    i.setFileWrite      main.o
    0x080063cc   0x080063cc   0x0000007c   Code   RO          154    i.setFilename       main.o
    0x08006448   0x08006448   0x00000030   Code   RO          155    i.setFoldername     main.o
    0x08006478   0x08006478   0x000008dc   Code   RO          157    i.slidText2Displayv2  main.o
    0x08006d54   0x08006d54   0x000000ec   Code   RO          159    i.stringToUnicodeAndSendToDisplay  main.o
    0x08006e40   0x08006e40   0x00000140   Code   RO          160    i.stringToUnicodeAndSendToDisplayC  main.o
    0x08006f80   0x08006f80   0x000000a0   Code   RO          162    i.subStringLanR     main.o
    0x08007020   0x08007020   0x00000050   Code   RO          163    i.substringRemoveEnter2  main.o
    0x08007070   0x08007070   0x0000003c   Code   RO          164    i.sumLineInPreviousSec  main.o
    0x080070ac   0x080070ac   0x00000034   Code   RO          165    i.sumLineInSector   main.o
    0x080070e0   0x080070e0   0x0000005c   Code   RO          166    i.testCell          main.o
    0x0800713c   0x0800713c   0x00000048   Code   RO          167    i.unicode_to_ASCII  main.o
    0x08007184   0x08007184   0x00000030   Code   RO          168    i.upperASCII        main.o
    0x080071b4   0x080071b4   0x0000004c   Code   RO          169    i.waitRespon        main.o
    0x08007200   0x08007200   0x00000024   Code   RO          258    i.wdis              spi_flash.o
    0x08007224   0x08007224   0x00000020   Code   RO          259    i.wen               spi_flash.o
    0x08007244   0x08007244   0x00000016   Code   RO          260    i.wip               spi_flash.o
    0x0800725a   0x0800725a   0x00000002   PAD
    0x0800725c   0x0800725c   0x000000c0   Code   RO          170    i.writeFile4096     main.o
    0x0800731c   0x0800731c   0x000000a8   Code   RO          172    i.writeFlash        main.o
    0x080073c4   0x080073c4   0x00000040   Code   RO          261    i.wsr               spi_flash.o
    0x08007404   0x08007404   0x0000004f   Data   RO          174    .constdata          main.o
    0x08007453   0x08007453   0x00000081   Data   RO          885    .constdata          mc_w.l(ctype_o.o)
    0x080074d4   0x080074d4   0x00000004   Data   RO          886    .constdata          mc_w.l(ctype_o.o)
    0x080074d8   0x080074d8   0x000000db   Data   RO          175    .conststring        main.o
    0x080075b3   0x080075b3   0x00000001   PAD
    0x080075b4   0x080075b4   0x00000020   Data   RO          902    Region$$Table       anon$$obj.o


    Execution Region RW_IRAM1 (Exec base: 0x20000000, Load base: 0x080075d4, Size: 0x000064c0, Max: 0x0000c000, ABSOLUTE, COMPRESSED[0x000001a4])

    Exec Addr    Load Addr    Size         Type   Attr      Idx    E Section Name        Object

    0x20000000   COMPRESSED   0x00000306   Data   RW          176    .data               main.o
    0x20000306   COMPRESSED   0x00000005   Data   RW          194    .data               systick.o
    0x2000030b   COMPRESSED   0x00000014   Data   RW          296    .data               stm32f10x_rcc.o
    0x2000031f   COMPRESSED   0x00000001   PAD
    0x20000320   COMPRESSED   0x00000004   Data   RW          864    .data               mc_w.l(stdout.o)
    0x20000324   COMPRESSED   0x00000004   Data   RW          867    .data               mc_w.l(mvars.o)
    0x20000328   COMPRESSED   0x00000004   Data   RW          868    .data               mc_w.l(mvars.o)
    0x2000032c   COMPRESSED   0x00000004   Data   RW          872    .data               mc_w.l(errno.o)
    0x20000330        -       0x00003b8e   Zero   RW          173    .bss                main.o
    0x20003ebe        -       0x00002000   Zero   RW          262    .bss                spi_flash.o
    0x20005ebe   COMPRESSED   0x00000002   PAD
    0x20005ec0        -       0x00000200   Zero   RW          687    HEAP                startup_stm32f10x_hd.o
    0x200060c0        -       0x00000400   Zero   RW          686    STACK               startup_stm32f10x_hd.o


==============================================================================

Image component sizes


      Code (inc. data)   RO Data    RW Data    ZI Data      Debug   Object Name

     25100       4986        298        774      15246          0   main.o
        40          0          0          0          0          0   misc.o
       584         44          0          0       8192          0   spi_flash.o
        36          8        304          0       1536          0   startup_stm32f10x_hd.o
       286          0          0          0          0          0   stm32f10x_gpio.o
        26          0          0          0          0          0   stm32f10x_it.o
       276         32          0         20          0          0   stm32f10x_rcc.o
       118          0          0          0          0          0   stm32f10x_spi.o
       146          0          0          0          0          0   stm32f10x_systick.o
       460          6          0          0          0          0   stm32f10x_usart.o
       328         28          0          0          0          0   system_stm32f10x.o
       152         24          0          5          0          0   systick.o

    ----------------------------------------------------------------------
     27580       5128        635        800      24976          0   Object Totals
         0          0         32          0          0          0   (incl. Generated)
        28          0          1          1          2          0   (incl. Padding)

    ----------------------------------------------------------------------

      Code (inc. data)   RO Data    RW Data    ZI Data      Debug   Library Member Name

        86          0          0          0          0          0   __dczerorl2.o
        28          0          0          0          0          0   _chval.o
       158          0          0          0          0          0   _strtoul.o
        26          0          0          0          0          0   atoi.o
         8          4        133          0          0          0   ctype_o.o
         0          0          0          0          0          0   entry.o
         0          0          0          0          0          0   entry10a.o
         0          0          0          0          0          0   entry11a.o
         8          4          0          0          0          0   entry2.o
         4          0          0          0          0          0   entry5.o
         0          0          0          0          0          0   entry7b.o
         0          0          0          0          0          0   entry8b.o
         8          4          0          0          0          0   entry9a.o
         8          4          0          4          0          0   errno.o
        30          0          0          0          0          0   handlers.o
        36          8          0          0          0          0   init.o
        30          0          0          0          0          0   llshl.o
        32          0          0          0          0          0   llushr.o
       108         16          0          0          0          0   malloc.o
        64          0          0          0          0          0   memmovea.o
        36          0          0          0          0          0   memseta.o
         0          0          0          8          0          0   mvars.o
       786         62          0          0          0          0   printf5.o
         0          0          0          4          0          0   stdout.o
        24          0          0          0          0          0   strcat.o
        28          0          0          0          0          0   strcmp.o
        18          0          0          0          0          0   strcpy.o
        14          0          0          0          0          0   strlen.o
        24          0          0          0          0          0   strncpy.o
        36          0          0          0          0          0   strstr.o
       112          0          0          0          0          0   strtol.o
        98          0          0          0          0          0   uldiv.o

    ----------------------------------------------------------------------
      1816        102        133         16          0          0   Library Totals
         6          0          0          0          0          0   (incl. Padding)

    ----------------------------------------------------------------------

      Code (inc. data)   RO Data    RW Data    ZI Data      Debug   Library Name

      1810        102        133         16          0          0   mc_w.l

    ----------------------------------------------------------------------
      1816        102        133         16          0          0   Library Totals

    ----------------------------------------------------------------------

==============================================================================


      Code (inc. data)   RO Data    RW Data    ZI Data      Debug   

     29396       5230        768        816      24976          0   Grand Totals
     29396       5230        768        420      24976          0   ELF Image Totals (compressed)
     29396       5230        768        420          0          0   ROM Totals

==============================================================================

    Total RO  Size (Code + RO Data)                30164 (  29.46kB)
    Total RW  Size (RW Data + ZI Data)             25792 (  25.19kB)
    Total ROM Size (Code + RO Data + RW Data)      30584 (  29.87kB)

==============================================================================

