<html>
<body>
<pre>
<h1>�Vision Build Log</h1>
<h2>Tool Versions:</h2>
IDE-Version: ?Vision V5.25.2.0
Copyright (C) 2018 ARM Ltd and ARM Germany GmbH. All rights reserved.
License Information: - -, -, LIC=----
 
Tool Versions:
Toolchain:       MDK-Lite  Version: 5.25.2.0
Toolchain Path:  C:\Keil_v5\ARM\ARMCC\Bin
C Compiler:      Armcc.exe V5.06 update 6 (build 750)
Assembler:       Armasm.exe V5.06 update 6 (build 750)
Linker/Locator:  ArmLink.exe V5.06 update 6 (build 750)
Library Manager: ArmAr.exe V5.06 update 6 (build 750)
Hex Converter:   FromElf.exe V5.06 update 6 (build 750)
CPU DLL:         SARMCM3.DLL V5.25.2.0
Dialog DLL:      DARMSTM.DLL V1.68.0.0
Target DLL:      UL2CM3.DLL V1.160.12.0
Dialog DLL:      TARMSTM.DLL V1.66.0.0
 
<h2>Project:</h2>
D:\backup desktop2\HY-smart stm32\HY-Smart 2012.2.25\ADC+USART\ADC+DMA\MDK-ARM\Project.uvproj
Project File Date:  05/07/2019

<h2>Output:</h2>
*** Using Compiler 'V5.06 update 6 (build 750)', folder: 'C:\Keil_v5\ARM\ARMCC\Bin'
Build target 'Multi Media Development Board V1.0'
compiling main.c...
..\MDK-ARM\keyCode.h(6): warning:  #1-D: last line of file ends without a newline
  #endif
..\USER\main.c(516): warning:  #1295-D: Deprecated declaration sizeOfList - give arg types
  int sizeOfList();
..\USER\main.c(616): warning:  #167-D: argument of type "unsigned char *" is incompatible with parameter of type "const char *"
      if (strlen(SST25_buffer) != 4096)
..\USER\main.c(634): warning:  #167-D: argument of type "unsigned char *" is incompatible with parameter of type "char *"
    notepad_append(SST25_buffer, "a", 35);
..\USER\main.c(639): warning:  #167-D: argument of type "unsigned char *" is incompatible with parameter of type "char *"
    notepad_append(SST25_buffer, shiftChar, 0);
..\USER\main.c(646): warning:  #1295-D: Deprecated declaration MainPrograme - give arg types
  void MainPrograme();
..\USER\main.c(649): warning:  #1295-D: Deprecated declaration page_findNextPage - give arg types
  uint16_t page_findNextPage();
..\USER\main.c(650): warning:  #1295-D: Deprecated declaration page_getCurrentPage - give arg types
  uint16_t page_getCurrentPage();
..\USER\main.c(651): warning:  #1295-D: Deprecated declaration sumLineInPreviousSec - give arg types
  int sumLineInPreviousSec();
..\USER\main.c(734): warning:  #177-D: variable "fileName_"  was declared but never referenced
    char *fileName_ = "data.dat";
..\USER\main.c(797): warning:  #1295-D: Deprecated declaration CH376Init - give arg types
  uint8_t CH376Init();
..\USER\main.c(798): warning:  #1295-D: Deprecated declaration CH376_SetReadForm_SD - give arg types
  uint8_t CH376_SetReadForm_SD();
..\USER\main.c(799): warning:  #1295-D: Deprecated declaration CH376_Disk_Connect - give arg types
  uint8_t CH376_Disk_Connect();
..\USER\main.c(800): warning:  #1295-D: Deprecated declaration CH376_UsbDiskMount - give arg types
  uint8_t CH376_UsbDiskMount();
..\USER\main.c(801): warning:  #1295-D: Deprecated declaration CH376_FileOpen - give arg types
  uint8_t CH376_FileOpen();
..\USER\main.c(802): warning:  #1295-D: Deprecated declaration CH376_FileClose - give arg types
  uint8_t CH376_FileClose();
..\USER\main.c(807): warning:  #1295-D: Deprecated declaration CH376_GetFileSize - give arg types
  int CH376_GetFileSize();
..\USER\main.c(813): warning:  #1295-D: Deprecated declaration testGetFileSize - give arg types
  void testGetFileSize();
..\USER\main.c(894): warning:  #167-D: argument of type "unsigned char *" is incompatible with parameter of type "const char *"
    ptr = (int *)strstr(SST25_buffer, filename);
..\USER\main.c(910): warning:  #167-D: argument of type "unsigned char *" is incompatible with parameter of type "const char *"
      range = strlen(SST25_buffer);
..\USER\main.c(916): warning:  #167-D: argument of type "unsigned char *" is incompatible with parameter of type "char *restrict"
        strcpy(SST25_buffer, fileTemp);
..\USER\main.c(921): warning:  #167-D: argument of type "unsigned char *" is incompatible with parameter of type "char *restrict"
        strcat(SST25_buffer, fileTemp);
..\USER\main.c(955): warning:  #1293-D: assignment in condition
    for (count = 0; tmp = strstr(ins, rep); ++count)
..\USER\main.c(987): warning:  #167-D: argument of type "unsigned char *" is incompatible with parameter of type "const char *"
    ptr = strstr(SST25_buffer, fileName);
..\USER\main.c(992): warning:  #42-D: operand types are incompatible ("char *" and "unsigned char *")
      startPos = ptr - SST25_buffer; // find start index
..\USER\main.c(992): warning:  #993-D: subtraction of pointer types "char *" and "unsigned char *" is nonstandard
      startPos = ptr - SST25_buffer; // find start index
..\USER\main.c(1001): warning:  #167-D: argument of type "unsigned char *" is incompatible with parameter of type "const char *restrict"
      strncpy(data_temp, SST25_buffer + start2, EndPos - start2);
..\USER\main.c(984): warning:  #177-D: variable "pos"  was declared but never referenced
    int pos;
..\USER\main.c(1018): warning:  #167-D: argument of type "unsigned char *" is incompatible with parameter of type "const char *"
    DataSize = strlen(SST25_buffer);
..\USER\main.c(1164): warning:  #167-D: argument of type "unsigned char *" is incompatible with parameter of type "char *"
        strcpy(data2, str_replace(SST25_buffer, data_temp, temp__));
..\USER\main.c(1168): warning:  #167-D: argument of type "unsigned char *" is incompatible with parameter of type "char *restrict"
        strcpy(SST25_buffer, data2);
..\USER\main.c(1634): warning:  #223-D: function "findCurrentPageInArr" declared implicitly
    int compareInLine = findCurrentPageInArr();
..\USER\main.c(1636): warning:  #177-D: variable "ccg"  was declared but never referenced
    int ccg = 0;
..\USER\main.c(1659): warning:  #177-D: variable "cnc"  was declared but never referenced
    int cnc = 0;
..\USER\main.c(1994): warning:  #68-D: integer conversion resulted in a change of sign
          Line = -1;
..\USER\main.c(2070): warning:  #68-D: integer conversion resulted in a change of sign
    if (Line == -1)
..\USER\main.c(2279): warning:  #167-D: argument of type "unsigned char *" is incompatible with parameter of type "const char *"
    length__ = strlen(SST25_buffer);
..\USER\main.c(2606): warning:  #167-D: argument of type "unsigned char *" is incompatible with parameter of type "char *"
      read.lineInsector[i] = readmode_countLineInOneSector(SST25_buffer, i); // เก็บบรรทัดที่นับได้จาก ROM
..\USER\main.c(3058): warning:  #186-D: pointless comparison of unsigned integer with zero
            while (Notepad.buffer_string[Notepad.currentLine][Notepad.cursorPosition] == enterSign && Notepad.cursorPosition >= 0)
..\USER\main.c(4542): warning:  #9-D: nested comment is not allowed
  //////////////////////////////////////////////////////////////////////////////*/
..\USER\main.c(4623): warning:  #9-D: nested comment is not allowed
  //////////////////////////////////////////////////////////////////////////////*/
..\USER\main.c(4640): warning:  #167-D: argument of type "unsigned char *" is incompatible with parameter of type "char *"
    writeFile4096(fname, SST25_buffer);
..\USER\main.c(4655): warning:  #167-D: argument of type "unsigned char *" is incompatible with parameter of type "char *restrict"
      strcat(SST25_buffer, buffer_afterRemove);
..\USER\main.c(4656): warning:  #167-D: argument of type "unsigned char *" is incompatible with parameter of type "char *restrict"
      strcat(SST25_buffer, "\r\n"); // ใส่ \r\n
..\USER\main.c(5395): warning:  #9-D: nested comment is not allowed
  //////////////////////////////////////////////////////////////////////////////////*/
..\USER\main.c(5544): warning:  #1166-D: returning pointer to local variable
    return DataForWrite_aftersort;
..\USER\main.c: 46 warnings, 0 errors
linking...
Program Size: Code=7688 RO-data=472 RW-data=796 ZI-data=24980  
FromELF: creating hex file...
".\Obj\Project.axf" - 0 Error(s), 46 Warning(s).
Build Time Elapsed:  00:00:01
</pre>
</body>
</html>
